Component: ARM Compiler 5.06 update 6 (build 750) Tool: armlink [4d35ed]

==============================================================================

Section Cross References

    os_cfg_app.o(.constdata) refers to os_cfg_app.o(.bss) for OSCfg_IdleTaskStk
    os_core.o(i.OSInit) refers to os_cpu_c.o(i.OSInitHook) for OSInitHook
    os_core.o(i.OSInit) refers to os_prio.o(i.OS_PrioInit) for OS_PrioInit
    os_core.o(i.OSInit) refers to os_core.o(i.OS_RdyListInit) for OS_RdyListInit
    os_core.o(i.OSInit) refers to os_flag.o(i.OS_FlagInit) for OS_FlagInit
    os_core.o(i.OSInit) refers to os_sem.o(i.OS_SemInit) for OS_SemInit
    os_core.o(i.OSInit) refers to os_task.o(i.OS_TaskInit) for OS_TaskInit
    os_core.o(i.OSInit) refers to os_core.o(i.OS_IdleTaskInit) for OS_IdleTaskInit
    os_core.o(i.OSInit) refers to os_tick.o(i.OS_TickTaskInit) for OS_TickTaskInit
    os_core.o(i.OSInit) refers to os_cfg_app.o(i.OSCfg_Init) for OSCfg_Init
    os_core.o(i.OSInit) refers to os_var.o(.data) for OSIntNestingCtr
    os_core.o(i.OSInit) refers to os_cfg_app.o(.constdata) for OSCfg_ISRStkSize
    os_core.o(i.OSIntEnter) refers to os_var.o(.data) for OSRunning
    os_core.o(i.OSIntExit) refers to cpu_a.o(.text) for CPU_SR_Save
    os_core.o(i.OSIntExit) refers to os_prio.o(i.OS_PrioGetHighest) for OS_PrioGetHighest
    os_core.o(i.OSIntExit) refers to os_cpu_a.o(CODE) for OSIntCtxSw
    os_core.o(i.OSIntExit) refers to os_var.o(.data) for OSRunning
    os_core.o(i.OSIntExit) refers to os_var.o(.bss) for OSRdyList
    os_core.o(i.OSSched) refers to cpu_a.o(.text) for CPU_SR_Save
    os_core.o(i.OSSched) refers to os_prio.o(i.OS_PrioGetHighest) for OS_PrioGetHighest
    os_core.o(i.OSSched) refers to os_cpu_a.o(CODE) for OSCtxSw
    os_core.o(i.OSSched) refers to os_var.o(.data) for OSIntNestingCtr
    os_core.o(i.OSSched) refers to os_var.o(.bss) for OSRdyList
    os_core.o(i.OSSchedLock) refers to cpu_a.o(.text) for CPU_SR_Save
    os_core.o(i.OSSchedLock) refers to cpu_core.o(i.CPU_IntDisMeasStart) for CPU_IntDisMeasStart
    os_core.o(i.OSSchedLock) refers to os_core.o(i.OS_SchedLockTimeMeasStart) for OS_SchedLockTimeMeasStart
    os_core.o(i.OSSchedLock) refers to cpu_core.o(i.CPU_IntDisMeasStop) for CPU_IntDisMeasStop
    os_core.o(i.OSSchedLock) refers to os_var.o(.data) for OSIntNestingCtr
    os_core.o(i.OSSchedUnlock) refers to cpu_a.o(.text) for CPU_SR_Save
    os_core.o(i.OSSchedUnlock) refers to cpu_core.o(i.CPU_IntDisMeasStart) for CPU_IntDisMeasStart
    os_core.o(i.OSSchedUnlock) refers to cpu_core.o(i.CPU_IntDisMeasStop) for CPU_IntDisMeasStop
    os_core.o(i.OSSchedUnlock) refers to os_core.o(i.OS_SchedLockTimeMeasStop) for OS_SchedLockTimeMeasStop
    os_core.o(i.OSSchedUnlock) refers to os_core.o(i.OSSched) for OSSched
    os_core.o(i.OSSchedUnlock) refers to os_var.o(.data) for OSIntNestingCtr
    os_core.o(i.OSStart) refers to os_prio.o(i.OS_PrioGetHighest) for OS_PrioGetHighest
    os_core.o(i.OSStart) refers to os_cpu_a.o(CODE) for OSStartHighRdy
    os_core.o(i.OSStart) refers to os_var.o(.data) for OSRunning
    os_core.o(i.OSStart) refers to os_var.o(.bss) for OSRdyList
    os_core.o(i.OS_IdleTask) refers to cpu_a.o(.text) for CPU_SR_Save
    os_core.o(i.OS_IdleTask) refers to cpu_core.o(i.CPU_IntDisMeasStart) for CPU_IntDisMeasStart
    os_core.o(i.OS_IdleTask) refers to cpu_core.o(i.CPU_IntDisMeasStop) for CPU_IntDisMeasStop
    os_core.o(i.OS_IdleTask) refers to os_cpu_c.o(i.OSIdleTaskHook) for OSIdleTaskHook
    os_core.o(i.OS_IdleTask) refers to os_var.o(.data) for OSIdleTaskCtr
    os_core.o(i.OS_IdleTaskInit) refers to os_task.o(i.OSTaskCreate) for OSTaskCreate
    os_core.o(i.OS_IdleTaskInit) refers to os_var.o(.data) for OSIdleTaskCtr
    os_core.o(i.OS_IdleTaskInit) refers to os_cfg_app.o(.constdata) for OSCfg_IdleTaskStkSize
    os_core.o(i.OS_IdleTaskInit) refers to os_core.o(i.OS_IdleTask) for OS_IdleTask
    os_core.o(i.OS_IdleTaskInit) refers to os_var.o(.bss) for OSIdleTaskTCB
    os_core.o(i.OS_Pend) refers to os_core.o(i.OS_TaskBlock) for OS_TaskBlock
    os_core.o(i.OS_Pend) refers to os_core.o(i.OS_PendDataInit) for OS_PendDataInit
    os_core.o(i.OS_Pend) refers to os_core.o(i.OS_PendListInsertPrio) for OS_PendListInsertPrio
    os_core.o(i.OS_Pend) refers to os_var.o(.data) for OSTCBCurPtr
    os_core.o(i.OS_PendAbort) refers to os_core.o(i.OS_PendAbort1) for OS_PendAbort1
    os_core.o(i.OS_PendAbort) refers to os_core.o(i.OS_PendListRemove) for OS_PendListRemove
    os_core.o(i.OS_PendAbort) refers to os_tick.o(i.OS_TickListRemove) for OS_TickListRemove
    os_core.o(i.OS_PendAbort) refers to os_core.o(i.OS_RdyListInsert) for OS_RdyListInsert
    os_core.o(i.OS_PendListChangePrio) refers to os_core.o(i.OS_PendListRemove1) for OS_PendListRemove1
    os_core.o(i.OS_PendListChangePrio) refers to os_core.o(i.OS_PendListInsertPrio) for OS_PendListInsertPrio
    os_core.o(i.OS_PendListRemove) refers to os_core.o(i.OS_PendListRemove1) for OS_PendListRemove1
[...]
    OSSched                                  0x08007f49   Thumb Code   126  os_core.o(i.OSSched)
    OSStart                                  0x08007fe5   Thumb Code    78  os_core.o(i.OSStart)
    OSTaskCreate                             0x0800804d   Thumb Code   368  os_task.o(i.OSTaskCreate)
    OSTaskCreateHook                         0x080081d1   Thumb Code    20  os_cpu_c.o(i.OSTaskCreateHook)
    OSTaskDel                                0x080081e9   Thumb Code   284  os_task.o(i.OSTaskDel)
    OSTaskDelHook                            0x08008315   Thumb Code    20  os_cpu_c.o(i.OSTaskDelHook)
    OSTaskReturnHook                         0x0800832d   Thumb Code    20  os_cpu_c.o(i.OSTaskReturnHook)
    OSTaskSemPend                            0x08008345   Thumb Code   472  os_task.o(i.OSTaskSemPend)
    OSTaskSemPost                            0x08008529   Thumb Code    62  os_task.o(i.OSTaskSemPost)
    OSTaskStkInit                            0x08008569   Thumb Code   192  os_cpu_c.o(i.OSTaskStkInit)
    OSTaskSwHook                             0x0800862d   Thumb Code   126  os_cpu_c.o(i.OSTaskSwHook)
    OSTimeDly                                0x080086bd   Thumb Code   184  os_time.o(i.OSTimeDly)
    OSTimeTick                               0x08008781   Thumb Code    18  os_time.o(i.OSTimeTick)
    OSTimeTickHook                           0x08008799   Thumb Code    16  os_cpu_c.o(i.OSTimeTickHook)
    OS_CPU_SysTickHandler                    0x080087ad   Thumb Code    60  os_cpu_c.o(i.OS_CPU_SysTickHandler)
    OS_CPU_SysTickInit                       0x080087ed   Thumb Code    44  os_cpu_c.o(i.OS_CPU_SysTickInit)
    OS_FlagBlock                             0x0800881d   Thumb Code    54  os_flag.o(i.OS_FlagBlock)
    OS_FlagInit                              0x08008859   Thumb Code    10  os_flag.o(i.OS_FlagInit)
    OS_FlagPost                              0x08008869   Thumb Code   370  os_flag.o(i.OS_FlagPost)
    OS_FlagTaskRdy                           0x080089db   Thumb Code   100  os_flag.o(i.OS_FlagTaskRdy)
    OS_IdleTask                              0x08008a41   Thumb Code    56  os_core.o(i.OS_IdleTask)
    OS_IdleTaskInit                          0x08008a7d   Thumb Code    66  os_core.o(i.OS_IdleTaskInit)
    OS_Pend                                  0x08008aed   Thumb Code    88  os_core.o(i.OS_Pend)
    OS_PendDataInit                          0x08008b49   Thumb Code    38  os_core.o(i.OS_PendDataInit)
    OS_PendListInit                          0x08008b6f   Thumb Code    10  os_core.o(i.OS_PendListInit)
    OS_PendListInsertPrio                    0x08008b79   Thumb Code   102  os_core.o(i.OS_PendListInsertPrio)
    OS_PendListRemove                        0x08008bdf   Thumb Code    48  os_core.o(i.OS_PendListRemove)
    OS_PendListRemove1                       0x08008c0f   Thumb Code    66  os_core.o(i.OS_PendListRemove1)
    OS_Post                                  0x08008c51   Thumb Code   186  os_core.o(i.OS_Post)
    OS_Post1                                 0x08008d0b   Thumb Code    42  os_core.o(i.OS_Post1)
    OS_PrioGetHighest                        0x08008d35   Thumb Code    36  os_prio.o(i.OS_PrioGetHighest)
    OS_PrioInit                              0x08008d5d   Thumb Code    20  os_prio.o(i.OS_PrioInit)
    OS_PrioInsert                            0x08008d75   Thumb Code    32  os_prio.o(i.OS_PrioInsert)
    OS_PrioRemove                            0x08008d99   Thumb Code    32  os_prio.o(i.OS_PrioRemove)
    OS_RdyListInit                           0x08008dbd   Thumb Code    32  os_core.o(i.OS_RdyListInit)
    OS_RdyListInsert                         0x08008de1   Thumb Code    40  os_core.o(i.OS_RdyListInsert)
    OS_RdyListInsertHead                     0x08008e0d   Thumb Code    58  os_core.o(i.OS_RdyListInsertHead)
    OS_RdyListInsertTail                     0x08008e4d   Thumb Code    56  os_core.o(i.OS_RdyListInsertTail)
    OS_RdyListRemove                         0x08008e89   Thumb Code    86  os_core.o(i.OS_RdyListRemove)
    OS_SemInit                               0x08008ee5   Thumb Code    10  os_sem.o(i.OS_SemInit)
    OS_TaskBlock                             0x08008ef5   Thumb Code    40  os_core.o(i.OS_TaskBlock)
    OS_TaskInit                              0x08008f21   Thumb Code    14  os_task.o(i.OS_TaskInit)
    OS_TaskInitTCB                           0x08008f39   Thumb Code   112  os_task.o(i.OS_TaskInitTCB)
    OS_TaskReturn                            0x08008fa9   Thumb Code    20  os_task.o(i.OS_TaskReturn)
    OS_TaskSemPost                           0x08008fc1   Thumb Code   492  os_task.o(i.OS_TaskSemPost)
    OS_TickListInsert                        0x080091b1   Thumb Code   114  os_tick.o(i.OS_TickListInsert)
    OS_TickListInsertDly                     0x08009225   Thumb Code   180  os_tick.o(i.OS_TickListInsertDly)
    OS_TickListRemove                        0x080092e1   Thumb Code    72  os_tick.o(i.OS_TickListRemove)
    OS_TickTask                              0x0800946d   Thumb Code   106  os_tick.o(i.OS_TickTask)
    OS_TickTaskInit                          0x080094e5   Thumb Code   128  os_tick.o(i.OS_TickTaskInit)
    OpenPVPower                              0x080095a1   Thumb Code    14  pvpower.o(i.OpenPVPower)
    PVPowerInit                              0x080095b5   Thumb Code    50  pvpower.o(i.PVPowerInit)
    PWR_BackupAccessCmd                      0x080095ed   Thumb Code     6  stm32f10x_pwr.o(i.PWR_BackupAccessCmd)
    ParaInit                                 0x080095f9   Thumb Code    12  init.o(i.ParaInit)
    PowerInit                                0x08009791   Thumb Code    40  powermanagement.o(i.PowerInit)
    PowerMangement                           0x080097dd   Thumb Code   642  powermanagement.o(i.PowerMangement)
    ProtocolAnalysis                         0x08009a7d   Thumb Code  1044  protocolanalysis.o(i.ProtocolAnalysis)
    ProtocolInit                             0x08009e9d   Thumb Code    28  protocolanalysis.o(i.ProtocolInit)
    RCC_ADCCLKConfig                         0x08009fa1   Thumb Code    18  stm32f10x_rcc.o(i.RCC_ADCCLKConfig)
    RCC_AHBPeriphClockCmd                    0x08009fb9   Thumb Code    26  stm32f10x_rcc.o(i.RCC_AHBPeriphClockCmd)
    RCC_APB1PeriphClockCmd                   0x08009fd9   Thumb Code    26  stm32f10x_rcc.o(i.RCC_APB1PeriphClockCmd)
    RCC_APB2PeriphClockCmd                   0x08009ff9   Thumb Code    26  stm32f10x_rcc.o(i.RCC_APB2PeriphClockCmd)
    RCC_GetClocksFreq                        0x0800a019   Thumb Code   192  stm32f10x_rcc.o(i.RCC_GetClocksFreq)
    RCC_GetFlagStatus                        0x0800a0ed   Thumb Code    56  stm32f10x_rcc.o(i.RCC_GetFlagStatus)
    RCC_LSICmd                               0x0800a129   Thumb Code     6  stm32f10x_rcc.o(i.RCC_LSICmd)
    RTCInit                                  0x0800a28d   Thumb Code    60  rtc.o(i.RTCInit)
    ReadConfigParaFromFlash                  0x0800b215   Thumb Code    50  flashstoragehal.o(i.ReadConfigParaFromFlash)
    ReadWorkModeFromFlash                    0x0800b2c1   Thumb Code    54  flashstoragehal.o(i.ReadWorkModeFromFlash)
    SPI_CalculateCRC                         0x0800b3ad   Thumb Code    24  stm32f10x_spi.o(i.SPI_CalculateCRC)
    SPI_Cmd                                  0x0800b3c5   Thumb Code    24  stm32f10x_spi.o(i.SPI_Cmd)
    SPI_I2S_GetFlagStatus                    0x0800b3dd   Thumb Code    18  stm32f10x_spi.o(i.SPI_I2S_GetFlagStatus)
    SPI_Init                                 0x0800b3ef   Thumb Code    60  stm32f10x_spi.o(i.SPI_Init)
    SetTime                                  0x0800b5c5   Thumb Code   452  rtc.o(i.SetTime)
    SystemInit                               0x0800b78d   Thumb Code    76  system_stm32f10x.o(i.SystemInit)
    TIM3_IRQHandler                          0x0800b85d   Thumb Code   456  motorcontrol.o(i.TIM3_IRQHandler)
    TIM_ARRPreloadConfig                     0x0800ba79   Thumb Code    24  stm32f10x_tim.o(i.TIM_ARRPreloadConfig)
    TIM_ClearITPendingBit                    0x0800ba91   Thumb Code     6  stm32f10x_tim.o(i.TIM_ClearITPendingBit)
    TIM_Cmd                                  0x0800ba97   Thumb Code    24  stm32f10x_tim.o(i.TIM_Cmd)
    TIM_GetITStatus                          0x0800baaf   Thumb Code    34  stm32f10x_tim.o(i.TIM_GetITStatus)
    TIM_ITConfig                             0x0800bad1   Thumb Code    18  stm32f10x_tim.o(i.TIM_ITConfig)
    TIM_SetAutoreload                        0x0800bae3   Thumb Code     4  stm32f10x_tim.o(i.TIM_SetAutoreload)
    TIM_SetCompare1                          0x0800bae7   Thumb Code     4  stm32f10x_tim.o(i.TIM_SetCompare1)
    TIM_TimeBaseInit                         0x0800baed   Thumb Code   122  stm32f10x_tim.o(i.TIM_TimeBaseInit)
    TMPSensorInit                            0x0800bba5   Thumb Code    40  tmpsensor.o(i.TMPSensorInit)
    UART4_IRQHandler                         0x0800bd89   Thumb Code   186  modbusframehal.o(i.UART4_IRQHandler)
    USART_ClearITPendingBit                  0x0800be51   Thumb Code    30  stm32f10x_usart.o(i.USART_ClearITPendingBit)
    USART_Cmd                                0x0800be6f   Thumb Code    24  stm32f10x_usart.o(i.USART_Cmd)
    USART_DMACmd                             0x0800be87   Thumb Code    18  stm32f10x_usart.o(i.USART_DMACmd)
    USART_GetITStatus                        0x0800be99   Thumb Code    84  stm32f10x_usart.o(i.USART_GetITStatus)
    USART_ITConfig                           0x0800beed   Thumb Code    74  stm32f10x_usart.o(i.USART_ITConfig)
    USART_Init                               0x0800bf39   Thumb Code   210  stm32f10x_usart.o(i.USART_Init)
    WorkModeInit                             0x0800c0e9   Thumb Code    14  workmodemanager.o(i.WorkModeInit)
    WorkModeMg                               0x0800c109   Thumb Code    10  workmodemanager.o(i.WorkModeMg)
    WriteConfigParaToFlash                   0x0800c149   Thumb Code    86  flashstoragehal.o(i.WriteConfigParaToFlash)
    WriteIAPFlagToFlash                      0x0800c1a5   Thumb Code    60  flashstoragehal.o(i.WriteIAPFlagToFlash)
    WriteNewSystemToFlash                    0x0800c1e5   Thumb Code    64  flashstoragehal.o(i.WriteNewSystemToFlash)
    WriteWorkModeToFlash                     0x0800c299   Thumb Code   132  flashstoragehal.o(i.WriteWorkModeToFlash)
    __ARM_fpclassifyf                        0x0800c325   Thumb Code    38  fpclassifyf.o(i.__ARM_fpclassifyf)
    __mathlib_flt_infnan                     0x0800c34b   Thumb Code     6  funder.o(i.__mathlib_flt_infnan)
    __mathlib_flt_infnan2                    0x0800c351   Thumb Code     4  funder.o(i.__mathlib_flt_infnan2)
    __mathlib_flt_invalid                    0x0800c355   Thumb Code     8  funder.o(i.__mathlib_flt_invalid)
    __mathlib_flt_underflow                  0x0800c35d   Thumb Code    10  funder.o(i.__mathlib_flt_underflow)
    __mathlib_rredf2                         0x0800c369   Thumb Code   344  rredf.o(i.__mathlib_rredf2)
    acosf                                    0x0800c4d1   Thumb Code   242  acosf.o(i.acosf)
    asinf                                    0x0800c5ed   Thumb Code   254  asinf.o(i.asinf)
    atan2f                                   0x0800c711   Thumb Code   528  atan2f.o(i.atan2f)
    cosf                                     0x0800c96d   Thumb Code   328  cosf.o(i.cosf)
    main                                     0x0800cae9   Thumb Code   592  main.o(i.main)
    rint                                     0x0800ce99   Thumb Code     4  rint.o(i.rint)
    sinf                                     0x0800ce9d   Thumb Code   338  sinf.o(i.sinf)
    sqrtf                                    0x0800d025   Thumb Code    44  sqrtf.o(i.sqrtf)
    tanf                                     0x0800d051   Thumb Code   314  tanf.o(i.tanf)
    __aeabi_d2f                              0x0800d1c5   Thumb Code     0  d2f.o(x$fpl$d2f)
    _d2f                                     0x0800d1c5   Thumb Code    98  d2f.o(x$fpl$d2f)
    __aeabi_dadd                             0x0800d229   Thumb Code     0  daddsub_clz.o(x$fpl$dadd)
    _dadd                                    0x0800d229   Thumb Code   332  daddsub_clz.o(x$fpl$dadd)
    __fpl_dcmp_Inf                           0x0800d379   Thumb Code    24  dcmpi.o(x$fpl$dcmpinf)
    __aeabi_ddiv                             0x0800d391   Thumb Code     0  ddiv.o(x$fpl$ddiv)
    _ddiv                                    0x0800d391   Thumb Code   552  ddiv.o(x$fpl$ddiv)
    __aeabi_cdcmpeq                          0x0800d641   Thumb Code     0  deqf.o(x$fpl$deqf)
    _dcmpeq                                  0x0800d641   Thumb Code   120  deqf.o(x$fpl$deqf)
    __aeabi_d2iz                             0x0800d6b9   Thumb Code     0  dfix.o(x$fpl$dfix)
    _dfix                                    0x0800d6b9   Thumb Code    94  dfix.o(x$fpl$dfix)
    __aeabi_d2uiz                            0x0800d719   Thumb Code     0  dfixu.o(x$fpl$dfixu)
    _dfixu                                   0x0800d719   Thumb Code    90  dfixu.o(x$fpl$dfixu)
    __aeabi_i2d                              0x0800d773   Thumb Code     0  dflt_clz.o(x$fpl$dflt)
    _dflt                                    0x0800d773   Thumb Code    46  dflt_clz.o(x$fpl$dflt)
    __aeabi_ui2d                             0x0800d7a1   Thumb Code     0  dflt_clz.o(x$fpl$dfltu)
    _dfltu                                   0x0800d7a1   Thumb Code    38  dflt_clz.o(x$fpl$dfltu)
    __aeabi_cdcmple                          0x0800d7c9   Thumb Code     0  dleqf.o(x$fpl$dleqf)
    _dcmple                                  0x0800d7c9   Thumb Code   120  dleqf.o(x$fpl$dleqf)
    __fpl_dcmple_InfNaN                      0x0800d82b   Thumb Code     0  dleqf.o(x$fpl$dleqf)
    __aeabi_dmul                             0x0800d841   Thumb Code     0  dmul.o(x$fpl$dmul)
    _dmul                                    0x0800d841   Thumb Code   332  dmul.o(x$fpl$dmul)
    __fpl_dnaninf                            0x0800d995   Thumb Code   156  dnaninf.o(x$fpl$dnaninf)
    __fpl_dretinf                            0x0800da31   Thumb Code    12  dretinf.o(x$fpl$dretinf)
    __aeabi_cdrcmple                         0x0800da3d   Thumb Code     0  drleqf.o(x$fpl$drleqf)
    _drcmple                                 0x0800da3d   Thumb Code   108  drleqf.o(x$fpl$drleqf)
    _drnd                                    0x0800daa9   Thumb Code   180  drnd.o(x$fpl$drnd)
    __aeabi_drsub                            0x0800db5d   Thumb Code     0  daddsub_clz.o(x$fpl$drsb)
    _drsb                                    0x0800db5d   Thumb Code    22  daddsub_clz.o(x$fpl$drsb)
    __aeabi_dsub                             0x0800db75   Thumb Code     0  daddsub_clz.o(x$fpl$dsub)
    _dsub                                    0x0800db75   Thumb Code   464  daddsub_clz.o(x$fpl$dsub)
    __aeabi_f2d                              0x0800dd49   Thumb Code     0  f2d.o(x$fpl$f2d)
    _f2d                                     0x0800dd49   Thumb Code    86  f2d.o(x$fpl$f2d)
    __aeabi_fadd                             0x0800dda1   Thumb Code     0  faddsub_clz.o(x$fpl$fadd)
    _fadd                                    0x0800dda1   Thumb Code   196  faddsub_clz.o(x$fpl$fadd)
    __fpl_fcheck_NaN1                        0x0800de65   Thumb Code     6  fcheck1.o(x$fpl$fcheck1)
    __fpl_fcmp_Inf                           0x0800de71   Thumb Code    24  fcmpi.o(x$fpl$fcmpinf)
    __aeabi_fdiv                             0x0800de89   Thumb Code     0  fdiv.o(x$fpl$fdiv)
    _fdiv                                    0x0800de89   Thumb Code   384  fdiv.o(x$fpl$fdiv)
    __aeabi_f2iz                             0x0800e00d   Thumb Code     0  ffix.o(x$fpl$ffix)
    _ffix                                    0x0800e00d   Thumb Code    54  ffix.o(x$fpl$ffix)
    __aeabi_f2uiz                            0x0800e045   Thumb Code     0  ffixu.o(x$fpl$ffixu)
    _ffixu                                   0x0800e045   Thumb Code    62  ffixu.o(x$fpl$ffixu)
    __aeabi_i2f                              0x0800e085   Thumb Code     0  fflt_clz.o(x$fpl$fflt)
    _fflt                                    0x0800e085   Thumb Code    48  fflt_clz.o(x$fpl$fflt)
    __aeabi_ui2f                             0x0800e0b5   Thumb Code     0  fflt_clz.o(x$fpl$ffltu)
    _ffltu                                   0x0800e0b5   Thumb Code    38  fflt_clz.o(x$fpl$ffltu)
    __aeabi_cfcmple                          0x0800e0dd   Thumb Code     0  fleqf.o(x$fpl$fleqf)
    _fcmple                                  0x0800e0dd   Thumb Code   104  fleqf.o(x$fpl$fleqf)
    __fpl_fcmple_InfNaN                      0x0800e12f   Thumb Code     0  fleqf.o(x$fpl$fleqf)
    __aeabi_fmul                             0x0800e145   Thumb Code     0  fmul.o(x$fpl$fmul)
    _fmul                                    0x0800e145   Thumb Code   258  fmul.o(x$fpl$fmul)
    __fpl_fnaninf                            0x0800e247   Thumb Code   140  fnaninf.o(x$fpl$fnaninf)
    __fpl_fretinf                            0x0800e2d3   Thumb Code    10  fretinf.o(x$fpl$fretinf)
    __aeabi_cfrcmple                         0x0800e2dd   Thumb Code     0  frleqf.o(x$fpl$frleqf)
    _frcmple                                 0x0800e2dd   Thumb Code    98  frleqf.o(x$fpl$frleqf)
    _frnd                                    0x0800e341   Thumb Code    96  frnd.o(x$fpl$frnd)
    __aeabi_frsub                            0x0800e3a1   Thumb Code     0  faddsub_clz.o(x$fpl$frsb)
    _frsb                                    0x0800e3a1   Thumb Code    20  faddsub_clz.o(x$fpl$frsb)
    _fsqrt                                   0x0800e3b5   Thumb Code   272  fsqrt.o(x$fpl$fsqrt)
    __aeabi_fsub                             0x0800e4c5   Thumb Code     0  faddsub_clz.o(x$fpl$fsub)
    _fsub                                    0x0800e4c5   Thumb Code   234  faddsub_clz.o(x$fpl$fsub)
    __fpl_return_NaN                         0x0800e5af   Thumb Code   100  retnan.o(x$fpl$retnan)
    __ARM_scalbnf                            0x0800e613   Thumb Code    76  scalbnf.o(x$fpl$scalbnf)
    __fpl_cmpreturn                          0x0800e65f   Thumb Code    48  trapv.o(x$fpl$trapveneer)
    __I$use$fp                               0x0800e68e   Number         0  usenofp.o(x$fpl$usenofp)
    OSCfg_IdleTaskStkBasePtr                 0x0800e690   Data           4  os_cfg_app.o(.constdata)
    OSCfg_IdleTaskStkLimit                   0x0800e694   Data           4  os_cfg_app.o(.constdata)
    OSCfg_IdleTaskStkSize                    0x0800e698   Data           4  os_cfg_app.o(.constdata)
    OSCfg_IdleTaskStkSizeRAM                 0x0800e69c   Data           4  os_cfg_app.o(.constdata)
    OSCfg_IntQBasePtr                        0x0800e6a0   Data           4  os_cfg_app.o(.constdata)
    OSCfg_IntQSize                           0x0800e6a4   Data           2  os_cfg_app.o(.constdata)
    OSCfg_IntQSizeRAM                        0x0800e6a8   Data           4  os_cfg_app.o(.constdata)
    OSCfg_IntQTaskStkBasePtr                 0x0800e6ac   Data           4  os_cfg_app.o(.constdata)
    OSCfg_IntQTaskStkLimit                   0x0800e6b0   Data           4  os_cfg_app.o(.constdata)
    OSCfg_IntQTaskStkSize                    0x0800e6b4   Data           4  os_cfg_app.o(.constdata)
    OSCfg_IntQTaskStkSizeRAM                 0x0800e6b8   Data           4  os_cfg_app.o(.constdata)
    OSCfg_ISRStkBasePtr                      0x0800e6bc   Data           4  os_cfg_app.o(.constdata)
    OSCfg_ISRStkSize                         0x0800e6c0   Data           4  os_cfg_app.o(.constdata)
    OSCfg_ISRStkSizeRAM                      0x0800e6c4   Data           4  os_cfg_app.o(.constdata)
    OSCfg_MsgPoolSize                        0x0800e6c8   Data           2  os_cfg_app.o(.constdata)
    OSCfg_MsgPoolSizeRAM                     0x0800e6cc   Data           4  os_cfg_app.o(.constdata)
    OSCfg_MsgPoolBasePtr                     0x0800e6d0   Data           4  os_cfg_app.o(.constdata)
    OSCfg_StatTaskPrio                       0x0800e6d4   Data           1  os_cfg_app.o(.constdata)
    OSCfg_StatTaskRate_Hz                    0x0800e6d8   Data           4  os_cfg_app.o(.constdata)
    OSCfg_StatTaskStkBasePtr                 0x0800e6dc   Data           4  os_cfg_app.o(.constdata)
    OSCfg_StatTaskStkLimit                   0x0800e6e0   Data           4  os_cfg_app.o(.constdata)
    OSCfg_StatTaskStkSize                    0x0800e6e4   Data           4  os_cfg_app.o(.constdata)
    OSCfg_StatTaskStkSizeRAM                 0x0800e6e8   Data           4  os_cfg_app.o(.constdata)
    OSCfg_StkSizeMin                         0x0800e6ec   Data           4  os_cfg_app.o(.constdata)
    OSCfg_TickRate_Hz                        0x0800e6f0   Data           4  os_cfg_app.o(.constdata)
    OSCfg_TickTaskPrio                       0x0800e6f4   Data           1  os_cfg_app.o(.constdata)
    OSCfg_TickTaskStkBasePtr                 0x0800e6f8   Data           4  os_cfg_app.o(.constdata)
    OSCfg_TickTaskStkLimit                   0x0800e6fc   Data           4  os_cfg_app.o(.constdata)
    OSCfg_TickTaskStkSize                    0x0800e700   Data           4  os_cfg_app.o(.constdata)
    OSCfg_TickTaskStkSizeRAM                 0x0800e704   Data           4  os_cfg_app.o(.constdata)
    OSCfg_TmrTaskPrio                        0x0800e708   Data           1  os_cfg_app.o(.constdata)
    OSCfg_TmrTaskRate_Hz                     0x0800e70c   Data           4  os_cfg_app.o(.constdata)
    OSCfg_TmrTaskStkBasePtr                  0x0800e710   Data           4  os_cfg_app.o(.constdata)
    OSCfg_TmrTaskStkLimit                    0x0800e714   Data           4  os_cfg_app.o(.constdata)
    OSCfg_TmrTaskStkSize                     0x0800e718   Data           4  os_cfg_app.o(.constdata)
    OSCfg_TmrTaskStkSizeRAM                  0x0800e71c   Data           4  os_cfg_app.o(.constdata)
    OSCfg_DataSizeRAM                        0x0800e720   Data           4  os_cfg_app.o(.constdata)
    Region$$Table$$Base                      0x0800e744   Number         0  anon$$obj.o(Region$$Table)
    Region$$Table$$Limit                     0x0800e764   Number         0  anon$$obj.o(Region$$Table)
    OSPrioTbl                                0x20000000   Data           4  os_prio.o(.data)
    OS_AppTaskCreateHookPtr                  0x20000004   Data           4  os_var.o(.data)
    OS_AppTaskDelHookPtr                     0x20000008   Data           4  os_var.o(.data)
    OS_AppTaskReturnHookPtr                  0x2000000c   Data           4  os_var.o(.data)
    OS_AppIdleTaskHookPtr                    0x20000010   Data           4  os_var.o(.data)
    OS_AppStatTaskHookPtr                    0x20000014   Data           4  os_var.o(.data)
    OS_AppTaskSwHookPtr                      0x20000018   Data           4  os_var.o(.data)
    OS_AppTimeTickHookPtr                    0x2000001c   Data           4  os_var.o(.data)
    OSIdleTaskCtr                            0x20000020   Data           4  os_var.o(.data)
    OSIntNestingCtr                          0x20000024   Data           1  os_var.o(.data)
    OSIntDisTimeMax                          0x20000028   Data           4  os_var.o(.data)
    OSRunning                                0x2000002c   Data           1  os_var.o(.data)
    OSFlagQty                                0x2000002e   Data           2  os_var.o(.data)
    OSPrioCur                                0x20000030   Data           1  os_var.o(.data)
    OSPrioHighRdy                            0x20000031   Data           1  os_var.o(.data)
    OSPrioSaved                              0x20000032   Data           1  os_var.o(.data)
    OSSchedLockTimeBegin                     0x20000034   Data           4  os_var.o(.data)
    OSSchedLockTimeMax                       0x20000038   Data           4  os_var.o(.data)
    OSSchedLockTimeMaxCur                    0x2000003c   Data           4  os_var.o(.data)
    OSSchedLockNestingCtr                    0x20000040   Data           1  os_var.o(.data)
    OSSemQty                                 0x20000042   Data           2  os_var.o(.data)
    OSTaskCtxSwCtr                           0x20000044   Data           4  os_var.o(.data)
    OSTaskQty                                0x20000048   Data           2  os_var.o(.data)
    OSTaskRegNextAvailID                     0x2000004a   Data           1  os_var.o(.data)
    OSTickCtr                                0x2000004c   Data           4  os_var.o(.data)
    OSTickTaskTimeMax                        0x20000050   Data           4  os_var.o(.data)
    OSTickListDly                            0x20000054   Data           4  os_var.o(.data)
    OSTickListTimeout                        0x20000058   Data           4  os_var.o(.data)
    OSTCBCurPtr                              0x2000005c   Data           4  os_var.o(.data)
    OSTCBHighRdyPtr                          0x20000060   Data           4  os_var.o(.data)
    OS_CPU_ExceptStkBase                     0x20000064   Data           4  os_cpu_c.o(.data)
    CPU_TS_TmrFreq_Hz                        0x20000068   Data           4  cpu_core.o(.data)
    CPU_IntDisMeasCtr                        0x2000006c   Data           2  cpu_core.o(.data)
    CPU_IntDisNestCtr                        0x2000006e   Data           2  cpu_core.o(.data)
    CPU_IntDisMeasStart_cnts                 0x20000070   Data           4  cpu_core.o(.data)
    CPU_IntDisMeasStop_cnts                  0x20000074   Data           4  cpu_core.o(.data)
    CPU_IntDisMeasOvrhd_cnts                 0x20000078   Data           4  cpu_core.o(.data)
    CPU_IntDisMeasMaxCur_cnts                0x2000007c   Data           4  cpu_core.o(.data)
    CPU_IntDisMeasMax_cnts                   0x20000080   Data           4  cpu_core.o(.data)
    HWRegister                               0x200000d4   Data           2  hwprotocol.o(.data)
    OSCfg_IdleTaskStk                        0x20000150   Data         512  os_cfg_app.o(.bss)
    OSCfg_ISRStk                             0x20000350   Data         512  os_cfg_app.o(.bss)
    OSCfg_TickTaskStk                        0x20000550   Data         512  os_cfg_app.o(.bss)
    OSIdleTaskTCB                            0x20000750   Data         112  os_var.o(.bss)
    OSRdyList                                0x200007c0   Data         384  os_var.o(.bss)
    OSTickTaskTCB                            0x20000940   Data         112  os_var.o(.bss)
    GlobalVariable                           0x200009b0   Data         616  main.o(.bss)
    AngleMangementTCB                        0x20004018   Data         112  main.o(.bss)
    SamplingTCB                              0x20004088   Data         112  main.o(.bss)
    PowerManagementTCB                       0x200040f8   Data         112  main.o(.bss)
    ModbusOverLoRaTCB                        0x20004168   Data         112  main.o(.bss)
    RTCTimeTCB                               0x200041d8   Data         112  main.o(.bss)
    AstronomyTCB                             0x20004248   Data         112  main.o(.bss)
    MotorProtectionTCB                       0x200042b8   Data         112  main.o(.bss)
    WorkmodeControlTCB                       0x20004328   Data         112  main.o(.bss)
    MotorAngleControlTCB                     0x20004398   Data         112  main.o(.bss)
    ParameterSaveTCB                         0x20004408   Data         112  main.o(.bss)
    LedIWDGTCB                               0x20004478   Data         112  main.o(.bss)
    T0AngleNoChange_first_Flags              0x200044e8   Data          24  main.o(.bss)
    Motor_continuous_Flags                   0x20004500   Data          24  main.o(.bss)
    __libspace_start                         0x20004f38   Data          96  libspace.o(.bss)
    __temporary_stack_top$libspace           0x20004f98   Data           0  libspace.o(.bss)



==============================================================================

Memory Map of the image

  Image Entry point : 0x08002131

  Load Region LR_IROM1 (Base: 0x08002000, Size: 0x0000c8b4, Max: 0x00028000, ABSOLUTE, COMPRESSED[0x0000c784])

    Execution Region ER_IROM1 (Exec base: 0x08002000, Load base: 0x08002000, Size: 0x0000c764, Max: 0x00028000, ABSOLUTE)

    Exec Addr    Load Addr    Size         Type   Attr      Idx    E Section Name        Object

    0x08002000   0x08002000   0x00000130   Data   RO         5348    RESET               startup_stm32f10x_hd.o
    0x08002130   0x08002130   0x00000008   Code   RO         5403  * !!!main             c_w.l(__main.o)
    0x08002138   0x08002138   0x00000034   Code   RO         5739    !!!scatter          c_w.l(__scatter.o)
    0x0800216c   0x0800216c   0x0000005a   Code   RO         5737    !!dczerorl2         c_w.l(__dczerorl2.o)
    0x080021c6   0x080021c6   0x00000002   PAD
    0x080021c8   0x080021c8   0x0000001c   Code   RO         5741    !!handler_zi        c_w.l(__scatter_zi.o)
    0x080021e4   0x080021e4   0x00000002   Code   RO         5606    .ARM.Collect$$libinit$$00000000  c_w.l(libinit.o)
    0x080021e6   0x080021e6   0x00000000   Code   RO         5612    .ARM.Collect$$libinit$$00000002  c_w.l(libinit2.o)
    0x080021e6   0x080021e6   0x00000000   Code   RO         5614    .ARM.Collect$$libinit$$00000004  c_w.l(libinit2.o)
    0x080021e6   0x080021e6   0x00000000   Code   RO         5617    .ARM.Collect$$libinit$$0000000A  c_w.l(libinit2.o)
    0x080021e6   0x080021e6   0x00000000   Code   RO         5619    .ARM.Collect$$libinit$$0000000C  c_w.l(libinit2.o)
    0x080021e6   0x080021e6   0x00000000   Code   RO         5621    .ARM.Collect$$libinit$$0000000E  c_w.l(libinit2.o)
    0x080021e6   0x080021e6   0x00000000   Code   RO         5624    .ARM.Collect$$libinit$$00000011  c_w.l(libinit2.o)
    0x080021e6   0x080021e6   0x00000000   Code   RO         5626    .ARM.Collect$$libinit$$00000013  c_w.l(libinit2.o)
    0x080021e6   0x080021e6   0x00000000   Code   RO         5628    .ARM.Collect$$libinit$$00000015  c_w.l(libinit2.o)
    0x080021e6   0x080021e6   0x00000000   Code   RO         5630    .ARM.Collect$$libinit$$00000017  c_w.l(libinit2.o)
    0x080021e6   0x080021e6   0x00000000   Code   RO         5632    .ARM.Collect$$libinit$$00000019  c_w.l(libinit2.o)
    0x080021e6   0x080021e6   0x00000000   Code   RO         5634    .ARM.Collect$$libinit$$0000001B  c_w.l(libinit2.o)
    0x080021e6   0x080021e6   0x00000000   Code   RO         5636    .ARM.Collect$$libinit$$0000001D  c_w.l(libinit2.o)
    0x080021e6   0x080021e6   0x00000000   Code   RO         5638    .ARM.Collect$$libinit$$0000001F  c_w.l(libinit2.o)
    0x080021e6   0x080021e6   0x00000000   Code   RO         5640    .ARM.Collect$$libinit$$00000021  c_w.l(libinit2.o)
    0x080021e6   0x080021e6   0x00000000   Code   RO         5642    .ARM.Collect$$libinit$$00000023  c_w.l(libinit2.o)
    0x080021e6   0x080021e6   0x00000000   Code   RO         5644    .ARM.Collect$$libinit$$00000025  c_w.l(libinit2.o)
    0x080021e6   0x080021e6   0x00000000   Code   RO         5648    .ARM.Collect$$libinit$$0000002C  c_w.l(libinit2.o)
    0x080021e6   0x080021e6   0x00000000   Code   RO         5650    .ARM.Collect$$libinit$$0000002E  c_w.l(libinit2.o)
    0x080021e6   0x080021e6   0x00000000   Code   RO         5652    .ARM.Collect$$libinit$$00000030  c_w.l(libinit2.o)
    0x080021e6   0x080021e6   0x00000000   Code   RO         5654    .ARM.Collect$$libinit$$00000032  c_w.l(libinit2.o)
    0x080021e6   0x080021e6   0x00000002   Code   RO         5655    .ARM.Collect$$libinit$$00000033  c_w.l(libinit2.o)
    0x080021e8   0x080021e8   0x00000002   Code   RO         5677    .ARM.Collect$$libshutdown$$00000000  c_w.l(libshutdown.o)
    0x080021ea   0x080021ea   0x00000000   Code   RO         5690    .ARM.Collect$$libshutdown$$00000002  c_w.l(libshutdown2.o)
    0x080021ea   0x080021ea   0x00000000   Code   RO         5692    .ARM.Collect$$libshutdown$$00000004  c_w.l(libshutdown2.o)
    0x080021ea   0x080021ea   0x00000000   Code   RO         5695    .ARM.Collect$$libshutdown$$00000007  c_w.l(libshutdown2.o)
    0x080021ea   0x080021ea   0x00000000   Code   RO         5698    .ARM.Collect$$libshutdown$$0000000A  c_w.l(libshutdown2.o)
    0x080021ea   0x080021ea   0x00000000   Code   RO         5700    .ARM.Collect$$libshutdown$$0000000C  c_w.l(libshutdown2.o)
    0x080021ea   0x080021ea   0x00000000   Code   RO         5703    .ARM.Collect$$libshutdown$$0000000F  c_w.l(libshutdown2.o)
    0x080021ea   0x080021ea   0x00000002   Code   RO         5704    .ARM.Collect$$libshutdown$$00000010  c_w.l(libshutdown2.o)
    0x080021ec   0x080021ec   0x00000000   Code   RO         5521    .ARM.Collect$$rtentry$$00000000  c_w.l(__rtentry.o)
    0x080021ec   0x080021ec   0x00000000   Code   RO         5571    .ARM.Collect$$rtentry$$00000002  c_w.l(__rtentry2.o)
    0x080021ec   0x080021ec   0x00000006   Code   RO         5583    .ARM.Collect$$rtentry$$00000004  c_w.l(__rtentry4.o)
    0x080021f2   0x080021f2   0x00000000   Code   RO         5573    .ARM.Collect$$rtentry$$00000009  c_w.l(__rtentry2.o)
    0x080021f2   0x080021f2   0x00000004   Code   RO         5574    .ARM.Collect$$rtentry$$0000000A  c_w.l(__rtentry2.o)
    0x080021f6   0x080021f6   0x00000000   Code   RO         5576    .ARM.Collect$$rtentry$$0000000C  c_w.l(__rtentry2.o)
    0x080021f6   0x080021f6   0x00000008   Code   RO         5577    .ARM.Collect$$rtentry$$0000000D  c_w.l(__rtentry2.o)
    0x080021fe   0x080021fe   0x00000002   Code   RO         5609    .ARM.Collect$$rtexit$$00000000  c_w.l(rtexit.o)
    0x08002200   0x08002200   0x00000000   Code   RO         5659    .ARM.Collect$$rtexit$$00000002  c_w.l(rtexit2.o)
    0x08002200   0x08002200   0x00000004   Code   RO         5660    .ARM.Collect$$rtexit$$00000003  c_w.l(rtexit2.o)
    0x08002204   0x08002204   0x00000006   Code   RO         5661    .ARM.Collect$$rtexit$$00000004  c_w.l(rtexit2.o)
    0x0800220a   0x0800220a   0x00000002   PAD
    0x0800220c   0x0800220c   0x00000034   Code   RO          796    .text               cpu_a.o
    0x08002240   0x08002240   0x00000040   Code   RO         5349    .text               startup_stm32f10x_hd.o
    0x08002280   0x08002280   0x00000006   Code   RO         5401    .text               c_w.l(heapauxi.o)
    0x08002286   0x08002286   0x00000016   Code   RO         5522    .text               c_w.l(_rserrno.o)
    0x0800229c   0x0800229c   0x00000008   Code   RO         5588    .text               c_w.l(rt_errno_addr_intlibspace.o)
    0x080022a4   0x080022a4   0x00000008   Code   RO         5594    .text               c_w.l(libspace.o)
    0x080022ac   0x080022ac   0x0000004a   Code   RO         5597    .text               c_w.l(sys_stackheap_outer.o)
    0x080022f6   0x080022f6   0x00000012   Code   RO         5599    .text               c_w.l(exit.o)
    0x08002308   0x08002308   0x0000000c   Code   RO         5669    .text               c_w.l(sys_exit.o)
    0x08002314   0x08002314   0x00000002   Code   RO         5680    .text               c_w.l(use_no_semi.o)
    0x08002316   0x08002316   0x00000000   Code   RO         5682    .text               c_w.l(indicate_semi.o)
    0x08002316   0x08002316   0x00000002   PAD
    0x08002318   0x08002318   0x00000098   Code   RO          714    CODE                os_cpu_a.o
    0x080023b0   0x080023b0   0x0000004c   Code   RO         2928    i.ADCConvert        adcsample.o
    0x080023fc   0x080023fc   0x000001a8   Code   RO         2929    i.ADCInit           adcsample.o
    0x080025a4   0x080025a4   0x00000006   Code   RO         3285    i.ADC_ClearFlag     stm32f10x_adc.o
    0x080025aa   0x080025aa   0x00000016   Code   RO         3287    i.ADC_Cmd           stm32f10x_adc.o
    0x080025c0   0x080025c0   0x00000016   Code   RO         3288    i.ADC_DMACmd        stm32f10x_adc.o
    0x080025d6   0x080025d6   0x00000014   Code   RO         3295    i.ADC_GetCalibrationStatus  stm32f10x_adc.o
    0x080025ea   0x080025ea   0x00000002   PAD
    0x080025ec   0x080025ec   0x00000050   Code   RO         3305    i.ADC_Init          stm32f10x_adc.o
    0x0800263c   0x0800263c   0x000000b8   Code   RO         3309    i.ADC_RegularChannelConfig  stm32f10x_adc.o
    0x080026f4   0x080026f4   0x0000000a   Code   RO         3310    i.ADC_ResetCalibration  stm32f10x_adc.o
    0x080026fe   0x080026fe   0x00000016   Code   RO         3312    i.ADC_SoftwareStartConvCmd  stm32f10x_adc.o
    0x08002714   0x08002714   0x0000000a   Code   RO         3314    i.ADC_StartCalibration  stm32f10x_adc.o
    0x0800271e   0x0800271e   0x00000002   PAD
    0x08002720   0x08002720   0x0000024c   Code   RO         1723    i.ASProtocolInit    asprotocol.o
    0x0800296c   0x0800296c   0x000000e4   Code   RO         2087    i.AngleCalibrationMode  workmodemanager.o
    0x08002a50   0x08002a50   0x00000058   Code   RO         1464    i.AngleMangement    main.o
    0x08002aa8   0x08002aa8   0x00000024   Code   RO         2420    i.AngleSensorInit   anglesensorhal.o
    0x08002acc   0x08002acc   0x00000024   Code   RO         1465    i.Astronomy         main.o
    0x08002af0   0x08002af0   0x00000090   Code   RO         2088    i.AutoAIMode        workmodemanager.o
    0x08002b80   0x08002b80   0x00000040   Code   RO         2089    i.AutoBatSOCLowMode  workmodemanager.o
    0x08002bc0   0x08002bc0   0x00000064   Code   RO         2090    i.AutoMode          workmodemanager.o
    0x08002c24   0x08002c24   0x000000a8   Code   RO         2091    i.AutoModeSwitch    workmodemanager.o
    0x08002ccc   0x08002ccc   0x00000218   Code   RO         2092    i.AutoRainMode      workmodemanager.o
    0x08002ee4   0x08002ee4   0x00000074   Code   RO         2093    i.AutoSnowMode      workmodemanager.o
    0x08002f58   0x08002f58   0x00000098   Code   RO         2094    i.AutoTrackMode     workmodemanager.o
    0x08002ff0   0x08002ff0   0x00000040   Code   RO         2095    i.AutoWindMode      workmodemanager.o
    0x08003030   0x08003030   0x0000002a   Code   RO         3108    i.BKPInit           backupregister.o
    0x0800305a   0x0800305a   0x0000001a   Code   RO         3109    i.BKPReadRTCUpdateFlag  backupregister.o
    0x08003074   0x08003074   0x0000001a   Code   RO         3110    i.BKPWriteRTCUpdateFlag  backupregister.o
    0x0800308e   0x0800308e   0x00000002   PAD
    0x08003090   0x08003090   0x00000014   Code   RO         3515    i.BKP_ClearFlag     stm32f10x_bkp.o
    0x080030a4   0x080030a4   0x0000000c   Code   RO         3520    i.BKP_ITConfig      stm32f10x_bkp.o
    0x080030b0   0x080030b0   0x0000001c   Code   RO         3522    i.BKP_ReadBackupRegister  stm32f10x_bkp.o
    0x080030cc   0x080030cc   0x0000000c   Code   RO         3524    i.BKP_TamperPinCmd  stm32f10x_bkp.o
    0x080030d8   0x080030d8   0x0000001c   Code   RO         3526    i.BKP_WriteBackupRegister  stm32f10x_bkp.o
    0x080030f4   0x080030f4   0x00000040   Code   RO         2096    i.BatSOCLowCheck    workmodemanager.o
    0x08003134   0x08003134   0x00000044   Code   RO         2537    i.BatteryCharacterB7030  batterypower.o
    0x08003178   0x08003178   0x00000088   Code   RO         2538    i.BatteryPowerInit  batterypower.o
    0x08003200   0x08003200   0x00000038   Code   RO         2539    i.BatteryTypeIOInit  batterypower.o
    0x08003238   0x08003238   0x0000001c   Code   RO          809    i.CPU_IntDisMeasMaxCalc  cpu_core.o
    0x08003254   0x08003254   0x0000002c   Code   RO          810    i.CPU_IntDisMeasMaxCurGet  cpu_core.o
    0x08003280   0x08003280   0x0000002c   Code   RO          811    i.CPU_IntDisMeasMaxCurReset  cpu_core.o
    0x080032ac   0x080032ac   0x00000034   Code   RO          813    i.CPU_IntDisMeasStart  cpu_core.o
    0x080032e0   0x080032e0   0x00000054   Code   RO          814    i.CPU_IntDisMeasStop  cpu_core.o
    0x08003334   0x08003334   0x0000000c   Code   RO          825    i.CPU_TS_TmrRd      cpu_core.o
    0x08003340   0x08003340   0x0000003e   Code   RO         2791    i.CRC16Check        modbusframehal.o
    0x0800337e   0x0800337e   0x00000002   PAD
    0x08003380   0x08003380   0x000000c0   Code   RO         2423    i.CalcAngle         anglesensorhal.o
    0x08003440   0x08003440   0x0000129c   Code   RO         2219    i.CalcSolarZenithAngleAndAzimuthAngle  astronomicalalgorithms.o
    0x080046dc   0x080046dc   0x00000138   Code   RO         2178    i.ChargeCmd         powermanagement.o
    0x08004814   0x08004814   0x00000014   Code   RO         2540    i.ChargerActive     batterypower.o
    0x08004828   0x08004828   0x000000c8   Code   RO         2541    i.ChargerInit       batterypower.o
    0x080048f0   0x080048f0   0x00000028   Code   RO         2542    i.ChargerReset      batterypower.o
    0x08004918   0x08004918   0x00000018   Code   RO         2543    i.ChargerSuspend    batterypower.o
    0x08004930   0x08004930   0x00000014   Code   RO         2501    i.ClosePVPower      pvpower.o
    0x08004944   0x08004944   0x00000080   Code   RO         1669    i.ConfigParaInit    init.o
    0x080049c4   0x080049c4   0x00000104   Code   RO         2930    i.DMA1_Channel1_IRQHandler  adcsample.o
    0x08004ac8   0x08004ac8   0x00000020   Code   RO         2792    i.DMA2C5Send        modbusframehal.o
    0x08004ae8   0x08004ae8   0x0000001c   Code   RO         3642    i.DMA_ClearITPendingBit  stm32f10x_dma.o
    0x08004b04   0x08004b04   0x00000018   Code   RO         3643    i.DMA_Cmd           stm32f10x_dma.o
    0x08004b1c   0x08004b1c   0x0000002c   Code   RO         3647    i.DMA_GetITStatus   stm32f10x_dma.o
    0x08004b48   0x08004b48   0x00000012   Code   RO         3648    i.DMA_ITConfig      stm32f10x_dma.o
    0x08004b5a   0x08004b5a   0x0000003c   Code   RO         3649    i.DMA_Init          stm32f10x_dma.o
    0x08004b96   0x08004b96   0x0000001a   Code   RO         2997    i.DelayUs           rtc.o
    0x08004bb0   0x08004bb0   0x0000001c   Code   RO         3144    i.Delayus           iicbsp.o
    0x08004bcc   0x08004bcc   0x00000060   Code   RO         2255    i.DetectEmergencyStop  motorprotection.o
    0x08004c2c   0x08004c2c   0x000002b4   Code   RO         2256    i.DetectMotorReverseAngleNoChange  motorprotection.o
    0x08004ee0   0x08004ee0   0x0000015c   Code   RO         2257    i.DetectOverCurrent  motorprotection.o
    0x0800503c   0x0800503c   0x000000f4   Code   RO         2258    i.DetectSoftLimit   motorprotection.o
    0x08005130   0x08005130   0x00000048   Code   RO         2863    i.EraseNewSystemFlash  flashstoragehal.o
    0x08005178   0x08005178   0x0000000c   Code   RO         3791    i.FLASH_ClearFlag   stm32f10x_flash.o
    0x08005184   0x08005184   0x0000004c   Code   RO         3796    i.FLASH_ErasePage   stm32f10x_flash.o
    0x080051d0   0x080051d0   0x00000034   Code   RO         3797    i.FLASH_GetBank1Status  stm32f10x_flash.o
    0x08005204   0x08005204   0x00000034   Code   RO         3801    i.FLASH_GetStatus   stm32f10x_flash.o
    0x08005238   0x08005238   0x00000014   Code   RO         3806    i.FLASH_Lock        stm32f10x_flash.o
    0x0800524c   0x0800524c   0x00000040   Code   RO         3809    i.FLASH_ProgramHalfWord  stm32f10x_flash.o
    0x0800528c   0x0800528c   0x0000006c   Code   RO         3811    i.FLASH_ProgramWord  stm32f10x_flash.o
    0x080052f8   0x080052f8   0x00000018   Code   RO         3814    i.FLASH_Unlock      stm32f10x_flash.o
    0x08005310   0x08005310   0x00000026   Code   RO         3818    i.FLASH_WaitForLastOperation  stm32f10x_flash.o
    0x08005336   0x08005336   0x00000002   PAD
    0x08005338   0x08005338   0x00000030   Code   RO         1670    i.FixedParaInit     init.o
    0x08005368   0x08005368   0x00000116   Code   RO         3983    i.GPIO_Init         stm32f10x_gpio.o
    0x0800547e   0x0800547e   0x00000002   PAD
    0x08005480   0x08005480   0x00000090   Code   RO         3985    i.GPIO_PinRemapConfig  stm32f10x_gpio.o
    0x08005510   0x08005510   0x00000012   Code   RO         3987    i.GPIO_ReadInputDataBit  stm32f10x_gpio.o
    0x08005522   0x08005522   0x00000004   Code   RO         3990    i.GPIO_ResetBits    stm32f10x_gpio.o
    0x08005526   0x08005526   0x00000004   Code   RO         3991    i.GPIO_SetBits      stm32f10x_gpio.o
    0x0800552a   0x0800552a   0x00000002   PAD
    0x0800552c   0x0800552c   0x00000008   Code   RO         1724    i.GetASProtocl      asprotocol.o
    0x08005534   0x08005534   0x000000ac   Code   RO         2424    i.GetAngle          anglesensorhal.o
    0x080055e0   0x080055e0   0x00000308   Code   RO         2220    i.GetAstronomicalTargetAngle  astronomicalalgorithms.o
    0x080058e8   0x080058e8   0x00000110   Code   RO         2544    i.GetBatteryChargerState  batterypower.o
    0x080059f8   0x080059f8   0x00000050   Code   RO         2545    i.GetBatteryCurrent  batterypower.o
    0x08005a48   0x08005a48   0x000001dc   Code   RO         2179    i.GetBatteryInfo    powermanagement.o
    0x08005c24   0x08005c24   0x00000014   Code   RO         2546    i.GetBatterySOC     batterypower.o
    0x08005c38   0x08005c38   0x00000184   Code   RO         2547    i.GetBatteryTemp    batterypower.o
    0x08005dbc   0x08005dbc   0x00000024   Code   RO         2548    i.GetBatteryType    batterypower.o
    0x08005de0   0x08005de0   0x00000050   Code   RO         2549    i.GetBatteryVoltage  batterypower.o
    0x08005e30   0x08005e30   0x00000084   Code   RO         2221    i.GetDayOfYear      astronomicalalgorithms.o
    0x08005eb4   0x08005eb4   0x00000030   Code   RO         2931    i.GetEmergencyVoltage  adcsample.o
    0x08005ee4   0x08005ee4   0x00000008   Code   RO         2290    i.GetHWProtocl      hwprotocol.o
    0x08005eec   0x08005eec   0x00000038   Code   RO         3078    i.GetHardwareVersion  hardwareversion.o
    0x08005f24   0x08005f24   0x00000038   Code   RO         2932    i.GetMotorCurrent   adcsample.o
    0x08005f5c   0x08005f5c   0x00000014   Code   RO         2648    i.GetMotorDirState  motorcontrol.o
    0x08005f70   0x08005f70   0x00000014   Code   RO         2649    i.GetMotorRunningState  motorcontrol.o
    0x08005f84   0x08005f84   0x00000030   Code   RO         2933    i.GetPVBuckerVoltage  adcsample.o
    0x08005fb4   0x08005fb4   0x00000038   Code   RO         2934    i.GetPVStringDownCur  adcsample.o
    0x08005fec   0x08005fec   0x00000038   Code   RO         2935    i.GetPVStringUpCur  adcsample.o
    0x08006024   0x08006024   0x00000050   Code   RO         3038    i.GetTMP            tmpsensor.o
    0x08006074   0x08006074   0x000001b0   Code   RO         2998    i.GetTime           rtc.o
    0x08006224   0x08006224   0x0000004c   Code   RO         3079    i.HDVInit           hardwareversion.o
    0x08006270   0x08006270   0x0000001c   Code   RO         2291    i.HWNULL            hwprotocol.o
    0x0800628c   0x0800628c   0x000000b0   Code   RO         2292    i.HWProtocolInit    hwprotocol.o
    0x0800633c   0x0800633c   0x00000024   Code   RO         2550    i.HeatingCmd        batterypower.o
    0x08006360   0x08006360   0x00000038   Code   RO         2551    i.HeatingInit       batterypower.o
    0x08006398   0x08006398   0x0000004a   Code   RO         3145    i.IICGetACK         iicbsp.o
    0x080063e2   0x080063e2   0x0000006c   Code   RO         3146    i.IICGetOneByte     iicbsp.o
    0x0800644e   0x0800644e   0x0000004e   Code   RO         3147    i.IICInit           iicbsp.o
    0x0800649c   0x0800649c   0x000000a0   Code   RO         3148    i.IICRead           iicbsp.o
    0x0800653c   0x0800653c   0x00000066   Code   RO         3150    i.IICSendOneByte    iicbsp.o
    0x080065a2   0x080065a2   0x00000038   Code   RO         3151    i.IICSetACK         iicbsp.o
    0x080065da   0x080065da   0x00000038   Code   RO         3152    i.IICSetNACK        iicbsp.o
    0x08006612   0x08006612   0x00000030   Code   RO         3153    i.IICStart          iicbsp.o
    0x08006642   0x08006642   0x0000003e   Code   RO         3154    i.IICStop           iicbsp.o
    0x08006680   0x08006680   0x0000006c   Code   RO         3155    i.IICWrite          iicbsp.o
    0x080066ec   0x080066ec   0x0000005a   Code   RO         3156    i.IICWriteByte      iicbsp.o
    0x08006746   0x08006746   0x00000034   Code   RO         1671    i.IWDGInit          init.o
    0x0800677a   0x0800677a   0x00000002   PAD
    0x0800677c   0x0800677c   0x00000010   Code   RO         4103    i.IWDG_Enable       stm32f10x_iwdg.o
    0x0800678c   0x0800678c   0x00000010   Code   RO         4105    i.IWDG_ReloadCounter  stm32f10x_iwdg.o
    0x0800679c   0x0800679c   0x0000000c   Code   RO         4106    i.IWDG_SetPrescaler  stm32f10x_iwdg.o
    0x080067a8   0x080067a8   0x0000000c   Code   RO         4107    i.IWDG_SetReload    stm32f10x_iwdg.o
    0x080067b4   0x080067b4   0x0000000c   Code   RO         4108    i.IWDG_WriteAccessCmd  stm32f10x_iwdg.o
    0x080067c0   0x080067c0   0x00000094   Code   RO         2097    i.IdelMode          workmodemanager.o
    0x08006854   0x08006854   0x0000022c   Code   RO         2425    i.KalmanFilter      anglesensorhal.o
    0x08006a80   0x08006a80   0x00000030   Code   RO         2748    i.LEDFlash          ledhal.o
    0x08006ab0   0x08006ab0   0x00000034   Code   RO         2749    i.LEDInit           ledhal.o
    0x08006ae4   0x08006ae4   0x00000010   Code   RO         2750    i.LEDTurnOff        ledhal.o
    0x08006af4   0x08006af4   0x00000010   Code   RO         2751    i.LEDTurnOn         ledhal.o
    0x08006b04   0x08006b04   0x000001e4   Code   RO         2426    i.LSM6DS3Init       anglesensorhal.o
    0x08006ce8   0x08006ce8   0x0000005c   Code   RO         1466    i.LedIWDG           main.o
    0x08006d44   0x08006d44   0x00000014   Code   RO         2793    i.LoRaModulePowerOff  modbusframehal.o
    0x08006d58   0x08006d58   0x00000014   Code   RO         2794    i.LoRaModulePowerOn  modbusframehal.o
    0x08006d6c   0x08006d6c   0x000000b8   Code   RO         2098    i.MaintenanceMode   workmodemanager.o
    0x08006e24   0x08006e24   0x00000088   Code   RO         2099    i.ManualMode        workmodemanager.o
    0x08006eac   0x08006eac   0x00000130   Code   RO         2222    i.Mod               astronomicalalgorithms.o
    0x08006fdc   0x08006fdc   0x000000e4   Code   RO         1467    i.ModbusOverLoRa    main.o
    0x080070c0   0x080070c0   0x0000004c   Code   RO         2795    i.ModbusPortInit    modbusframehal.o
    0x0800710c   0x0800710c   0x000000b0   Code   RO         2796    i.ModbusRead        modbusframehal.o
    0x080071bc   0x080071bc   0x000000a0   Code   RO         2797    i.ModbusSend        modbusframehal.o
    0x0800725c   0x0800725c   0x00000038   Code   RO         2650    i.MotorAllStop      motorcontrol.o
    0x08007294   0x08007294   0x000002ec   Code   RO         1468    i.MotorAngleControl  main.o
    0x08007580   0x08007580   0x00000048   Code   RO         2651    i.MotorEN           motorcontrol.o
    0x080075c8   0x080075c8   0x00000098   Code   RO         2652    i.MotorEW           motorcontrol.o
    0x08007660   0x08007660   0x00000060   Code   RO         2653    i.MotorIOInit       motorcontrol.o
    0x080076c0   0x080076c0   0x0000000c   Code   RO         2654    i.MotorInit         motorcontrol.o
    0x080076cc   0x080076cc   0x00000022   Code   RO         1469    i.MotorProtection   main.o
    0x080076ee   0x080076ee   0x00000002   PAD
    0x080076f0   0x080076f0   0x0000004c   Code   RO         2656    i.MotorTurnEast     motorcontrol.o
    0x0800773c   0x0800773c   0x0000004c   Code   RO         2657    i.MotorTurnWest     motorcontrol.o
    0x08007788   0x08007788   0x00000064   Code   RO         1672    i.NVICInit          init.o
    0x080077ec   0x080077ec   0x00000070   Code   RO         3233    i.NVIC_Init         misc.o
    0x0800785c   0x0800785c   0x00000014   Code   RO         3234    i.NVIC_PriorityGroupConfig  misc.o
    0x08007870   0x08007870   0x00000002   Code   RO            1    i.OSCfg_Init        os_cfg_app.o
    0x08007872   0x08007872   0x00000002   PAD
    0x08007874   0x08007874   0x0000007c   Code   RO          281    i.OSFlagCreate      os_flag.o
    0x080078f0   0x080078f0   0x000003b8   Code   RO          282    i.OSFlagPend        os_flag.o
    0x08007ca8   0x08007ca8   0x00000074   Code   RO          284    i.OSFlagPost        os_flag.o
    0x08007d1c   0x08007d1c   0x00000014   Code   RO          718    i.OSIdleTaskHook    os_cpu_c.o
    0x08007d30   0x08007d30   0x00000118   Code   RO           64    i.OSInit            os_core.o
    0x08007e48   0x08007e48   0x00000028   Code   RO          719    i.OSInitHook        os_cpu_c.o
    0x08007e70   0x08007e70   0x000000d8   Code   RO           66    i.OSIntExit         os_core.o
    0x08007f48   0x08007f48   0x0000009c   Code   RO           67    i.OSSched           os_core.o
    0x08007fe4   0x08007fe4   0x00000068   Code   RO           70    i.OSStart           os_core.o
    0x0800804c   0x0800804c   0x00000184   Code   RO          504    i.OSTaskCreate      os_task.o
    0x080081d0   0x080081d0   0x00000018   Code   RO          721    i.OSTaskCreateHook  os_cpu_c.o
    0x080081e8   0x080081e8   0x0000012c   Code   RO          505    i.OSTaskDel         os_task.o
    0x08008314   0x08008314   0x00000018   Code   RO          722    i.OSTaskDelHook     os_cpu_c.o
    0x0800832c   0x0800832c   0x00000018   Code   RO          723    i.OSTaskReturnHook  os_cpu_c.o
    0x08008344   0x08008344   0x000001e4   Code   RO          510    i.OSTaskSemPend     os_task.o
    0x08008528   0x08008528   0x0000003e   Code   RO          512    i.OSTaskSemPost     os_task.o
    0x08008566   0x08008566   0x00000002   PAD
    0x08008568   0x08008568   0x000000c4   Code   RO          724    i.OSTaskStkInit     os_cpu_c.o
    0x0800862c   0x0800862c   0x00000090   Code   RO          725    i.OSTaskSwHook      os_cpu_c.o
    0x080086bc   0x080086bc   0x000000c4   Code   RO          664    i.OSTimeDly         os_time.o
    0x08008780   0x08008780   0x00000018   Code   RO          667    i.OSTimeTick        os_time.o
    0x08008798   0x08008798   0x00000014   Code   RO          726    i.OSTimeTickHook    os_cpu_c.o
    0x080087ac   0x080087ac   0x00000040   Code   RO          727    i.OS_CPU_SysTickHandler  os_cpu_c.o
    0x080087ec   0x080087ec   0x00000030   Code   RO          728    i.OS_CPU_SysTickInit  os_cpu_c.o
    0x0800881c   0x0800881c   0x0000003c   Code   RO          285    i.OS_FlagBlock      os_flag.o
    0x08008858   0x08008858   0x00000010   Code   RO          287    i.OS_FlagInit       os_flag.o
    0x08008868   0x08008868   0x00000172   Code   RO          288    i.OS_FlagPost       os_flag.o
    0x080089da   0x080089da   0x00000064   Code   RO          289    i.OS_FlagTaskRdy    os_flag.o
    0x08008a3e   0x08008a3e   0x00000002   PAD
    0x08008a40   0x08008a40   0x0000003c   Code   RO           72    i.OS_IdleTask       os_core.o
    0x08008a7c   0x08008a7c   0x00000070   Code   RO           73    i.OS_IdleTaskInit   os_core.o
    0x08008aec   0x08008aec   0x0000005c   Code   RO           74    i.OS_Pend           os_core.o
    0x08008b48   0x08008b48   0x00000026   Code   RO           77    i.OS_PendDataInit   os_core.o
    0x08008b6e   0x08008b6e   0x0000000a   Code   RO           79    i.OS_PendListInit   os_core.o
    0x08008b78   0x08008b78   0x00000066   Code   RO           81    i.OS_PendListInsertPrio  os_core.o
    0x08008bde   0x08008bde   0x00000030   Code   RO           82    i.OS_PendListRemove  os_core.o
    0x08008c0e   0x08008c0e   0x00000042   Code   RO           83    i.OS_PendListRemove1  os_core.o
    0x08008c50   0x08008c50   0x000000ba   Code   RO           86    i.OS_Post           os_core.o
    0x08008d0a   0x08008d0a   0x0000002a   Code   RO           87    i.OS_Post1          os_core.o
    0x08008d34   0x08008d34   0x00000028   Code   RO          395    i.OS_PrioGetHighest  os_prio.o
    0x08008d5c   0x08008d5c   0x00000018   Code   RO          396    i.OS_PrioInit       os_prio.o
    0x08008d74   0x08008d74   0x00000024   Code   RO          397    i.OS_PrioInsert     os_prio.o
    0x08008d98   0x08008d98   0x00000024   Code   RO          398    i.OS_PrioRemove     os_prio.o
    0x08008dbc   0x08008dbc   0x00000024   Code   RO           88    i.OS_RdyListInit    os_core.o
    0x08008de0   0x08008de0   0x0000002c   Code   RO           89    i.OS_RdyListInsert  os_core.o
    0x08008e0c   0x08008e0c   0x00000040   Code   RO           90    i.OS_RdyListInsertHead  os_core.o
    0x08008e4c   0x08008e4c   0x0000003c   Code   RO           91    i.OS_RdyListInsertTail  os_core.o
    0x08008e88   0x08008e88   0x0000005c   Code   RO           93    i.OS_RdyListRemove  os_core.o
    0x08008ee4   0x08008ee4   0x00000010   Code   RO          445    i.OS_SemInit        os_sem.o
    0x08008ef4   0x08008ef4   0x0000002c   Code   RO           96    i.OS_TaskBlock      os_core.o
    0x08008f20   0x08008f20   0x00000018   Code   RO          515    i.OS_TaskInit       os_task.o
    0x08008f38   0x08008f38   0x00000070   Code   RO          516    i.OS_TaskInitTCB    os_task.o
    0x08008fa8   0x08008fa8   0x00000018   Code   RO          518    i.OS_TaskReturn     os_task.o
    0x08008fc0   0x08008fc0   0x000001f0   Code   RO          519    i.OS_TaskSemPost    os_task.o
    0x080091b0   0x080091b0   0x00000072   Code   RO          612    i.OS_TickListInsert  os_tick.o
    0x08009222   0x08009222   0x00000002   PAD
    0x08009224   0x08009224   0x000000bc   Code   RO          613    i.OS_TickListInsertDly  os_tick.o
    0x080092e0   0x080092e0   0x00000048   Code   RO          614    i.OS_TickListRemove  os_tick.o
    0x08009328   0x08009328   0x0000008c   Code   RO          616    i.OS_TickListUpdateDly  os_tick.o
    0x080093b4   0x080093b4   0x000000b8   Code   RO          617    i.OS_TickListUpdateTimeout  os_tick.o
    0x0800946c   0x0800946c   0x00000078   Code   RO          618    i.OS_TickTask       os_tick.o
    0x080094e4   0x080094e4   0x000000bc   Code   RO          619    i.OS_TickTaskInit   os_tick.o
    0x080095a0   0x080095a0   0x00000014   Code   RO         2502    i.OpenPVPower       pvpower.o
    0x080095b4   0x080095b4   0x00000038   Code   RO         2503    i.PVPowerInit       pvpower.o
    0x080095ec   0x080095ec   0x0000000c   Code   RO         4157    i.PWR_BackupAccessCmd  stm32f10x_pwr.o
    0x080095f8   0x080095f8   0x0000000c   Code   RO         1673    i.ParaInit          init.o
    0x08009604   0x08009604   0x0000018c   Code   RO         1470    i.ParameterSave     main.o
    0x08009790   0x08009790   0x00000030   Code   RO         2180    i.PowerInit         powermanagement.o
    0x080097c0   0x080097c0   0x0000001a   Code   RO         1471    i.PowerManagement   main.o
    0x080097da   0x080097da   0x00000002   PAD
    0x080097dc   0x080097dc   0x000002a0   Code   RO         2181    i.PowerMangement    powermanagement.o
    0x08009a7c   0x08009a7c   0x00000420   Code   RO         2066    i.ProtocolAnalysis  protocolanalysis.o
    0x08009e9c   0x08009e9c   0x00000024   Code   RO         2067    i.ProtocolInit      protocolanalysis.o
    0x08009ec0   0x08009ec0   0x00000010   Code   RO         1725    i.RAzimuthAngle1    asprotocol.o
    0x08009ed0   0x08009ed0   0x00000010   Code   RO         1726    i.RAzimuthAngle2    asprotocol.o
    0x08009ee0   0x08009ee0   0x00000030   Code   RO         1727    i.RBatCurrent       asprotocol.o
    0x08009f10   0x08009f10   0x00000050   Code   RO         1728    i.RBatSOCTemp       asprotocol.o
    0x08009f60   0x08009f60   0x00000018   Code   RO         1729    i.RBatState         asprotocol.o
    0x08009f78   0x08009f78   0x00000028   Code   RO         1730    i.RBatVoltage       asprotocol.o
    0x08009fa0   0x08009fa0   0x00000018   Code   RO         4229    i.RCC_ADCCLKConfig  stm32f10x_rcc.o
    0x08009fb8   0x08009fb8   0x00000020   Code   RO         4230    i.RCC_AHBPeriphClockCmd  stm32f10x_rcc.o
    0x08009fd8   0x08009fd8   0x00000020   Code   RO         4231    i.RCC_APB1PeriphClockCmd  stm32f10x_rcc.o
    0x08009ff8   0x08009ff8   0x00000020   Code   RO         4233    i.RCC_APB2PeriphClockCmd  stm32f10x_rcc.o
    0x0800a018   0x0800a018   0x000000d4   Code   RO         4241    i.RCC_GetClocksFreq  stm32f10x_rcc.o
    0x0800a0ec   0x0800a0ec   0x0000003c   Code   RO         4242    i.RCC_GetFlagStatus  stm32f10x_rcc.o
    0x0800a128   0x0800a128   0x0000000c   Code   RO         4250    i.RCC_LSICmd        stm32f10x_rcc.o
    0x0800a134   0x0800a134   0x00000010   Code   RO         1731    i.RDeviceEdition    asprotocol.o
    0x0800a144   0x0800a144   0x0000000a   Code   RO         2293    i.RDeviceEdition1_HW0  hwprotocol.o
    0x0800a14e   0x0800a14e   0x0000000a   Code   RO         2294    i.RDeviceEdition2_HW1  hwprotocol.o
    0x0800a158   0x0800a158   0x00000010   Code   RO         1732    i.RDeviceType       asprotocol.o
    0x0800a168   0x0800a168   0x00000010   Code   RO         2295    i.RDeviceType_HW2   hwprotocol.o
    0x0800a178   0x0800a178   0x00000010   Code   RO         1733    i.RElevationAngle1  asprotocol.o
    0x0800a188   0x0800a188   0x00000010   Code   RO         1734    i.RElevationAngle2  asprotocol.o
    0x0800a198   0x0800a198   0x00000028   Code   RO         1735    i.RMotorCurrent     asprotocol.o
    0x0800a1c0   0x0800a1c0   0x00000028   Code   RO         1736    i.RPVBuckerVoltage  asprotocol.o
    0x0800a1e8   0x0800a1e8   0x00000058   Code   RO         1737    i.RPVStringCur      asprotocol.o
    0x0800a240   0x0800a240   0x00000010   Code   RO         1738    i.RRealAngle1       asprotocol.o
    0x0800a250   0x0800a250   0x00000010   Code   RO         1739    i.RRealAngle2       asprotocol.o
    0x0800a260   0x0800a260   0x0000002c   Code   RO         2296    i.RRealAngle_HW23   hwprotocol.o
    0x0800a28c   0x0800a28c   0x00000040   Code   RO         2999    i.RTCInit           rtc.o
    0x0800a2cc   0x0800a2cc   0x000000dc   Code   RO         1472    i.RTCTime           main.o
    0x0800a3a8   0x0800a3a8   0x00000010   Code   RO         1740    i.RTargetAngle1     asprotocol.o
    0x0800a3b8   0x0800a3b8   0x00000010   Code   RO         1741    i.RTargetAngle2     asprotocol.o
    0x0800a3c8   0x0800a3c8   0x00000074   Code   RO         2297    i.RTargetAngle_HW17  hwprotocol.o
    0x0800a43c   0x0800a43c   0x00000014   Code   RO         1742    i.RTemp             asprotocol.o
    0x0800a450   0x0800a450   0x00000030   Code   RO         1743    i.RWAIRemoteTarget  asprotocol.o
    0x0800a480   0x0800a480   0x00000064   Code   RO         1744    i.RWBackAngle       asprotocol.o
    0x0800a4e4   0x0800a4e4   0x00000034   Code   RO         1745    i.RWChannelEnable   asprotocol.o
    0x0800a518   0x0800a518   0x0000003c   Code   RO         1746    i.RWCleaningDockAngle  asprotocol.o
    0x0800a554   0x0800a554   0x00000038   Code   RO         1747    i.RWComID           asprotocol.o
    0x0800a58c   0x0800a58c   0x0000001c   Code   RO         1748    i.RWESoftLimitAngle1  asprotocol.o
    0x0800a5a8   0x0800a5a8   0x0000007c   Code   RO         1749    i.RWESoftLimitAngle2  asprotocol.o
    0x0800a624   0x0800a624   0x0000001c   Code   RO         1750    i.RWEWTracingAccuracy1  asprotocol.o
    0x0800a640   0x0800a640   0x0000007c   Code   RO         1751    i.RWEWTracingAccuracy2  asprotocol.o
    0x0800a6bc   0x0800a6bc   0x00000038   Code   RO         1752    i.RWEWindProtectionAngle  asprotocol.o
    0x0800a6f4   0x0800a6f4   0x0000001c   Code   RO         1753    i.RWLatitude1       asprotocol.o
    0x0800a710   0x0800a710   0x00000074   Code   RO         1754    i.RWLatitude2       asprotocol.o
    0x0800a784   0x0800a784   0x0000005c   Code   RO         2298    i.RWLatitude_HW5    hwprotocol.o
    0x0800a7e0   0x0800a7e0   0x0000001c   Code   RO         1755    i.RWLongitude1      asprotocol.o
    0x0800a7fc   0x0800a7fc   0x00000074   Code   RO         1756    i.RWLongitude2      asprotocol.o
    0x0800a870   0x0800a870   0x0000005c   Code   RO         2299    i.RWLongitude_HW4   hwprotocol.o
    0x0800a8cc   0x0800a8cc   0x00000034   Code   RO         1757    i.RWLowStopTime     asprotocol.o
    0x0800a900   0x0800a900   0x00000044   Code   RO         1758    i.RWLowWindSpeed    asprotocol.o
    0x0800a944   0x0800a944   0x00000038   Code   RO         1759    i.RWMotorOrientation  asprotocol.o
    0x0800a97c   0x0800a97c   0x00000008   Code   RO         2300    i.RWNum_HW3         hwprotocol.o
    0x0800a984   0x0800a984   0x0000001c   Code   RO         1760    i.RWPVModuleWidth1  asprotocol.o
    0x0800a9a0   0x0800a9a0   0x00000078   Code   RO         1761    i.RWPVModuleWidth2  asprotocol.o
    0x0800aa18   0x0800aa18   0x0000001c   Code   RO         1762    i.RWPostSpacing1    asprotocol.o
    0x0800aa34   0x0800aa34   0x00000094   Code   RO         1763    i.RWPostSpacing2    asprotocol.o
    0x0800aac8   0x0800aac8   0x00000030   Code   RO         1764    i.RWPowerMode       asprotocol.o
    0x0800aaf8   0x0800aaf8   0x0000001c   Code   RO         1765    i.RWProtectCurrent1  asprotocol.o
    0x0800ab14   0x0800ab14   0x00000060   Code   RO         1766    i.RWProtectCurrent2  asprotocol.o
    0x0800ab74   0x0800ab74   0x00000020   Code   RO         1767    i.RWRemoteWindSpeed  asprotocol.o
    0x0800ab94   0x0800ab94   0x00000020   Code   RO         2301    i.RWRemoteWindSpeed_HW7  hwprotocol.o
    0x0800abb4   0x0800abb4   0x0000001c   Code   RO         1768    i.RWTerrainSlope1   asprotocol.o
    0x0800abd0   0x0800abd0   0x00000060   Code   RO         1769    i.RWTerrainSlope2   asprotocol.o
    0x0800ac30   0x0800ac30   0x00000030   Code   RO         1770    i.RWTimeDay         asprotocol.o
    0x0800ac60   0x0800ac60   0x00000030   Code   RO         2302    i.RWTimeDay_HW12    hwprotocol.o
    0x0800ac90   0x0800ac90   0x00000030   Code   RO         1771    i.RWTimeHour        asprotocol.o
    0x0800acc0   0x0800acc0   0x00000030   Code   RO         2303    i.RWTimeHour_HW13   hwprotocol.o
    0x0800acf0   0x0800acf0   0x00000030   Code   RO         1772    i.RWTimeMinute      asprotocol.o
    0x0800ad20   0x0800ad20   0x00000030   Code   RO         2304    i.RWTimeMinute_HW14  hwprotocol.o
    0x0800ad50   0x0800ad50   0x00000030   Code   RO         1773    i.RWTimeMonth       asprotocol.o
    0x0800ad80   0x0800ad80   0x00000030   Code   RO         2305    i.RWTimeMonth_HW11  hwprotocol.o
    0x0800adb0   0x0800adb0   0x0000003c   Code   RO         1774    i.RWTimeSecond      asprotocol.o
    0x0800adec   0x0800adec   0x0000003c   Code   RO         2306    i.RWTimeSecond_HW15  hwprotocol.o
    0x0800ae28   0x0800ae28   0x00000030   Code   RO         1775    i.RWTimeYear        asprotocol.o
    0x0800ae58   0x0800ae58   0x00000030   Code   RO         2307    i.RWTimeYear_HW10   hwprotocol.o
    0x0800ae88   0x0800ae88   0x0000001c   Code   RO         1776    i.RWTimeZone1       asprotocol.o
    0x0800aea4   0x0800aea4   0x00000074   Code   RO         1777    i.RWTimeZone2       asprotocol.o
    0x0800af18   0x0800af18   0x00000034   Code   RO         1778    i.RWUpStartTime     asprotocol.o
    0x0800af4c   0x0800af4c   0x00000030   Code   RO         1779    i.RWUpWindSpeed     asprotocol.o
    0x0800af7c   0x0800af7c   0x0000001c   Code   RO         1780    i.RWWSoftLimitAngle1  asprotocol.o
    0x0800af98   0x0800af98   0x0000007c   Code   RO         1781    i.RWWSoftLimitAngle2  asprotocol.o
    0x0800b014   0x0800b014   0x0000003c   Code   RO         1782    i.RWWWindProtectionAngle  asprotocol.o
    0x0800b050   0x0800b050   0x00000020   Code   RO         1783    i.RWWorkMode1       asprotocol.o
    0x0800b070   0x0800b070   0x00000098   Code   RO         1784    i.RWWorkMode2       asprotocol.o
    0x0800b108   0x0800b108   0x000000cc   Code   RO         2308    i.RWWorkMode_HW6    hwprotocol.o
    0x0800b1d4   0x0800b1d4   0x00000010   Code   RO         1785    i.RWarningAndFault1  asprotocol.o
    0x0800b1e4   0x0800b1e4   0x00000010   Code   RO         2309    i.RWarningAndFault1_HW20  hwprotocol.o
    0x0800b1f4   0x0800b1f4   0x00000010   Code   RO         1786    i.RWarningAndFault2  asprotocol.o
    0x0800b204   0x0800b204   0x00000010   Code   RO         2310    i.RWarningAndFault2_HW21  hwprotocol.o
    0x0800b214   0x0800b214   0x00000038   Code   RO         2864    i.ReadConfigParaFromFlash  flashstoragehal.o
    0x0800b24c   0x0800b24c   0x00000074   Code   RO         2427    i.ReadRegister      anglesensorhal.o
    0x0800b2c0   0x0800b2c0   0x00000036   Code   RO         2865    i.ReadWorkModeFromFlash  flashstoragehal.o
    0x0800b2f6   0x0800b2f6   0x00000002   PAD
    0x0800b2f8   0x0800b2f8   0x000000b4   Code   RO         2428    i.SPI1Init          anglesensorhal.o
    0x0800b3ac   0x0800b3ac   0x00000018   Code   RO         4445    i.SPI_CalculateCRC  stm32f10x_spi.o
    0x0800b3c4   0x0800b3c4   0x00000018   Code   RO         4446    i.SPI_Cmd           stm32f10x_spi.o
    0x0800b3dc   0x0800b3dc   0x00000012   Code   RO         4454    i.SPI_I2S_GetFlagStatus  stm32f10x_spi.o
    0x0800b3ee   0x0800b3ee   0x0000003c   Code   RO         4459    i.SPI_Init          stm32f10x_spi.o
    0x0800b42a   0x0800b42a   0x00000002   PAD
    0x0800b42c   0x0800b42c   0x00000078   Code   RO         1473    i.Sampling          main.o
    0x0800b4a4   0x0800b4a4   0x00000038   Code   RO         2866    i.ScanLastWorkModeAddr  flashstoragehal.o
    0x0800b4dc   0x0800b4dc   0x00000008   Code   RO         5356    i.SetSysClock       system_stm32f10x.o
    0x0800b4e4   0x0800b4e4   0x000000e0   Code   RO         5357    i.SetSysClockTo72   system_stm32f10x.o
    0x0800b5c4   0x0800b5c4   0x000001c8   Code   RO         3000    i.SetTime           rtc.o
    0x0800b78c   0x0800b78c   0x00000060   Code   RO         5359    i.SystemInit        system_stm32f10x.o
    0x0800b7ec   0x0800b7ec   0x00000070   Code   RO         2658    i.TIM3Init          motorcontrol.o
    0x0800b85c   0x0800b85c   0x0000021c   Code   RO         2659    i.TIM3_IRQHandler   motorcontrol.o
    0x0800ba78   0x0800ba78   0x00000018   Code   RO         4601    i.TIM_ARRPreloadConfig  stm32f10x_tim.o
    0x0800ba90   0x0800ba90   0x00000006   Code   RO         4608    i.TIM_ClearITPendingBit  stm32f10x_tim.o
    0x0800ba96   0x0800ba96   0x00000018   Code   RO         4613    i.TIM_Cmd           stm32f10x_tim.o
    0x0800baae   0x0800baae   0x00000022   Code   RO         4634    i.TIM_GetITStatus   stm32f10x_tim.o
    0x0800bad0   0x0800bad0   0x00000012   Code   RO         4638    i.TIM_ITConfig      stm32f10x_tim.o
    0x0800bae2   0x0800bae2   0x00000004   Code   RO         4672    i.TIM_SetAutoreload  stm32f10x_tim.o
    0x0800bae6   0x0800bae6   0x00000004   Code   RO         4674    i.TIM_SetCompare1   stm32f10x_tim.o
    0x0800baea   0x0800baea   0x00000002   PAD
    0x0800baec   0x0800baec   0x000000a4   Code   RO         4684    i.TIM_TimeBaseInit  stm32f10x_tim.o
    0x0800bb90   0x0800bb90   0x00000014   Code   RO         3039    i.TMP75Init         tmpsensor.o
    0x0800bba4   0x0800bba4   0x00000030   Code   RO         3040    i.TMPSensorInit     tmpsensor.o
    0x0800bbd4   0x0800bbd4   0x00000024   Code   RO         2660    i.TimerStart        motorcontrol.o
    0x0800bbf8   0x0800bbf8   0x00000024   Code   RO         2661    i.TimerStop         motorcontrol.o
    0x0800bc1c   0x0800bc1c   0x0000016c   Code   RO         2798    i.UART4Init         modbusframehal.o
    0x0800bd88   0x0800bd88   0x000000c8   Code   RO         2799    i.UART4_IRQHandler  modbusframehal.o
    0x0800be50   0x0800be50   0x0000001e   Code   RO         5158    i.USART_ClearITPendingBit  stm32f10x_usart.o
    0x0800be6e   0x0800be6e   0x00000018   Code   RO         5161    i.USART_Cmd         stm32f10x_usart.o
    0x0800be86   0x0800be86   0x00000012   Code   RO         5162    i.USART_DMACmd      stm32f10x_usart.o
    0x0800be98   0x0800be98   0x00000054   Code   RO         5165    i.USART_GetITStatus  stm32f10x_usart.o
    0x0800beec   0x0800beec   0x0000004a   Code   RO         5167    i.USART_ITConfig    stm32f10x_usart.o
    0x0800bf36   0x0800bf36   0x00000002   PAD
    0x0800bf38   0x0800bf38   0x000000d8   Code   RO         5168    i.USART_Init        stm32f10x_usart.o
    0x0800c010   0x0800c010   0x000000d8   Code   RO         2100    i.WindCheck         workmodemanager.o
    0x0800c0e8   0x0800c0e8   0x00000020   Code   RO         2101    i.WorkModeInit      workmodemanager.o
    0x0800c108   0x0800c108   0x00000010   Code   RO         2102    i.WorkModeMg        workmodemanager.o
    0x0800c118   0x0800c118   0x00000030   Code   RO         1474    i.WorkmodeControl   main.o
    0x0800c148   0x0800c148   0x0000005c   Code   RO         2867    i.WriteConfigParaToFlash  flashstoragehal.o
    0x0800c1a4   0x0800c1a4   0x00000040   Code   RO         2868    i.WriteIAPFlagToFlash  flashstoragehal.o
    0x0800c1e4   0x0800c1e4   0x00000044   Code   RO         2869    i.WriteNewSystemToFlash  flashstoragehal.o
    0x0800c228   0x0800c228   0x00000070   Code   RO         2429    i.WriteRegister     anglesensorhal.o
    0x0800c298   0x0800c298   0x0000008c   Code   RO         2870    i.WriteWorkModeToFlash  flashstoragehal.o
    0x0800c324   0x0800c324   0x00000026   Code   RO         5543    i.__ARM_fpclassifyf  m_ws.l(fpclassifyf.o)
    0x0800c34a   0x0800c34a   0x00000006   Code   RO         5546    i.__mathlib_flt_infnan  m_ws.l(funder.o)
    0x0800c350   0x0800c350   0x00000004   Code   RO         5547    i.__mathlib_flt_infnan2  m_ws.l(funder.o)
    0x0800c354   0x0800c354   0x00000008   Code   RO         5548    i.__mathlib_flt_invalid  m_ws.l(funder.o)
    0x0800c35c   0x0800c35c   0x0000000a   Code   RO         5551    i.__mathlib_flt_underflow  m_ws.l(funder.o)
    0x0800c366   0x0800c366   0x00000002   PAD
    0x0800c368   0x0800c368   0x00000168   Code   RO         5559    i.__mathlib_rredf2  m_ws.l(rredf.o)
    0x0800c4d0   0x0800c4d0   0x0000011c   Code   RO         5472    i.acosf             m_ws.l(acosf.o)
    0x0800c5ec   0x0800c5ec   0x00000124   Code   RO         5480    i.asinf             m_ws.l(asinf.o)
    0x0800c710   0x0800c710   0x0000025c   Code   RO         5488    i.atan2f            m_ws.l(atan2f.o)
    0x0800c96c   0x0800c96c   0x0000017c   Code   RO         5496    i.cosf              m_ws.l(cosf.o)
    0x0800cae8   0x0800cae8   0x000003b0   Code   RO         1475    i.main              main.o
    0x0800ce98   0x0800ce98   0x00000004   Code   RO         5503    i.rint              m_ws.l(rint.o)
    0x0800ce9c   0x0800ce9c   0x00000188   Code   RO         5506    i.sinf              m_ws.l(sinf.o)
    0x0800d024   0x0800d024   0x0000002c   Code   RO         5563    i.sqrtf             m_ws.l(sqrtf.o)
    0x0800d050   0x0800d050   0x00000174   Code   RO         5514    i.tanf              m_ws.l(tanf.o)
    0x0800d1c4   0x0800d1c4   0x00000062   Code   RO         5405    x$fpl$d2f           fz_ws.l(d2f.o)
    0x0800d226   0x0800d226   0x00000002   PAD
    0x0800d228   0x0800d228   0x00000150   Code   RO         5407    x$fpl$dadd          fz_ws.l(daddsub_clz.o)
    0x0800d378   0x0800d378   0x00000018   Code   RO         5524    x$fpl$dcmpinf       fz_ws.l(dcmpi.o)
    0x0800d390   0x0800d390   0x000002b0   Code   RO         5414    x$fpl$ddiv          fz_ws.l(ddiv.o)
    0x0800d640   0x0800d640   0x00000078   Code   RO         5417    x$fpl$deqf          fz_ws.l(deqf.o)
    0x0800d6b8   0x0800d6b8   0x0000005e   Code   RO         5419    x$fpl$dfix          fz_ws.l(dfix.o)
    0x0800d716   0x0800d716   0x00000002   PAD
    0x0800d718   0x0800d718   0x0000005a   Code   RO         5423    x$fpl$dfixu         fz_ws.l(dfixu.o)
    0x0800d772   0x0800d772   0x0000002e   Code   RO         5428    x$fpl$dflt          fz_ws.l(dflt_clz.o)
    0x0800d7a0   0x0800d7a0   0x00000026   Code   RO         5427    x$fpl$dfltu         fz_ws.l(dflt_clz.o)
    0x0800d7c6   0x0800d7c6   0x00000002   PAD
    0x0800d7c8   0x0800d7c8   0x00000078   Code   RO         5433    x$fpl$dleqf         fz_ws.l(dleqf.o)
    0x0800d840   0x0800d840   0x00000154   Code   RO         5435    x$fpl$dmul          fz_ws.l(dmul.o)
    0x0800d994   0x0800d994   0x0000009c   Code   RO         5526    x$fpl$dnaninf       fz_ws.l(dnaninf.o)
    0x0800da30   0x0800da30   0x0000000c   Code   RO         5528    x$fpl$dretinf       fz_ws.l(dretinf.o)
    0x0800da3c   0x0800da3c   0x0000006c   Code   RO         5437    x$fpl$drleqf        fz_ws.l(drleqf.o)
    0x0800daa8   0x0800daa8   0x000000b4   Code   RO         5530    x$fpl$drnd          fz_ws.l(drnd.o)
    0x0800db5c   0x0800db5c   0x00000016   Code   RO         5408    x$fpl$drsb          fz_ws.l(daddsub_clz.o)
    0x0800db72   0x0800db72   0x00000002   PAD
    0x0800db74   0x0800db74   0x000001d4   Code   RO         5409    x$fpl$dsub          fz_ws.l(daddsub_clz.o)
    0x0800dd48   0x0800dd48   0x00000056   Code   RO         5439    x$fpl$f2d           fz_ws.l(f2d.o)
    0x0800dd9e   0x0800dd9e   0x00000002   PAD
    0x0800dda0   0x0800dda0   0x000000c4   Code   RO         5441    x$fpl$fadd          fz_ws.l(faddsub_clz.o)
    0x0800de64   0x0800de64   0x0000000c   Code   RO         5590    x$fpl$fcheck1       fz_ws.l(fcheck1.o)
    0x0800de70   0x0800de70   0x00000018   Code   RO         5532    x$fpl$fcmpinf       fz_ws.l(fcmpi.o)
    0x0800de88   0x0800de88   0x00000184   Code   RO         5448    x$fpl$fdiv          fz_ws.l(fdiv.o)
    0x0800e00c   0x0800e00c   0x00000036   Code   RO         5451    x$fpl$ffix          fz_ws.l(ffix.o)
    0x0800e042   0x0800e042   0x00000002   PAD
    0x0800e044   0x0800e044   0x0000003e   Code   RO         5455    x$fpl$ffixu         fz_ws.l(ffixu.o)
    0x0800e082   0x0800e082   0x00000002   PAD
    0x0800e084   0x0800e084   0x00000030   Code   RO         5460    x$fpl$fflt          fz_ws.l(fflt_clz.o)
    0x0800e0b4   0x0800e0b4   0x00000026   Code   RO         5459    x$fpl$ffltu         fz_ws.l(fflt_clz.o)
    0x0800e0da   0x0800e0da   0x00000002   PAD
    0x0800e0dc   0x0800e0dc   0x00000068   Code   RO         5465    x$fpl$fleqf         fz_ws.l(fleqf.o)
    0x0800e144   0x0800e144   0x00000102   Code   RO         5467    x$fpl$fmul          fz_ws.l(fmul.o)
    0x0800e246   0x0800e246   0x0000008c   Code   RO         5534    x$fpl$fnaninf       fz_ws.l(fnaninf.o)
    0x0800e2d2   0x0800e2d2   0x0000000a   Code   RO         5536    x$fpl$fretinf       fz_ws.l(fretinf.o)
    0x0800e2dc   0x0800e2dc   0x00000062   Code   RO         5469    x$fpl$frleqf        fz_ws.l(frleqf.o)
    0x0800e33e   0x0800e33e   0x00000002   PAD
    0x0800e340   0x0800e340   0x00000060   Code   RO         5538    x$fpl$frnd          fz_ws.l(frnd.o)
    0x0800e3a0   0x0800e3a0   0x00000014   Code   RO         5442    x$fpl$frsb          fz_ws.l(faddsub_clz.o)
    0x0800e3b4   0x0800e3b4   0x00000110   Code   RO         5592    x$fpl$fsqrt         fz_ws.l(fsqrt.o)
    0x0800e4c4   0x0800e4c4   0x000000ea   Code   RO         5443    x$fpl$fsub          fz_ws.l(faddsub_clz.o)
    0x0800e5ae   0x0800e5ae   0x00000064   Code   RO         5607    x$fpl$retnan        fz_ws.l(retnan.o)
    0x0800e612   0x0800e612   0x0000004c   Code   RO         5540    x$fpl$scalbnf       fz_ws.l(scalbnf.o)
    0x0800e65e   0x0800e65e   0x00000030   Code   RO         5656    x$fpl$trapveneer    fz_ws.l(trapv.o)
    0x0800e68e   0x0800e68e   0x00000000   Code   RO         5542    x$fpl$usenofp       fz_ws.l(usenofp.o)
    0x0800e68e   0x0800e68e   0x00000002   PAD
    0x0800e690   0x0800e690   0x00000094   Data   RO            3    .constdata          os_cfg_app.o
    0x0800e724   0x0800e724   0x00000020   Data   RO         5560    .constdata          m_ws.l(rredf.o)
    0x0800e744   0x0800e744   0x00000020   Data   RO         5735    Region$$Table       anon$$obj.o


    Execution Region RW_IRAM1 (Exec base: 0x20000000, Load base: 0x0800e764, Size: 0x00005598, Max: 0x00010000, ABSOLUTE, COMPRESSED[0x00000020])

    Exec Addr    Load Addr    Size         Type   Attr      Idx    E Section Name        Object

    0x20000000   COMPRESSED   0x00000004   Data   RW          399    .data               os_prio.o
    0x20000004   COMPRESSED   0x00000060   Data   RW          701    .data               os_var.o
    0x20000064   COMPRESSED   0x00000004   Data   RW          729    .data               os_cpu_c.o
    0x20000068   COMPRESSED   0x0000001c   Data   RW          829    .data               cpu_core.o
    0x20000084   COMPRESSED   0x0000000c   Data   RW         1477    .data               main.o
    0x20000090   COMPRESSED   0x00000008   Data   RW         2068    .data               protocolanalysis.o
    0x20000098   COMPRESSED   0x00000017   Data   RW         2103    .data               workmodemanager.o
    0x200000af   COMPRESSED   0x00000001   PAD
    0x200000b0   COMPRESSED   0x0000000e   Data   RW         2182    .data               powermanagement.o
    0x200000be   COMPRESSED   0x00000002   PAD
    0x200000c0   COMPRESSED   0x00000013   Data   RW         2259    .data               motorprotection.o
    0x200000d3   COMPRESSED   0x00000001   PAD
    0x200000d4   COMPRESSED   0x00000002   Data   RW         2312    .data               hwprotocol.o
    0x200000d6   COMPRESSED   0x00000002   PAD
    0x200000d8   COMPRESSED   0x0000003c   Data   RW         2430    .data               anglesensorhal.o
    0x20000114   COMPRESSED   0x00000006   Data   RW         2663    .data               motorcontrol.o
    0x2000011a   COMPRESSED   0x00000001   Data   RW         2752    .data               ledhal.o
    0x2000011b   COMPRESSED   0x00000001   PAD
    0x2000011c   COMPRESSED   0x00000008   Data   RW         2801    .data               modbusframehal.o
    0x20000124   COMPRESSED   0x00000018   Data   RW         2937    .data               adcsample.o
    0x2000013c   COMPRESSED   0x00000014   Data   RW         4261    .data               stm32f10x_rcc.o
    0x20000150        -       0x00000600   Zero   RW            2    .bss                os_cfg_app.o
    0x20000750        -       0x00000260   Zero   RW          700    .bss                os_var.o
    0x200009b0        -       0x00003dc0   Zero   RW         1476    .bss                main.o
    0x20004770        -       0x000001c8   Zero   RW         1787    .bss                asprotocol.o
    0x20004938        -       0x00000064   Zero   RW         2311    .bss                hwprotocol.o
    0x2000499c        -       0x00000028   Zero   RW         2552    .bss                batterypower.o
    0x200049c4        -       0x0000001c   Zero   RW         2662    .bss                motorcontrol.o
    0x200049e0        -       0x000004c8   Zero   RW         2800    .bss                modbusframehal.o
    0x20004ea8        -       0x00000078   Zero   RW         2936    .bss                adcsample.o
    0x20004f20        -       0x00000018   Zero   RW         3041    .bss                tmpsensor.o
    0x20004f38        -       0x00000060   Zero   RW         5595    .bss                c_w.l(libspace.o)
    0x20004f98        -       0x00000200   Zero   RW         5347    HEAP                startup_stm32f10x_hd.o
    0x20005198        -       0x00000400   Zero   RW         5346    STACK               startup_stm32f10x_hd.o


==============================================================================

Image component sizes


      Code (inc. data)   RO Data    RW Data    ZI Data      Debug   Object Name

      1024        156          0         24        120       5051   adcsample.o
      1848        140          0         60          0       5817   anglesensorhal.o
      3900        696          0          0        456      35293   asprotocol.o
      5976        474          0          0          0       4671   astronomicalalgorithms.o
        94          0          0          0          0       1437   backupregister.o
      1512        216          0          0         40       9454   batterypower.o
        52          0          0          0          0        296   cpu_a.o
       264         54          0         28          0       5751   cpu_core.o
       602         46          0          0          0       5966   flashstoragehal.o
       132         12          0          0          0       1015   hardwareversion.o
      1168        212          0          2        100      12026   hwprotocol.o
       970          0          0          0          0       7640   iicbsp.o
       340         38          0          0          0       2221   init.o
       132         22          0          1          0       1774   ledhal.o
      2980        460          0         12      15808     322428   main.o
       132         22          0          0          0       1691   misc.o
      1110         80          0          8       1224       6455   modbusframehal.o
      1304        166          0          6         28       8304   motorcontrol.o
      1380         84          0         19          0       2858   motorprotection.o
         2          0        148          0       1536      28581   os_cfg_app.o
      1852        264          0          0          0      28017   os_core.o
       152         32          0          0          0        356   os_cpu_a.o
       604         62          0          4          0       6344   os_cpu_c.o
      1738         52          0          0          0       6861   os_flag.o
       136         16          0          4          0       2642   os_prio.o
        16          6          0          0          0        797   os_sem.o
      1890         90          0          0          0       7271   os_task.o
      1006         92          0          0          0       5343   os_tick.o
       220         18          0          0          0       1545   os_time.o
         0          0          0         96        608      15530   os_var.o
      1508        114          0         14          0       3537   powermanagement.o
      1092         20          0          8          0       2759   protocolanalysis.o
        96         18          0          0          0       1327   pvpower.o
       978         12          0          0          0       2878   rtc.o
        64         26        304          0       1536        836   startup_stm32f10x_hd.o
       376         10          0          0          0       7737   stm32f10x_adc.o
       100         28          0          0          0       3933   stm32f10x_bkp.o
       174         18          0          0          0       4746   stm32f10x_dma.o
       446         46          0          0          0       6974   stm32f10x_flash.o
       448          6          0          0          0       4746   stm32f10x_gpio.o
        68         30          0          0          0       2642   stm32f10x_iwdg.o
        12          6          0          0          0        546   stm32f10x_pwr.o
       404         54          0         20          0       7030   stm32f10x_rcc.o
       126          0          0          0          0       3524   stm32f10x_spi.o
       278         42          0          0          0       5547   stm32f10x_tim.o
       446          6          0          0          0       5963   stm32f10x_usart.o
       328         30          0          0          0       2005   system_stm32f10x.o
       148         18          0          0         24       1665   tmpsensor.o
      2368        300          0         23          0       8609   workmodemanager.o

    ----------------------------------------------------------------------
     42032       4294        484        336      21480     620439   Object Totals
         0          0         32          0          0          0   (incl. Generated)
        36          0          0          7          0          0   (incl. Padding)

    ----------------------------------------------------------------------

      Code (inc. data)   RO Data    RW Data    ZI Data      Debug   Library Member Name

        90          0          0          0          0          0   __dczerorl2.o
         8          0          0          0          0         68   __main.o
         0          0          0          0          0          0   __rtentry.o
        12          0          0          0          0          0   __rtentry2.o
         6          0          0          0          0          0   __rtentry4.o
        52          8          0          0          0          0   __scatter.o
        28          0          0          0          0          0   __scatter_zi.o
        22          0          0          0          0        100   _rserrno.o
        18          0          0          0          0         80   exit.o
         6          0          0          0          0        152   heapauxi.o
         0          0          0          0          0          0   indicate_semi.o
         2          0          0          0          0          0   libinit.o
         2          0          0          0          0          0   libinit2.o
         2          0          0          0          0          0   libshutdown.o
         2          0          0          0          0          0   libshutdown2.o
         8          4          0          0         96         68   libspace.o
         8          4          0          0          0         68   rt_errno_addr_intlibspace.o
         2          0          0          0          0          0   rtexit.o
        10          0          0          0          0          0   rtexit2.o
        12          4          0          0          0         68   sys_exit.o
        74          0          0          0          0         80   sys_stackheap_outer.o
         2          0          0          0          0         68   use_no_semi.o
        98          4          0          0          0         92   d2f.o
       826         16          0          0          0        348   daddsub_clz.o
        24          0          0          0          0         68   dcmpi.o
       688        140          0          0          0        208   ddiv.o
       120          4          0          0          0         92   deqf.o
        94          4          0          0          0         92   dfix.o
        90          4          0          0          0         92   dfixu.o
        84          0          0          0          0        136   dflt_clz.o
       120          4          0          0          0         92   dleqf.o
       340         12          0          0          0        104   dmul.o
       156          4          0          0          0         92   dnaninf.o
        12          0          0          0          0         68   dretinf.o
       108          0          0          0          0         80   drleqf.o
       180          4          0          0          0         80   drnd.o
        86          4          0          0          0         84   f2d.o
       450          8          0          0          0        236   faddsub_clz.o
        12          4          0          0          0         68   fcheck1.o
        24          0          0          0          0         68   fcmpi.o
       388         76          0          0          0         96   fdiv.o
        54          4          0          0          0         84   ffix.o
        62          4          0          0          0         84   ffixu.o
        86          0          0          0          0        136   fflt_clz.o
       104          4          0          0          0         84   fleqf.o
       258          4          0          0          0         84   fmul.o
       140          4          0          0          0         84   fnaninf.o
        10          0          0          0          0         68   fretinf.o
        98          0          0          0          0         68   frleqf.o
        96          4          0          0          0         76   frnd.o
       272        100          0          0          0         88   fsqrt.o
       100          0          0          0          0         68   retnan.o
        76          0          0          0          0         68   scalbnf.o
        48          0          0          0          0         68   trapv.o
         0          0          0          0          0          0   usenofp.o
       284         42          0          0          0        120   acosf.o
       292         38          0          0          0        120   asinf.o
       604         76          0          0          0        116   atan2f.o
       380         52          0          0          0        124   cosf.o
        38          0          0          0          0         68   fpclassifyf.o
        28          0          0          0          0        272   funder.o
         4          0          0          0          0         68   rint.o
       360         16         32          0          0         88   rredf.o
       392         54          0          0          0        124   sinf.o
        44          0          0          0          0         80   sqrtf.o
       372         58          0          0          0        124   tanf.o

    ----------------------------------------------------------------------
      8496        768         32          0         96       5312   Library Totals
        28          0          0          0          0          0   (incl. Padding)

    ----------------------------------------------------------------------

      Code (inc. data)   RO Data    RW Data    ZI Data      Debug   Library Name

       366         20          0          0         96        752   c_w.l
      5304        412          0          0          0       3256   fz_ws.l
      2798        336         32          0          0       1304   m_ws.l

    ----------------------------------------------------------------------
      8496        768         32          0         96       5312   Library Totals

    ----------------------------------------------------------------------

==============================================================================


      Code (inc. data)   RO Data    RW Data    ZI Data      Debug   

     50528       5062        516        336      21576     604427   Grand Totals
     50528       5062        516         32      21576     604427   ELF Image Totals (compressed)
     50528       5062        516         32          0          0   ROM Totals

==============================================================================

    Total RO  Size (Code + RO Data)                51044 (  49.85kB)
    Total RW  Size (RW Data + ZI Data)             21912 (  21.40kB)
    Total ROM Size (Code + RO Data + RW Data)      51076 (  49.88kB)

==============================================================================

