Component: ARM Compiler 5.06 update 6 (build 750) Tool: armlink [4d35ed]

==============================================================================

Section Cross References

    os_cfg_app.o(.constdata) refers to os_cfg_app.o(.bss) for OSCfg_IdleTaskStk
    os_core.o(i.OSInit) refers to os_cpu_c.o(i.OSInitHook) for OSInitHook
    os_core.o(i.OSInit) refers to os_prio.o(i.OS_PrioInit) for OS_PrioInit
    os_core.o(i.OSInit) refers to os_core.o(i.OS_RdyListInit) for OS_RdyListInit
    os_core.o(i.OSInit) refers to os_flag.o(i.OS_FlagInit) for OS_FlagInit
    os_core.o(i.OSInit) refers to os_sem.o(i.OS_SemInit) for OS_SemInit
    os_core.o(i.OSInit) refers to os_task.o(i.OS_TaskInit) for OS_TaskInit
    os_core.o(i.OSInit) refers to os_core.o(i.OS_IdleTaskInit) for OS_IdleTaskInit
    os_core.o(i.OSInit) refers to os_tick.o(i.OS_TickTaskInit) for OS_TickTaskInit
    os_core.o(i.OSInit) refers to os_cfg_app.o(i.OSCfg_Init) for OSCfg_Init
    os_core.o(i.OSInit) refers to os_var.o(.data) for OSIntNestingCtr
    os_core.o(i.OSInit) refers to os_cfg_app.o(.constdata) for OSCfg_ISRStkSize
    os_core.o(i.OSIntEnter) refers to os_var.o(.data) for OSRunning
    os_core.o(i.OSIntExit) refers to cpu_a.o(.text) for CPU_SR_Save
    os_core.o(i.OSIntExit) refers to os_prio.o(i.OS_PrioGetHighest) for OS_PrioGetHighest
    os_core.o(i.OSIntExit) refers to os_cpu_a.o(CODE) for OSIntCtxSw
    os_core.o(i.OSIntExit) refers to os_var.o(.data) for OSRunning
    os_core.o(i.OSIntExit) refers to os_var.o(.bss) for OSRdyList
    os_core.o(i.OSSched) refers to cpu_a.o(.text) for CPU_SR_Save
    os_core.o(i.OSSched) refers to os_prio.o(i.OS_PrioGetHighest) for OS_PrioGetHighest
    os_core.o(i.OSSched) refers to os_cpu_a.o(CODE) for OSCtxSw
    os_core.o(i.OSSched) refers to os_var.o(.data) for OSIntNestingCtr
    os_core.o(i.OSSched) refers to os_var.o(.bss) for OSRdyList
    os_core.o(i.OSSchedLock) refers to cpu_a.o(.text) for CPU_SR_Save
    os_core.o(i.OSSchedLock) refers to cpu_core.o(i.CPU_IntDisMeasStart) for CPU_IntDisMeasStart
    os_core.o(i.OSSchedLock) refers to os_core.o(i.OS_SchedLockTimeMeasStart) for OS_SchedLockTimeMeasStart
    os_core.o(i.OSSchedLock) refers to cpu_core.o(i.CPU_IntDisMeasStop) for CPU_IntDisMeasStop
    os_core.o(i.OSSchedLock) refers to os_var.o(.data) for OSIntNestingCtr
    os_core.o(i.OSSchedUnlock) refers to cpu_a.o(.text) for CPU_SR_Save
    os_core.o(i.OSSchedUnlock) refers to cpu_core.o(i.CPU_IntDisMeasStart) for CPU_IntDisMeasStart
    os_core.o(i.OSSchedUnlock) refers to cpu_core.o(i.CPU_IntDisMeasStop) for CPU_IntDisMeasStop
    os_core.o(i.OSSchedUnlock) refers to os_core.o(i.OS_SchedLockTimeMeasStop) for OS_SchedLockTimeMeasStop
    os_core.o(i.OSSchedUnlock) refers to os_core.o(i.OSSched) for OSSched
    os_core.o(i.OSSchedUnlock) refers to os_var.o(.data) for OSIntNestingCtr
    os_core.o(i.OSStart) refers to os_prio.o(i.OS_PrioGetHighest) for OS_PrioGetHighest
    os_core.o(i.OSStart) refers to os_cpu_a.o(CODE) for OSStartHighRdy
    os_core.o(i.OSStart) refers to os_var.o(.data) for OSRunning
    os_core.o(i.OSStart) refers to os_var.o(.bss) for OSRdyList
    os_core.o(i.OS_IdleTask) refers to cpu_a.o(.text) for CPU_SR_Save
    os_core.o(i.OS_IdleTask) refers to cpu_core.o(i.CPU_IntDisMeasStart) for CPU_IntDisMeasStart
    os_core.o(i.OS_IdleTask) refers to cpu_core.o(i.CPU_IntDisMeasStop) for CPU_IntDisMeasStop
    os_core.o(i.OS_IdleTask) refers to os_cpu_c.o(i.OSIdleTaskHook) for OSIdleTaskHook
    os_core.o(i.OS_IdleTask) refers to os_var.o(.data) for OSIdleTaskCtr
    os_core.o(i.OS_IdleTaskInit) refers to os_task.o(i.OSTaskCreate) for OSTaskCreate
    os_core.o(i.OS_IdleTaskInit) refers to os_var.o(.data) for OSIdleTaskCtr
    os_core.o(i.OS_IdleTaskInit) refers to os_cfg_app.o(.constdata) for OSCfg_IdleTaskStkSize
    os_core.o(i.OS_IdleTaskInit) refers to os_core.o(i.OS_IdleTask) for OS_IdleTask
    os_core.o(i.OS_IdleTaskInit) refers to os_var.o(.bss) for OSIdleTaskTCB
    os_core.o(i.OS_Pend) refers to os_core.o(i.OS_TaskBlock) for OS_TaskBlock
    os_core.o(i.OS_Pend) refers to os_core.o(i.OS_PendDataInit) for OS_PendDataInit
    os_core.o(i.OS_Pend) refers to os_core.o(i.OS_PendListInsertPrio) for OS_PendListInsertPrio
    os_core.o(i.OS_Pend) refers to os_var.o(.data) for OSTCBCurPtr
    os_core.o(i.OS_PendAbort) refers to os_core.o(i.OS_PendAbort1) for OS_PendAbort1
    os_core.o(i.OS_PendAbort) refers to os_core.o(i.OS_PendListRemove) for OS_PendListRemove
    os_core.o(i.OS_PendAbort) refers to os_tick.o(i.OS_TickListRemove) for OS_TickListRemove
    os_core.o(i.OS_PendAbort) refers to os_core.o(i.OS_RdyListInsert) for OS_RdyListInsert
    os_core.o(i.OS_PendListChangePrio) refers to os_core.o(i.OS_PendListRemove1) for OS_PendListRemove1
    os_core.o(i.OS_PendListChangePrio) refers to os_core.o(i.OS_PendListInsertPrio) for OS_PendListInsertPrio
    os_core.o(i.OS_PendListRemove) refers to os_core.o(i.OS_PendListRemove1) for OS_PendListRemove1
[...]
    OSStart                                  0x08007ff5   Thumb Code    78  os_core.o(i.OSStart)
    OSTaskCreate                             0x0800805d   Thumb Code   368  os_task.o(i.OSTaskCreate)
    OSTaskCreateHook                         0x080081e1   Thumb Code    20  os_cpu_c.o(i.OSTaskCreateHook)
    OSTaskDel                                0x080081f9   Thumb Code   284  os_task.o(i.OSTaskDel)
    OSTaskDelHook                            0x08008325   Thumb Code    20  os_cpu_c.o(i.OSTaskDelHook)
    OSTaskReturnHook                         0x0800833d   Thumb Code    20  os_cpu_c.o(i.OSTaskReturnHook)
    OSTaskSemPend                            0x08008355   Thumb Code   472  os_task.o(i.OSTaskSemPend)
    OSTaskSemPost                            0x08008539   Thumb Code    62  os_task.o(i.OSTaskSemPost)
    OSTaskStkInit                            0x08008579   Thumb Code   192  os_cpu_c.o(i.OSTaskStkInit)
    OSTaskSwHook                             0x0800863d   Thumb Code   126  os_cpu_c.o(i.OSTaskSwHook)
    OSTimeDly                                0x080086cd   Thumb Code   184  os_time.o(i.OSTimeDly)
    OSTimeTick                               0x08008791   Thumb Code    18  os_time.o(i.OSTimeTick)
    OSTimeTickHook                           0x080087a9   Thumb Code    16  os_cpu_c.o(i.OSTimeTickHook)
    OS_CPU_SysTickHandler                    0x080087bd   Thumb Code    60  os_cpu_c.o(i.OS_CPU_SysTickHandler)
    OS_CPU_SysTickInit                       0x080087fd   Thumb Code    44  os_cpu_c.o(i.OS_CPU_SysTickInit)
    OS_FlagBlock                             0x0800882d   Thumb Code    54  os_flag.o(i.OS_FlagBlock)
    OS_FlagInit                              0x08008869   Thumb Code    10  os_flag.o(i.OS_FlagInit)
    OS_FlagPost                              0x08008879   Thumb Code   370  os_flag.o(i.OS_FlagPost)
    OS_FlagTaskRdy                           0x080089eb   Thumb Code   100  os_flag.o(i.OS_FlagTaskRdy)
    OS_IdleTask                              0x08008a51   Thumb Code    56  os_core.o(i.OS_IdleTask)
    OS_IdleTaskInit                          0x08008a8d   Thumb Code    66  os_core.o(i.OS_IdleTaskInit)
    OS_Pend                                  0x08008afd   Thumb Code    88  os_core.o(i.OS_Pend)
    OS_PendDataInit                          0x08008b59   Thumb Code    38  os_core.o(i.OS_PendDataInit)
    OS_PendListInit                          0x08008b7f   Thumb Code    10  os_core.o(i.OS_PendListInit)
    OS_PendListInsertPrio                    0x08008b89   Thumb Code   102  os_core.o(i.OS_PendListInsertPrio)
    OS_PendListRemove                        0x08008bef   Thumb Code    48  os_core.o(i.OS_PendListRemove)
    OS_PendListRemove1                       0x08008c1f   Thumb Code    66  os_core.o(i.OS_PendListRemove1)
    OS_Post                                  0x08008c61   Thumb Code   186  os_core.o(i.OS_Post)
    OS_Post1                                 0x08008d1b   Thumb Code    42  os_core.o(i.OS_Post1)
    OS_PrioGetHighest                        0x08008d45   Thumb Code    36  os_prio.o(i.OS_PrioGetHighest)
    OS_PrioInit                              0x08008d6d   Thumb Code    20  os_prio.o(i.OS_PrioInit)
    OS_PrioInsert                            0x08008d85   Thumb Code    32  os_prio.o(i.OS_PrioInsert)
    OS_PrioRemove                            0x08008da9   Thumb Code    32  os_prio.o(i.OS_PrioRemove)
    OS_RdyListInit                           0x08008dcd   Thumb Code    32  os_core.o(i.OS_RdyListInit)
    OS_RdyListInsert                         0x08008df1   Thumb Code    40  os_core.o(i.OS_RdyListInsert)
    OS_RdyListInsertHead                     0x08008e1d   Thumb Code    58  os_core.o(i.OS_RdyListInsertHead)
    OS_RdyListInsertTail                     0x08008e5d   Thumb Code    56  os_core.o(i.OS_RdyListInsertTail)
    OS_RdyListRemove                         0x08008e99   Thumb Code    86  os_core.o(i.OS_RdyListRemove)
    OS_SemInit                               0x08008ef5   Thumb Code    10  os_sem.o(i.OS_SemInit)
    OS_TaskBlock                             0x08008f05   Thumb Code    40  os_core.o(i.OS_TaskBlock)
    OS_TaskInit                              0x08008f31   Thumb Code    14  os_task.o(i.OS_TaskInit)
    OS_TaskInitTCB                           0x08008f49   Thumb Code   112  os_task.o(i.OS_TaskInitTCB)
    OS_TaskReturn                            0x08008fb9   Thumb Code    20  os_task.o(i.OS_TaskReturn)
    OS_TaskSemPost                           0x08008fd1   Thumb Code   492  os_task.o(i.OS_TaskSemPost)
    OS_TickListInsert                        0x080091c1   Thumb Code   114  os_tick.o(i.OS_TickListInsert)
    OS_TickListInsertDly                     0x08009235   Thumb Code   180  os_tick.o(i.OS_TickListInsertDly)
    OS_TickListRemove                        0x080092f1   Thumb Code    72  os_tick.o(i.OS_TickListRemove)
    OS_TickTask                              0x0800947d   Thumb Code   106  os_tick.o(i.OS_TickTask)
    OS_TickTaskInit                          0x080094f5   Thumb Code   128  os_tick.o(i.OS_TickTaskInit)
    OpenPVPower                              0x080095b1   Thumb Code    14  pvpower.o(i.OpenPVPower)
    PVPowerInit                              0x080095c5   Thumb Code    50  pvpower.o(i.PVPowerInit)
    PWR_BackupAccessCmd                      0x080095fd   Thumb Code     6  stm32f10x_pwr.o(i.PWR_BackupAccessCmd)
    ParaInit                                 0x08009609   Thumb Code    12  init.o(i.ParaInit)
    PowerInit                                0x080097a1   Thumb Code    40  powermanagement.o(i.PowerInit)
    PowerMangement                           0x080097ed   Thumb Code   542  powermanagement.o(i.PowerMangement)
    ProtocolAnalysis                         0x08009a25   Thumb Code  1044  protocolanalysis.o(i.ProtocolAnalysis)
    ProtocolInit                             0x08009e45   Thumb Code    28  protocolanalysis.o(i.ProtocolInit)
    RCC_ADCCLKConfig                         0x08009f49   Thumb Code    18  stm32f10x_rcc.o(i.RCC_ADCCLKConfig)
    RCC_AHBPeriphClockCmd                    0x08009f61   Thumb Code    26  stm32f10x_rcc.o(i.RCC_AHBPeriphClockCmd)
    RCC_APB1PeriphClockCmd                   0x08009f81   Thumb Code    26  stm32f10x_rcc.o(i.RCC_APB1PeriphClockCmd)
    RCC_APB2PeriphClockCmd                   0x08009fa1   Thumb Code    26  stm32f10x_rcc.o(i.RCC_APB2PeriphClockCmd)
    RCC_GetClocksFreq                        0x08009fc1   Thumb Code   192  stm32f10x_rcc.o(i.RCC_GetClocksFreq)
    RCC_GetFlagStatus                        0x0800a095   Thumb Code    56  stm32f10x_rcc.o(i.RCC_GetFlagStatus)
    RCC_LSICmd                               0x0800a0d1   Thumb Code     6  stm32f10x_rcc.o(i.RCC_LSICmd)
    RTCInit                                  0x0800a235   Thumb Code    60  rtc.o(i.RTCInit)
    ReadConfigParaFromFlash                  0x0800b1bd   Thumb Code    50  flashstoragehal.o(i.ReadConfigParaFromFlash)
    ReadWorkModeFromFlash                    0x0800b269   Thumb Code    54  flashstoragehal.o(i.ReadWorkModeFromFlash)
    SPI_CalculateCRC                         0x0800b355   Thumb Code    24  stm32f10x_spi.o(i.SPI_CalculateCRC)
    SPI_Cmd                                  0x0800b36d   Thumb Code    24  stm32f10x_spi.o(i.SPI_Cmd)
    SPI_I2S_GetFlagStatus                    0x0800b385   Thumb Code    18  stm32f10x_spi.o(i.SPI_I2S_GetFlagStatus)
    SPI_Init                                 0x0800b397   Thumb Code    60  stm32f10x_spi.o(i.SPI_Init)
    SetTime                                  0x0800b56d   Thumb Code   452  rtc.o(i.SetTime)
    SystemInit                               0x0800b735   Thumb Code    76  system_stm32f10x.o(i.SystemInit)
    TIM3_IRQHandler                          0x0800b805   Thumb Code   458  motorcontrol.o(i.TIM3_IRQHandler)
    TIM_ARRPreloadConfig                     0x0800ba21   Thumb Code    24  stm32f10x_tim.o(i.TIM_ARRPreloadConfig)
    TIM_ClearITPendingBit                    0x0800ba39   Thumb Code     6  stm32f10x_tim.o(i.TIM_ClearITPendingBit)
    TIM_Cmd                                  0x0800ba3f   Thumb Code    24  stm32f10x_tim.o(i.TIM_Cmd)
    TIM_GetITStatus                          0x0800ba57   Thumb Code    34  stm32f10x_tim.o(i.TIM_GetITStatus)
    TIM_ITConfig                             0x0800ba79   Thumb Code    18  stm32f10x_tim.o(i.TIM_ITConfig)
    TIM_SetAutoreload                        0x0800ba8b   Thumb Code     4  stm32f10x_tim.o(i.TIM_SetAutoreload)
    TIM_SetCompare1                          0x0800ba8f   Thumb Code     4  stm32f10x_tim.o(i.TIM_SetCompare1)
    TIM_TimeBaseInit                         0x0800ba95   Thumb Code   122  stm32f10x_tim.o(i.TIM_TimeBaseInit)
    TMPSensorInit                            0x0800bb4d   Thumb Code    40  tmpsensor.o(i.TMPSensorInit)
    UART4_IRQHandler                         0x0800bd31   Thumb Code   186  modbusframehal.o(i.UART4_IRQHandler)
    USART_ClearITPendingBit                  0x0800bdf9   Thumb Code    30  stm32f10x_usart.o(i.USART_ClearITPendingBit)
    USART_Cmd                                0x0800be17   Thumb Code    24  stm32f10x_usart.o(i.USART_Cmd)
    USART_DMACmd                             0x0800be2f   Thumb Code    18  stm32f10x_usart.o(i.USART_DMACmd)
    USART_GetITStatus                        0x0800be41   Thumb Code    84  stm32f10x_usart.o(i.USART_GetITStatus)
    USART_ITConfig                           0x0800be95   Thumb Code    74  stm32f10x_usart.o(i.USART_ITConfig)
    USART_Init                               0x0800bee1   Thumb Code   210  stm32f10x_usart.o(i.USART_Init)
    WorkModeInit                             0x0800c091   Thumb Code    14  workmodemanager.o(i.WorkModeInit)
    WorkModeMg                               0x0800c0b1   Thumb Code    10  workmodemanager.o(i.WorkModeMg)
    WriteConfigParaToFlash                   0x0800c0f1   Thumb Code    86  flashstoragehal.o(i.WriteConfigParaToFlash)
    WriteIAPFlagToFlash                      0x0800c14d   Thumb Code    60  flashstoragehal.o(i.WriteIAPFlagToFlash)
    WriteNewSystemToFlash                    0x0800c18d   Thumb Code    64  flashstoragehal.o(i.WriteNewSystemToFlash)
    WriteWorkModeToFlash                     0x0800c241   Thumb Code   132  flashstoragehal.o(i.WriteWorkModeToFlash)
    __ARM_fpclassifyf                        0x0800c2cd   Thumb Code    38  fpclassifyf.o(i.__ARM_fpclassifyf)
    __mathlib_flt_infnan                     0x0800c2f3   Thumb Code     6  funder.o(i.__mathlib_flt_infnan)
    __mathlib_flt_infnan2                    0x0800c2f9   Thumb Code     4  funder.o(i.__mathlib_flt_infnan2)
    __mathlib_flt_invalid                    0x0800c2fd   Thumb Code     8  funder.o(i.__mathlib_flt_invalid)
    __mathlib_flt_underflow                  0x0800c305   Thumb Code    10  funder.o(i.__mathlib_flt_underflow)
    __mathlib_rredf2                         0x0800c311   Thumb Code   344  rredf.o(i.__mathlib_rredf2)
    acosf                                    0x0800c479   Thumb Code   242  acosf.o(i.acosf)
    asinf                                    0x0800c595   Thumb Code   254  asinf.o(i.asinf)
    atan2f                                   0x0800c6b9   Thumb Code   528  atan2f.o(i.atan2f)
    cosf                                     0x0800c915   Thumb Code   328  cosf.o(i.cosf)
    main                                     0x0800ca91   Thumb Code   580  main.o(i.main)
    rint                                     0x0800ce11   Thumb Code     4  rint.o(i.rint)
    sinf                                     0x0800ce15   Thumb Code   338  sinf.o(i.sinf)
    sqrtf                                    0x0800cf9d   Thumb Code    44  sqrtf.o(i.sqrtf)
    tanf                                     0x0800cfc9   Thumb Code   314  tanf.o(i.tanf)
    __aeabi_d2f                              0x0800d13d   Thumb Code     0  d2f.o(x$fpl$d2f)
    _d2f                                     0x0800d13d   Thumb Code    98  d2f.o(x$fpl$d2f)
    __aeabi_dadd                             0x0800d1a1   Thumb Code     0  daddsub_clz.o(x$fpl$dadd)
    _dadd                                    0x0800d1a1   Thumb Code   332  daddsub_clz.o(x$fpl$dadd)
    __fpl_dcmp_Inf                           0x0800d2f1   Thumb Code    24  dcmpi.o(x$fpl$dcmpinf)
    __aeabi_ddiv                             0x0800d309   Thumb Code     0  ddiv.o(x$fpl$ddiv)
    _ddiv                                    0x0800d309   Thumb Code   552  ddiv.o(x$fpl$ddiv)
    __aeabi_cdcmpeq                          0x0800d5b9   Thumb Code     0  deqf.o(x$fpl$deqf)
    _dcmpeq                                  0x0800d5b9   Thumb Code   120  deqf.o(x$fpl$deqf)
    __aeabi_d2iz                             0x0800d631   Thumb Code     0  dfix.o(x$fpl$dfix)
    _dfix                                    0x0800d631   Thumb Code    94  dfix.o(x$fpl$dfix)
    __aeabi_d2uiz                            0x0800d691   Thumb Code     0  dfixu.o(x$fpl$dfixu)
    _dfixu                                   0x0800d691   Thumb Code    90  dfixu.o(x$fpl$dfixu)
    __aeabi_i2d                              0x0800d6eb   Thumb Code     0  dflt_clz.o(x$fpl$dflt)
    _dflt                                    0x0800d6eb   Thumb Code    46  dflt_clz.o(x$fpl$dflt)
    __aeabi_ui2d                             0x0800d719   Thumb Code     0  dflt_clz.o(x$fpl$dfltu)
    _dfltu                                   0x0800d719   Thumb Code    38  dflt_clz.o(x$fpl$dfltu)
    __aeabi_cdcmple                          0x0800d741   Thumb Code     0  dleqf.o(x$fpl$dleqf)
    _dcmple                                  0x0800d741   Thumb Code   120  dleqf.o(x$fpl$dleqf)
    __fpl_dcmple_InfNaN                      0x0800d7a3   Thumb Code     0  dleqf.o(x$fpl$dleqf)
    __aeabi_dmul                             0x0800d7b9   Thumb Code     0  dmul.o(x$fpl$dmul)
    _dmul                                    0x0800d7b9   Thumb Code   332  dmul.o(x$fpl$dmul)
    __fpl_dnaninf                            0x0800d90d   Thumb Code   156  dnaninf.o(x$fpl$dnaninf)
    __fpl_dretinf                            0x0800d9a9   Thumb Code    12  dretinf.o(x$fpl$dretinf)
    __aeabi_cdrcmple                         0x0800d9b5   Thumb Code     0  drleqf.o(x$fpl$drleqf)
    _drcmple                                 0x0800d9b5   Thumb Code   108  drleqf.o(x$fpl$drleqf)
    _drnd                                    0x0800da21   Thumb Code   180  drnd.o(x$fpl$drnd)
    __aeabi_drsub                            0x0800dad5   Thumb Code     0  daddsub_clz.o(x$fpl$drsb)
    _drsb                                    0x0800dad5   Thumb Code    22  daddsub_clz.o(x$fpl$drsb)
    __aeabi_dsub                             0x0800daed   Thumb Code     0  daddsub_clz.o(x$fpl$dsub)
    _dsub                                    0x0800daed   Thumb Code   464  daddsub_clz.o(x$fpl$dsub)
    __aeabi_f2d                              0x0800dcc1   Thumb Code     0  f2d.o(x$fpl$f2d)
    _f2d                                     0x0800dcc1   Thumb Code    86  f2d.o(x$fpl$f2d)
    __aeabi_fadd                             0x0800dd19   Thumb Code     0  faddsub_clz.o(x$fpl$fadd)
    _fadd                                    0x0800dd19   Thumb Code   196  faddsub_clz.o(x$fpl$fadd)
    __fpl_fcheck_NaN1                        0x0800dddd   Thumb Code     6  fcheck1.o(x$fpl$fcheck1)
    __fpl_fcmp_Inf                           0x0800dde9   Thumb Code    24  fcmpi.o(x$fpl$fcmpinf)
    __aeabi_fdiv                             0x0800de01   Thumb Code     0  fdiv.o(x$fpl$fdiv)
    _fdiv                                    0x0800de01   Thumb Code   384  fdiv.o(x$fpl$fdiv)
    __aeabi_f2iz                             0x0800df85   Thumb Code     0  ffix.o(x$fpl$ffix)
    _ffix                                    0x0800df85   Thumb Code    54  ffix.o(x$fpl$ffix)
    __aeabi_f2uiz                            0x0800dfbd   Thumb Code     0  ffixu.o(x$fpl$ffixu)
    _ffixu                                   0x0800dfbd   Thumb Code    62  ffixu.o(x$fpl$ffixu)
    __aeabi_i2f                              0x0800dffd   Thumb Code     0  fflt_clz.o(x$fpl$fflt)
    _fflt                                    0x0800dffd   Thumb Code    48  fflt_clz.o(x$fpl$fflt)
    __aeabi_ui2f                             0x0800e02d   Thumb Code     0  fflt_clz.o(x$fpl$ffltu)
    _ffltu                                   0x0800e02d   Thumb Code    38  fflt_clz.o(x$fpl$ffltu)
    __aeabi_cfcmple                          0x0800e055   Thumb Code     0  fleqf.o(x$fpl$fleqf)
    _fcmple                                  0x0800e055   Thumb Code   104  fleqf.o(x$fpl$fleqf)
    __fpl_fcmple_InfNaN                      0x0800e0a7   Thumb Code     0  fleqf.o(x$fpl$fleqf)
    __aeabi_fmul                             0x0800e0bd   Thumb Code     0  fmul.o(x$fpl$fmul)
    _fmul                                    0x0800e0bd   Thumb Code   258  fmul.o(x$fpl$fmul)
    __fpl_fnaninf                            0x0800e1bf   Thumb Code   140  fnaninf.o(x$fpl$fnaninf)
    __fpl_fretinf                            0x0800e24b   Thumb Code    10  fretinf.o(x$fpl$fretinf)
    __aeabi_cfrcmple                         0x0800e255   Thumb Code     0  frleqf.o(x$fpl$frleqf)
    _frcmple                                 0x0800e255   Thumb Code    98  frleqf.o(x$fpl$frleqf)
    _frnd                                    0x0800e2b9   Thumb Code    96  frnd.o(x$fpl$frnd)
    __aeabi_frsub                            0x0800e319   Thumb Code     0  faddsub_clz.o(x$fpl$frsb)
    _frsb                                    0x0800e319   Thumb Code    20  faddsub_clz.o(x$fpl$frsb)
    _fsqrt                                   0x0800e32d   Thumb Code   272  fsqrt.o(x$fpl$fsqrt)
    __aeabi_fsub                             0x0800e43d   Thumb Code     0  faddsub_clz.o(x$fpl$fsub)
    _fsub                                    0x0800e43d   Thumb Code   234  faddsub_clz.o(x$fpl$fsub)
    __fpl_return_NaN                         0x0800e527   Thumb Code   100  retnan.o(x$fpl$retnan)
    __ARM_scalbnf                            0x0800e58b   Thumb Code    76  scalbnf.o(x$fpl$scalbnf)
    __fpl_cmpreturn                          0x0800e5d7   Thumb Code    48  trapv.o(x$fpl$trapveneer)
    __I$use$fp                               0x0800e606   Number         0  usenofp.o(x$fpl$usenofp)
    OSCfg_IdleTaskStkBasePtr                 0x0800e608   Data           4  os_cfg_app.o(.constdata)
    OSCfg_IdleTaskStkLimit                   0x0800e60c   Data           4  os_cfg_app.o(.constdata)
    OSCfg_IdleTaskStkSize                    0x0800e610   Data           4  os_cfg_app.o(.constdata)
    OSCfg_IdleTaskStkSizeRAM                 0x0800e614   Data           4  os_cfg_app.o(.constdata)
    OSCfg_IntQBasePtr                        0x0800e618   Data           4  os_cfg_app.o(.constdata)
    OSCfg_IntQSize                           0x0800e61c   Data           2  os_cfg_app.o(.constdata)
    OSCfg_IntQSizeRAM                        0x0800e620   Data           4  os_cfg_app.o(.constdata)
    OSCfg_IntQTaskStkBasePtr                 0x0800e624   Data           4  os_cfg_app.o(.constdata)
    OSCfg_IntQTaskStkLimit                   0x0800e628   Data           4  os_cfg_app.o(.constdata)
    OSCfg_IntQTaskStkSize                    0x0800e62c   Data           4  os_cfg_app.o(.constdata)
    OSCfg_IntQTaskStkSizeRAM                 0x0800e630   Data           4  os_cfg_app.o(.constdata)
    OSCfg_ISRStkBasePtr                      0x0800e634   Data           4  os_cfg_app.o(.constdata)
    OSCfg_ISRStkSize                         0x0800e638   Data           4  os_cfg_app.o(.constdata)
    OSCfg_ISRStkSizeRAM                      0x0800e63c   Data           4  os_cfg_app.o(.constdata)
    OSCfg_MsgPoolSize                        0x0800e640   Data           2  os_cfg_app.o(.constdata)
    OSCfg_MsgPoolSizeRAM                     0x0800e644   Data           4  os_cfg_app.o(.constdata)
    OSCfg_MsgPoolBasePtr                     0x0800e648   Data           4  os_cfg_app.o(.constdata)
    OSCfg_StatTaskPrio                       0x0800e64c   Data           1  os_cfg_app.o(.constdata)
    OSCfg_StatTaskRate_Hz                    0x0800e650   Data           4  os_cfg_app.o(.constdata)
    OSCfg_StatTaskStkBasePtr                 0x0800e654   Data           4  os_cfg_app.o(.constdata)
    OSCfg_StatTaskStkLimit                   0x0800e658   Data           4  os_cfg_app.o(.constdata)
    OSCfg_StatTaskStkSize                    0x0800e65c   Data           4  os_cfg_app.o(.constdata)
    OSCfg_StatTaskStkSizeRAM                 0x0800e660   Data           4  os_cfg_app.o(.constdata)
    OSCfg_StkSizeMin                         0x0800e664   Data           4  os_cfg_app.o(.constdata)
    OSCfg_TickRate_Hz                        0x0800e668   Data           4  os_cfg_app.o(.constdata)
    OSCfg_TickTaskPrio                       0x0800e66c   Data           1  os_cfg_app.o(.constdata)
    OSCfg_TickTaskStkBasePtr                 0x0800e670   Data           4  os_cfg_app.o(.constdata)
    OSCfg_TickTaskStkLimit                   0x0800e674   Data           4  os_cfg_app.o(.constdata)
    OSCfg_TickTaskStkSize                    0x0800e678   Data           4  os_cfg_app.o(.constdata)
    OSCfg_TickTaskStkSizeRAM                 0x0800e67c   Data           4  os_cfg_app.o(.constdata)
    OSCfg_TmrTaskPrio                        0x0800e680   Data           1  os_cfg_app.o(.constdata)
    OSCfg_TmrTaskRate_Hz                     0x0800e684   Data           4  os_cfg_app.o(.constdata)
    OSCfg_TmrTaskStkBasePtr                  0x0800e688   Data           4  os_cfg_app.o(.constdata)
    OSCfg_TmrTaskStkLimit                    0x0800e68c   Data           4  os_cfg_app.o(.constdata)
    OSCfg_TmrTaskStkSize                     0x0800e690   Data           4  os_cfg_app.o(.constdata)
    OSCfg_TmrTaskStkSizeRAM                  0x0800e694   Data           4  os_cfg_app.o(.constdata)
    OSCfg_DataSizeRAM                        0x0800e698   Data           4  os_cfg_app.o(.constdata)
    Region$$Table$$Base                      0x0800e6bc   Number         0  anon$$obj.o(Region$$Table)
    Region$$Table$$Limit                     0x0800e6dc   Number         0  anon$$obj.o(Region$$Table)
    OSPrioTbl                                0x20000000   Data           4  os_prio.o(.data)
    OS_AppTaskCreateHookPtr                  0x20000004   Data           4  os_var.o(.data)
    OS_AppTaskDelHookPtr                     0x20000008   Data           4  os_var.o(.data)
    OS_AppTaskReturnHookPtr                  0x2000000c   Data           4  os_var.o(.data)
    OS_AppIdleTaskHookPtr                    0x20000010   Data           4  os_var.o(.data)
    OS_AppStatTaskHookPtr                    0x20000014   Data           4  os_var.o(.data)
    OS_AppTaskSwHookPtr                      0x20000018   Data           4  os_var.o(.data)
    OS_AppTimeTickHookPtr                    0x2000001c   Data           4  os_var.o(.data)
    OSIdleTaskCtr                            0x20000020   Data           4  os_var.o(.data)
    OSIntNestingCtr                          0x20000024   Data           1  os_var.o(.data)
    OSIntDisTimeMax                          0x20000028   Data           4  os_var.o(.data)
    OSRunning                                0x2000002c   Data           1  os_var.o(.data)
    OSFlagQty                                0x2000002e   Data           2  os_var.o(.data)
    OSPrioCur                                0x20000030   Data           1  os_var.o(.data)
    OSPrioHighRdy                            0x20000031   Data           1  os_var.o(.data)
    OSPrioSaved                              0x20000032   Data           1  os_var.o(.data)
    OSSchedLockTimeBegin                     0x20000034   Data           4  os_var.o(.data)
    OSSchedLockTimeMax                       0x20000038   Data           4  os_var.o(.data)
    OSSchedLockTimeMaxCur                    0x2000003c   Data           4  os_var.o(.data)
    OSSchedLockNestingCtr                    0x20000040   Data           1  os_var.o(.data)
    OSSemQty                                 0x20000042   Data           2  os_var.o(.data)
    OSTaskCtxSwCtr                           0x20000044   Data           4  os_var.o(.data)
    OSTaskQty                                0x20000048   Data           2  os_var.o(.data)
    OSTaskRegNextAvailID                     0x2000004a   Data           1  os_var.o(.data)
    OSTickCtr                                0x2000004c   Data           4  os_var.o(.data)
    OSTickTaskTimeMax                        0x20000050   Data           4  os_var.o(.data)
    OSTickListDly                            0x20000054   Data           4  os_var.o(.data)
    OSTickListTimeout                        0x20000058   Data           4  os_var.o(.data)
    OSTCBCurPtr                              0x2000005c   Data           4  os_var.o(.data)
    OSTCBHighRdyPtr                          0x20000060   Data           4  os_var.o(.data)
    OS_CPU_ExceptStkBase                     0x20000064   Data           4  os_cpu_c.o(.data)
    CPU_TS_TmrFreq_Hz                        0x20000068   Data           4  cpu_core.o(.data)
    CPU_IntDisMeasCtr                        0x2000006c   Data           2  cpu_core.o(.data)
    CPU_IntDisNestCtr                        0x2000006e   Data           2  cpu_core.o(.data)
    CPU_IntDisMeasStart_cnts                 0x20000070   Data           4  cpu_core.o(.data)
    CPU_IntDisMeasStop_cnts                  0x20000074   Data           4  cpu_core.o(.data)
    CPU_IntDisMeasOvrhd_cnts                 0x20000078   Data           4  cpu_core.o(.data)
    CPU_IntDisMeasMaxCur_cnts                0x2000007c   Data           4  cpu_core.o(.data)
    CPU_IntDisMeasMax_cnts                   0x20000080   Data           4  cpu_core.o(.data)
    HWRegister                               0x200000d4   Data           2  hwprotocol.o(.data)
    OSCfg_IdleTaskStk                        0x20000150   Data         512  os_cfg_app.o(.bss)
    OSCfg_ISRStk                             0x20000350   Data         512  os_cfg_app.o(.bss)
    OSCfg_TickTaskStk                        0x20000550   Data         512  os_cfg_app.o(.bss)
    OSIdleTaskTCB                            0x20000750   Data         112  os_var.o(.bss)
    OSRdyList                                0x200007c0   Data         384  os_var.o(.bss)
    OSTickTaskTCB                            0x20000940   Data         112  os_var.o(.bss)
    GlobalVariable                           0x200009b0   Data         616  main.o(.bss)
    AngleMangementTCB                        0x20004018   Data         112  main.o(.bss)
    SamplingTCB                              0x20004088   Data         112  main.o(.bss)
    PowerManagementTCB                       0x200040f8   Data         112  main.o(.bss)
    ModbusOverLoRaTCB                        0x20004168   Data         112  main.o(.bss)
    RTCTimeTCB                               0x200041d8   Data         112  main.o(.bss)
    AstronomyTCB                             0x20004248   Data         112  main.o(.bss)
    MotorProtectionTCB                       0x200042b8   Data         112  main.o(.bss)
    WorkmodeControlTCB                       0x20004328   Data         112  main.o(.bss)
    MotorAngleControlTCB                     0x20004398   Data         112  main.o(.bss)
    ParameterSaveTCB                         0x20004408   Data         112  main.o(.bss)
    LedIWDGTCB                               0x20004478   Data         112  main.o(.bss)
    Power_switch_Flags                       0x200044e8   Data          24  main.o(.bss)
    __libspace_start                         0x20004f20   Data          96  libspace.o(.bss)
    __temporary_stack_top$libspace           0x20004f80   Data           0  libspace.o(.bss)



==============================================================================

Memory Map of the image

  Image Entry point : 0x08002131

  Load Region LR_IROM1 (Base: 0x08002000, Size: 0x0000c82c, Max: 0x00028000, ABSOLUTE, COMPRESSED[0x0000c6fc])

    Execution Region ER_IROM1 (Exec base: 0x08002000, Load base: 0x08002000, Size: 0x0000c6dc, Max: 0x00028000, ABSOLUTE)

    Exec Addr    Load Addr    Size         Type   Attr      Idx    E Section Name        Object

    0x08002000   0x08002000   0x00000130   Data   RO         5353    RESET               startup_stm32f10x_hd.o
    0x08002130   0x08002130   0x00000008   Code   RO         5408  * !!!main             c_w.l(__main.o)
    0x08002138   0x08002138   0x00000034   Code   RO         5744    !!!scatter          c_w.l(__scatter.o)
    0x0800216c   0x0800216c   0x0000005a   Code   RO         5742    !!dczerorl2         c_w.l(__dczerorl2.o)
    0x080021c6   0x080021c6   0x00000002   PAD
    0x080021c8   0x080021c8   0x0000001c   Code   RO         5746    !!handler_zi        c_w.l(__scatter_zi.o)
    0x080021e4   0x080021e4   0x00000002   Code   RO         5611    .ARM.Collect$$libinit$$00000000  c_w.l(libinit.o)
    0x080021e6   0x080021e6   0x00000000   Code   RO         5617    .ARM.Collect$$libinit$$00000002  c_w.l(libinit2.o)
    0x080021e6   0x080021e6   0x00000000   Code   RO         5619    .ARM.Collect$$libinit$$00000004  c_w.l(libinit2.o)
    0x080021e6   0x080021e6   0x00000000   Code   RO         5622    .ARM.Collect$$libinit$$0000000A  c_w.l(libinit2.o)
    0x080021e6   0x080021e6   0x00000000   Code   RO         5624    .ARM.Collect$$libinit$$0000000C  c_w.l(libinit2.o)
    0x080021e6   0x080021e6   0x00000000   Code   RO         5626    .ARM.Collect$$libinit$$0000000E  c_w.l(libinit2.o)
    0x080021e6   0x080021e6   0x00000000   Code   RO         5629    .ARM.Collect$$libinit$$00000011  c_w.l(libinit2.o)
    0x080021e6   0x080021e6   0x00000000   Code   RO         5631    .ARM.Collect$$libinit$$00000013  c_w.l(libinit2.o)
    0x080021e6   0x080021e6   0x00000000   Code   RO         5633    .ARM.Collect$$libinit$$00000015  c_w.l(libinit2.o)
    0x080021e6   0x080021e6   0x00000000   Code   RO         5635    .ARM.Collect$$libinit$$00000017  c_w.l(libinit2.o)
    0x080021e6   0x080021e6   0x00000000   Code   RO         5637    .ARM.Collect$$libinit$$00000019  c_w.l(libinit2.o)
    0x080021e6   0x080021e6   0x00000000   Code   RO         5639    .ARM.Collect$$libinit$$0000001B  c_w.l(libinit2.o)
    0x080021e6   0x080021e6   0x00000000   Code   RO         5641    .ARM.Collect$$libinit$$0000001D  c_w.l(libinit2.o)
    0x080021e6   0x080021e6   0x00000000   Code   RO         5643    .ARM.Collect$$libinit$$0000001F  c_w.l(libinit2.o)
    0x080021e6   0x080021e6   0x00000000   Code   RO         5645    .ARM.Collect$$libinit$$00000021  c_w.l(libinit2.o)
    0x080021e6   0x080021e6   0x00000000   Code   RO         5647    .ARM.Collect$$libinit$$00000023  c_w.l(libinit2.o)
    0x080021e6   0x080021e6   0x00000000   Code   RO         5649    .ARM.Collect$$libinit$$00000025  c_w.l(libinit2.o)
    0x080021e6   0x080021e6   0x00000000   Code   RO         5653    .ARM.Collect$$libinit$$0000002C  c_w.l(libinit2.o)
    0x080021e6   0x080021e6   0x00000000   Code   RO         5655    .ARM.Collect$$libinit$$0000002E  c_w.l(libinit2.o)
    0x080021e6   0x080021e6   0x00000000   Code   RO         5657    .ARM.Collect$$libinit$$00000030  c_w.l(libinit2.o)
    0x080021e6   0x080021e6   0x00000000   Code   RO         5659    .ARM.Collect$$libinit$$00000032  c_w.l(libinit2.o)
    0x080021e6   0x080021e6   0x00000002   Code   RO         5660    .ARM.Collect$$libinit$$00000033  c_w.l(libinit2.o)
    0x080021e8   0x080021e8   0x00000002   Code   RO         5682    .ARM.Collect$$libshutdown$$00000000  c_w.l(libshutdown.o)
    0x080021ea   0x080021ea   0x00000000   Code   RO         5695    .ARM.Collect$$libshutdown$$00000002  c_w.l(libshutdown2.o)
    0x080021ea   0x080021ea   0x00000000   Code   RO         5697    .ARM.Collect$$libshutdown$$00000004  c_w.l(libshutdown2.o)
    0x080021ea   0x080021ea   0x00000000   Code   RO         5700    .ARM.Collect$$libshutdown$$00000007  c_w.l(libshutdown2.o)
    0x080021ea   0x080021ea   0x00000000   Code   RO         5703    .ARM.Collect$$libshutdown$$0000000A  c_w.l(libshutdown2.o)
    0x080021ea   0x080021ea   0x00000000   Code   RO         5705    .ARM.Collect$$libshutdown$$0000000C  c_w.l(libshutdown2.o)
    0x080021ea   0x080021ea   0x00000000   Code   RO         5708    .ARM.Collect$$libshutdown$$0000000F  c_w.l(libshutdown2.o)
    0x080021ea   0x080021ea   0x00000002   Code   RO         5709    .ARM.Collect$$libshutdown$$00000010  c_w.l(libshutdown2.o)
    0x080021ec   0x080021ec   0x00000000   Code   RO         5526    .ARM.Collect$$rtentry$$00000000  c_w.l(__rtentry.o)
    0x080021ec   0x080021ec   0x00000000   Code   RO         5576    .ARM.Collect$$rtentry$$00000002  c_w.l(__rtentry2.o)
    0x080021ec   0x080021ec   0x00000006   Code   RO         5588    .ARM.Collect$$rtentry$$00000004  c_w.l(__rtentry4.o)
    0x080021f2   0x080021f2   0x00000000   Code   RO         5578    .ARM.Collect$$rtentry$$00000009  c_w.l(__rtentry2.o)
    0x080021f2   0x080021f2   0x00000004   Code   RO         5579    .ARM.Collect$$rtentry$$0000000A  c_w.l(__rtentry2.o)
    0x080021f6   0x080021f6   0x00000000   Code   RO         5581    .ARM.Collect$$rtentry$$0000000C  c_w.l(__rtentry2.o)
    0x080021f6   0x080021f6   0x00000008   Code   RO         5582    .ARM.Collect$$rtentry$$0000000D  c_w.l(__rtentry2.o)
    0x080021fe   0x080021fe   0x00000002   Code   RO         5614    .ARM.Collect$$rtexit$$00000000  c_w.l(rtexit.o)
    0x08002200   0x08002200   0x00000000   Code   RO         5664    .ARM.Collect$$rtexit$$00000002  c_w.l(rtexit2.o)
    0x08002200   0x08002200   0x00000004   Code   RO         5665    .ARM.Collect$$rtexit$$00000003  c_w.l(rtexit2.o)
    0x08002204   0x08002204   0x00000006   Code   RO         5666    .ARM.Collect$$rtexit$$00000004  c_w.l(rtexit2.o)
    0x0800220a   0x0800220a   0x00000002   PAD
    0x0800220c   0x0800220c   0x00000034   Code   RO          796    .text               cpu_a.o
    0x08002240   0x08002240   0x00000040   Code   RO         5354    .text               startup_stm32f10x_hd.o
    0x08002280   0x08002280   0x00000006   Code   RO         5406    .text               c_w.l(heapauxi.o)
    0x08002286   0x08002286   0x00000016   Code   RO         5527    .text               c_w.l(_rserrno.o)
    0x0800229c   0x0800229c   0x00000008   Code   RO         5593    .text               c_w.l(rt_errno_addr_intlibspace.o)
    0x080022a4   0x080022a4   0x00000008   Code   RO         5599    .text               c_w.l(libspace.o)
    0x080022ac   0x080022ac   0x0000004a   Code   RO         5602    .text               c_w.l(sys_stackheap_outer.o)
    0x080022f6   0x080022f6   0x00000012   Code   RO         5604    .text               c_w.l(exit.o)
    0x08002308   0x08002308   0x0000000c   Code   RO         5674    .text               c_w.l(sys_exit.o)
    0x08002314   0x08002314   0x00000002   Code   RO         5685    .text               c_w.l(use_no_semi.o)
    0x08002316   0x08002316   0x00000000   Code   RO         5687    .text               c_w.l(indicate_semi.o)
    0x08002316   0x08002316   0x00000002   PAD
    0x08002318   0x08002318   0x00000098   Code   RO          714    CODE                os_cpu_a.o
    0x080023b0   0x080023b0   0x0000004c   Code   RO         2933    i.ADCConvert        adcsample.o
    0x080023fc   0x080023fc   0x000001a8   Code   RO         2934    i.ADCInit           adcsample.o
    0x080025a4   0x080025a4   0x00000006   Code   RO         3290    i.ADC_ClearFlag     stm32f10x_adc.o
    0x080025aa   0x080025aa   0x00000016   Code   RO         3292    i.ADC_Cmd           stm32f10x_adc.o
    0x080025c0   0x080025c0   0x00000016   Code   RO         3293    i.ADC_DMACmd        stm32f10x_adc.o
    0x080025d6   0x080025d6   0x00000014   Code   RO         3300    i.ADC_GetCalibrationStatus  stm32f10x_adc.o
    0x080025ea   0x080025ea   0x00000002   PAD
    0x080025ec   0x080025ec   0x00000050   Code   RO         3310    i.ADC_Init          stm32f10x_adc.o
    0x0800263c   0x0800263c   0x000000b8   Code   RO         3314    i.ADC_RegularChannelConfig  stm32f10x_adc.o
    0x080026f4   0x080026f4   0x0000000a   Code   RO         3315    i.ADC_ResetCalibration  stm32f10x_adc.o
    0x080026fe   0x080026fe   0x00000016   Code   RO         3317    i.ADC_SoftwareStartConvCmd  stm32f10x_adc.o
    0x08002714   0x08002714   0x0000000a   Code   RO         3319    i.ADC_StartCalibration  stm32f10x_adc.o
    0x0800271e   0x0800271e   0x00000002   PAD
    0x08002720   0x08002720   0x0000024c   Code   RO         1723    i.ASProtocolInit    asprotocol.o
    0x0800296c   0x0800296c   0x000000e4   Code   RO         2087    i.AngleCalibrationMode  workmodemanager.o
    0x08002a50   0x08002a50   0x00000058   Code   RO         1464    i.AngleMangement    main.o
    0x08002aa8   0x08002aa8   0x00000024   Code   RO         2425    i.AngleSensorInit   anglesensorhal.o
    0x08002acc   0x08002acc   0x00000024   Code   RO         1465    i.Astronomy         main.o
    0x08002af0   0x08002af0   0x00000090   Code   RO         2088    i.AutoAIMode        workmodemanager.o
    0x08002b80   0x08002b80   0x00000040   Code   RO         2089    i.AutoBatSOCLowMode  workmodemanager.o
    0x08002bc0   0x08002bc0   0x00000064   Code   RO         2090    i.AutoMode          workmodemanager.o
    0x08002c24   0x08002c24   0x000000a8   Code   RO         2091    i.AutoModeSwitch    workmodemanager.o
    0x08002ccc   0x08002ccc   0x00000218   Code   RO         2092    i.AutoRainMode      workmodemanager.o
    0x08002ee4   0x08002ee4   0x00000074   Code   RO         2093    i.AutoSnowMode      workmodemanager.o
    0x08002f58   0x08002f58   0x00000098   Code   RO         2094    i.AutoTrackMode     workmodemanager.o
    0x08002ff0   0x08002ff0   0x00000040   Code   RO         2095    i.AutoWindMode      workmodemanager.o
    0x08003030   0x08003030   0x0000002a   Code   RO         3113    i.BKPInit           backupregister.o
    0x0800305a   0x0800305a   0x0000001a   Code   RO         3114    i.BKPReadRTCUpdateFlag  backupregister.o
    0x08003074   0x08003074   0x0000001a   Code   RO         3115    i.BKPWriteRTCUpdateFlag  backupregister.o
    0x0800308e   0x0800308e   0x00000002   PAD
    0x08003090   0x08003090   0x00000014   Code   RO         3520    i.BKP_ClearFlag     stm32f10x_bkp.o
    0x080030a4   0x080030a4   0x0000000c   Code   RO         3525    i.BKP_ITConfig      stm32f10x_bkp.o
    0x080030b0   0x080030b0   0x0000001c   Code   RO         3527    i.BKP_ReadBackupRegister  stm32f10x_bkp.o
    0x080030cc   0x080030cc   0x0000000c   Code   RO         3529    i.BKP_TamperPinCmd  stm32f10x_bkp.o
    0x080030d8   0x080030d8   0x0000001c   Code   RO         3531    i.BKP_WriteBackupRegister  stm32f10x_bkp.o
    0x080030f4   0x080030f4   0x00000040   Code   RO         2096    i.BatSOCLowCheck    workmodemanager.o
    0x08003134   0x08003134   0x00000044   Code   RO         2542    i.BatteryCharacterB7030  batterypower.o
    0x08003178   0x08003178   0x00000088   Code   RO         2543    i.BatteryPowerInit  batterypower.o
    0x08003200   0x08003200   0x00000038   Code   RO         2544    i.BatteryTypeIOInit  batterypower.o
    0x08003238   0x08003238   0x0000001c   Code   RO          809    i.CPU_IntDisMeasMaxCalc  cpu_core.o
    0x08003254   0x08003254   0x0000002c   Code   RO          810    i.CPU_IntDisMeasMaxCurGet  cpu_core.o
    0x08003280   0x08003280   0x0000002c   Code   RO          811    i.CPU_IntDisMeasMaxCurReset  cpu_core.o
    0x080032ac   0x080032ac   0x00000034   Code   RO          813    i.CPU_IntDisMeasStart  cpu_core.o
    0x080032e0   0x080032e0   0x00000054   Code   RO          814    i.CPU_IntDisMeasStop  cpu_core.o
    0x08003334   0x08003334   0x0000000c   Code   RO          825    i.CPU_TS_TmrRd      cpu_core.o
    0x08003340   0x08003340   0x0000003e   Code   RO         2796    i.CRC16Check        modbusframehal.o
    0x0800337e   0x0800337e   0x00000002   PAD
    0x08003380   0x08003380   0x000000c0   Code   RO         2428    i.CalcAngle         anglesensorhal.o
    0x08003440   0x08003440   0x0000129c   Code   RO         2224    i.CalcSolarZenithAngleAndAzimuthAngle  astronomicalalgorithms.o
    0x080046dc   0x080046dc   0x00000138   Code   RO         2183    i.ChargeCmd         powermanagement.o
    0x08004814   0x08004814   0x00000014   Code   RO         2545    i.ChargerActive     batterypower.o
    0x08004828   0x08004828   0x000000c8   Code   RO         2546    i.ChargerInit       batterypower.o
    0x080048f0   0x080048f0   0x00000028   Code   RO         2547    i.ChargerReset      batterypower.o
    0x08004918   0x08004918   0x00000018   Code   RO         2548    i.ChargerSuspend    batterypower.o
    0x08004930   0x08004930   0x000000b8   Code   RO         2097    i.CleanMode         workmodemanager.o
    0x080049e8   0x080049e8   0x00000014   Code   RO         2506    i.ClosePVPower      pvpower.o
    0x080049fc   0x080049fc   0x00000080   Code   RO         1669    i.ConfigParaInit    init.o
    0x08004a7c   0x08004a7c   0x00000104   Code   RO         2935    i.DMA1_Channel1_IRQHandler  adcsample.o
    0x08004b80   0x08004b80   0x00000020   Code   RO         2797    i.DMA2C5Send        modbusframehal.o
    0x08004ba0   0x08004ba0   0x0000001c   Code   RO         3647    i.DMA_ClearITPendingBit  stm32f10x_dma.o
    0x08004bbc   0x08004bbc   0x00000018   Code   RO         3648    i.DMA_Cmd           stm32f10x_dma.o
    0x08004bd4   0x08004bd4   0x0000002c   Code   RO         3652    i.DMA_GetITStatus   stm32f10x_dma.o
    0x08004c00   0x08004c00   0x00000012   Code   RO         3653    i.DMA_ITConfig      stm32f10x_dma.o
    0x08004c12   0x08004c12   0x0000003c   Code   RO         3654    i.DMA_Init          stm32f10x_dma.o
    0x08004c4e   0x08004c4e   0x0000001a   Code   RO         3002    i.DelayUs           rtc.o
    0x08004c68   0x08004c68   0x0000001c   Code   RO         3149    i.Delayus           iicbsp.o
    0x08004c84   0x08004c84   0x00000060   Code   RO         2260    i.DetectEmergencyStop  motorprotection.o
    0x08004ce4   0x08004ce4   0x0000024c   Code   RO         2261    i.DetectMotorReverseAngleNoChange  motorprotection.o
    0x08004f30   0x08004f30   0x0000015c   Code   RO         2262    i.DetectOverCurrent  motorprotection.o
    0x0800508c   0x0800508c   0x000000f4   Code   RO         2263    i.DetectSoftLimit   motorprotection.o
    0x08005180   0x08005180   0x00000048   Code   RO         2868    i.EraseNewSystemFlash  flashstoragehal.o
    0x080051c8   0x080051c8   0x0000000c   Code   RO         3796    i.FLASH_ClearFlag   stm32f10x_flash.o
    0x080051d4   0x080051d4   0x0000004c   Code   RO         3801    i.FLASH_ErasePage   stm32f10x_flash.o
    0x08005220   0x08005220   0x00000034   Code   RO         3802    i.FLASH_GetBank1Status  stm32f10x_flash.o
    0x08005254   0x08005254   0x00000034   Code   RO         3806    i.FLASH_GetStatus   stm32f10x_flash.o
    0x08005288   0x08005288   0x00000014   Code   RO         3811    i.FLASH_Lock        stm32f10x_flash.o
    0x0800529c   0x0800529c   0x00000040   Code   RO         3814    i.FLASH_ProgramHalfWord  stm32f10x_flash.o
    0x080052dc   0x080052dc   0x0000006c   Code   RO         3816    i.FLASH_ProgramWord  stm32f10x_flash.o
    0x08005348   0x08005348   0x00000018   Code   RO         3819    i.FLASH_Unlock      stm32f10x_flash.o
    0x08005360   0x08005360   0x00000026   Code   RO         3823    i.FLASH_WaitForLastOperation  stm32f10x_flash.o
    0x08005386   0x08005386   0x00000002   PAD
    0x08005388   0x08005388   0x00000030   Code   RO         1670    i.FixedParaInit     init.o
    0x080053b8   0x080053b8   0x00000116   Code   RO         3988    i.GPIO_Init         stm32f10x_gpio.o
    0x080054ce   0x080054ce   0x00000002   PAD
    0x080054d0   0x080054d0   0x00000090   Code   RO         3990    i.GPIO_PinRemapConfig  stm32f10x_gpio.o
    0x08005560   0x08005560   0x00000012   Code   RO         3992    i.GPIO_ReadInputDataBit  stm32f10x_gpio.o
    0x08005572   0x08005572   0x00000004   Code   RO         3995    i.GPIO_ResetBits    stm32f10x_gpio.o
    0x08005576   0x08005576   0x00000004   Code   RO         3996    i.GPIO_SetBits      stm32f10x_gpio.o
    0x0800557a   0x0800557a   0x00000002   PAD
    0x0800557c   0x0800557c   0x00000008   Code   RO         1724    i.GetASProtocl      asprotocol.o
    0x08005584   0x08005584   0x000000ac   Code   RO         2429    i.GetAngle          anglesensorhal.o
    0x08005630   0x08005630   0x00000308   Code   RO         2225    i.GetAstronomicalTargetAngle  astronomicalalgorithms.o
    0x08005938   0x08005938   0x00000110   Code   RO         2549    i.GetBatteryChargerState  batterypower.o
    0x08005a48   0x08005a48   0x00000050   Code   RO         2550    i.GetBatteryCurrent  batterypower.o
    0x08005a98   0x08005a98   0x000001dc   Code   RO         2184    i.GetBatteryInfo    powermanagement.o
    0x08005c74   0x08005c74   0x00000014   Code   RO         2551    i.GetBatterySOC     batterypower.o
    0x08005c88   0x08005c88   0x00000184   Code   RO         2552    i.GetBatteryTemp    batterypower.o
    0x08005e0c   0x08005e0c   0x00000024   Code   RO         2553    i.GetBatteryType    batterypower.o
    0x08005e30   0x08005e30   0x00000050   Code   RO         2554    i.GetBatteryVoltage  batterypower.o
    0x08005e80   0x08005e80   0x00000084   Code   RO         2226    i.GetDayOfYear      astronomicalalgorithms.o
    0x08005f04   0x08005f04   0x00000030   Code   RO         2936    i.GetEmergencyVoltage  adcsample.o
    0x08005f34   0x08005f34   0x00000008   Code   RO         2295    i.GetHWProtocl      hwprotocol.o
    0x08005f3c   0x08005f3c   0x00000038   Code   RO         3083    i.GetHardwareVersion  hardwareversion.o
    0x08005f74   0x08005f74   0x00000038   Code   RO         2937    i.GetMotorCurrent   adcsample.o
    0x08005fac   0x08005fac   0x00000014   Code   RO         2653    i.GetMotorDirState  motorcontrol.o
    0x08005fc0   0x08005fc0   0x00000014   Code   RO         2654    i.GetMotorRunningState  motorcontrol.o
    0x08005fd4   0x08005fd4   0x00000030   Code   RO         2938    i.GetPVBuckerVoltage  adcsample.o
    0x08006004   0x08006004   0x00000038   Code   RO         2939    i.GetPVStringDownCur  adcsample.o
    0x0800603c   0x0800603c   0x00000038   Code   RO         2940    i.GetPVStringUpCur  adcsample.o
    0x08006074   0x08006074   0x00000050   Code   RO         3043    i.GetTMP            tmpsensor.o
    0x080060c4   0x080060c4   0x000001b0   Code   RO         3003    i.GetTime           rtc.o
    0x08006274   0x08006274   0x0000004c   Code   RO         3084    i.HDVInit           hardwareversion.o
    0x080062c0   0x080062c0   0x0000001c   Code   RO         2296    i.HWNULL            hwprotocol.o
    0x080062dc   0x080062dc   0x000000b0   Code   RO         2297    i.HWProtocolInit    hwprotocol.o
    0x0800638c   0x0800638c   0x00000024   Code   RO         2555    i.HeatingCmd        batterypower.o
    0x080063b0   0x080063b0   0x00000038   Code   RO         2556    i.HeatingInit       batterypower.o
    0x080063e8   0x080063e8   0x0000004a   Code   RO         3150    i.IICGetACK         iicbsp.o
    0x08006432   0x08006432   0x0000006c   Code   RO         3151    i.IICGetOneByte     iicbsp.o
    0x0800649e   0x0800649e   0x0000004e   Code   RO         3152    i.IICInit           iicbsp.o
    0x080064ec   0x080064ec   0x000000a0   Code   RO         3153    i.IICRead           iicbsp.o
    0x0800658c   0x0800658c   0x00000066   Code   RO         3155    i.IICSendOneByte    iicbsp.o
    0x080065f2   0x080065f2   0x00000038   Code   RO         3156    i.IICSetACK         iicbsp.o
    0x0800662a   0x0800662a   0x00000038   Code   RO         3157    i.IICSetNACK        iicbsp.o
    0x08006662   0x08006662   0x00000030   Code   RO         3158    i.IICStart          iicbsp.o
    0x08006692   0x08006692   0x0000003e   Code   RO         3159    i.IICStop           iicbsp.o
    0x080066d0   0x080066d0   0x0000006c   Code   RO         3160    i.IICWrite          iicbsp.o
    0x0800673c   0x0800673c   0x0000005a   Code   RO         3161    i.IICWriteByte      iicbsp.o
    0x08006796   0x08006796   0x00000034   Code   RO         1671    i.IWDGInit          init.o
    0x080067ca   0x080067ca   0x00000002   PAD
    0x080067cc   0x080067cc   0x00000010   Code   RO         4108    i.IWDG_Enable       stm32f10x_iwdg.o
    0x080067dc   0x080067dc   0x00000010   Code   RO         4110    i.IWDG_ReloadCounter  stm32f10x_iwdg.o
    0x080067ec   0x080067ec   0x0000000c   Code   RO         4111    i.IWDG_SetPrescaler  stm32f10x_iwdg.o
    0x080067f8   0x080067f8   0x0000000c   Code   RO         4112    i.IWDG_SetReload    stm32f10x_iwdg.o
    0x08006804   0x08006804   0x0000000c   Code   RO         4113    i.IWDG_WriteAccessCmd  stm32f10x_iwdg.o
    0x08006810   0x08006810   0x000000ac   Code   RO         2098    i.IdelMode          workmodemanager.o
    0x080068bc   0x080068bc   0x0000022c   Code   RO         2430    i.KalmanFilter      anglesensorhal.o
    0x08006ae8   0x08006ae8   0x00000030   Code   RO         2753    i.LEDFlash          ledhal.o
    0x08006b18   0x08006b18   0x00000034   Code   RO         2754    i.LEDInit           ledhal.o
    0x08006b4c   0x08006b4c   0x00000010   Code   RO         2755    i.LEDTurnOff        ledhal.o
    0x08006b5c   0x08006b5c   0x00000010   Code   RO         2756    i.LEDTurnOn         ledhal.o
    0x08006b6c   0x08006b6c   0x000001e4   Code   RO         2431    i.LSM6DS3Init       anglesensorhal.o
    0x08006d50   0x08006d50   0x0000005c   Code   RO         1466    i.LedIWDG           main.o
    0x08006dac   0x08006dac   0x00000014   Code   RO         2798    i.LoRaModulePowerOff  modbusframehal.o
    0x08006dc0   0x08006dc0   0x00000014   Code   RO         2799    i.LoRaModulePowerOn  modbusframehal.o
    0x08006dd4   0x08006dd4   0x0000004c   Code   RO         2099    i.MaintenanceMode   workmodemanager.o
    0x08006e20   0x08006e20   0x00000088   Code   RO         2100    i.ManualMode        workmodemanager.o
    0x08006ea8   0x08006ea8   0x00000130   Code   RO         2227    i.Mod               astronomicalalgorithms.o
    0x08006fd8   0x08006fd8   0x000000e4   Code   RO         1467    i.ModbusOverLoRa    main.o
    0x080070bc   0x080070bc   0x0000004c   Code   RO         2800    i.ModbusPortInit    modbusframehal.o
    0x08007108   0x08007108   0x000000b0   Code   RO         2801    i.ModbusRead        modbusframehal.o
    0x080071b8   0x080071b8   0x000000a0   Code   RO         2802    i.ModbusSend        modbusframehal.o
    0x08007258   0x08007258   0x00000038   Code   RO         2655    i.MotorAllStop      motorcontrol.o
    0x08007290   0x08007290   0x00000300   Code   RO         1468    i.MotorAngleControl  main.o
    0x08007590   0x08007590   0x00000048   Code   RO         2656    i.MotorEN           motorcontrol.o
    0x080075d8   0x080075d8   0x00000098   Code   RO         2657    i.MotorEW           motorcontrol.o
    0x08007670   0x08007670   0x00000060   Code   RO         2658    i.MotorIOInit       motorcontrol.o
    0x080076d0   0x080076d0   0x0000000c   Code   RO         2659    i.MotorInit         motorcontrol.o
    0x080076dc   0x080076dc   0x00000022   Code   RO         1469    i.MotorProtection   main.o
    0x080076fe   0x080076fe   0x00000002   PAD
    0x08007700   0x08007700   0x0000004c   Code   RO         2661    i.MotorTurnEast     motorcontrol.o
    0x0800774c   0x0800774c   0x0000004c   Code   RO         2662    i.MotorTurnWest     motorcontrol.o
    0x08007798   0x08007798   0x00000064   Code   RO         1672    i.NVICInit          init.o
    0x080077fc   0x080077fc   0x00000070   Code   RO         3238    i.NVIC_Init         misc.o
    0x0800786c   0x0800786c   0x00000014   Code   RO         3239    i.NVIC_PriorityGroupConfig  misc.o
    0x08007880   0x08007880   0x00000002   Code   RO            1    i.OSCfg_Init        os_cfg_app.o
    0x08007882   0x08007882   0x00000002   PAD
    0x08007884   0x08007884   0x0000007c   Code   RO          281    i.OSFlagCreate      os_flag.o
    0x08007900   0x08007900   0x000003b8   Code   RO          282    i.OSFlagPend        os_flag.o
    0x08007cb8   0x08007cb8   0x00000074   Code   RO          284    i.OSFlagPost        os_flag.o
    0x08007d2c   0x08007d2c   0x00000014   Code   RO          718    i.OSIdleTaskHook    os_cpu_c.o
    0x08007d40   0x08007d40   0x00000118   Code   RO           64    i.OSInit            os_core.o
    0x08007e58   0x08007e58   0x00000028   Code   RO          719    i.OSInitHook        os_cpu_c.o
    0x08007e80   0x08007e80   0x000000d8   Code   RO           66    i.OSIntExit         os_core.o
    0x08007f58   0x08007f58   0x0000009c   Code   RO           67    i.OSSched           os_core.o
    0x08007ff4   0x08007ff4   0x00000068   Code   RO           70    i.OSStart           os_core.o
    0x0800805c   0x0800805c   0x00000184   Code   RO          504    i.OSTaskCreate      os_task.o
    0x080081e0   0x080081e0   0x00000018   Code   RO          721    i.OSTaskCreateHook  os_cpu_c.o
    0x080081f8   0x080081f8   0x0000012c   Code   RO          505    i.OSTaskDel         os_task.o
    0x08008324   0x08008324   0x00000018   Code   RO          722    i.OSTaskDelHook     os_cpu_c.o
    0x0800833c   0x0800833c   0x00000018   Code   RO          723    i.OSTaskReturnHook  os_cpu_c.o
    0x08008354   0x08008354   0x000001e4   Code   RO          510    i.OSTaskSemPend     os_task.o
    0x08008538   0x08008538   0x0000003e   Code   RO          512    i.OSTaskSemPost     os_task.o
    0x08008576   0x08008576   0x00000002   PAD
    0x08008578   0x08008578   0x000000c4   Code   RO          724    i.OSTaskStkInit     os_cpu_c.o
    0x0800863c   0x0800863c   0x00000090   Code   RO          725    i.OSTaskSwHook      os_cpu_c.o
    0x080086cc   0x080086cc   0x000000c4   Code   RO          664    i.OSTimeDly         os_time.o
    0x08008790   0x08008790   0x00000018   Code   RO          667    i.OSTimeTick        os_time.o
    0x080087a8   0x080087a8   0x00000014   Code   RO          726    i.OSTimeTickHook    os_cpu_c.o
    0x080087bc   0x080087bc   0x00000040   Code   RO          727    i.OS_CPU_SysTickHandler  os_cpu_c.o
    0x080087fc   0x080087fc   0x00000030   Code   RO          728    i.OS_CPU_SysTickInit  os_cpu_c.o
    0x0800882c   0x0800882c   0x0000003c   Code   RO          285    i.OS_FlagBlock      os_flag.o
    0x08008868   0x08008868   0x00000010   Code   RO          287    i.OS_FlagInit       os_flag.o
    0x08008878   0x08008878   0x00000172   Code   RO          288    i.OS_FlagPost       os_flag.o
    0x080089ea   0x080089ea   0x00000064   Code   RO          289    i.OS_FlagTaskRdy    os_flag.o
    0x08008a4e   0x08008a4e   0x00000002   PAD
    0x08008a50   0x08008a50   0x0000003c   Code   RO           72    i.OS_IdleTask       os_core.o
    0x08008a8c   0x08008a8c   0x00000070   Code   RO           73    i.OS_IdleTaskInit   os_core.o
    0x08008afc   0x08008afc   0x0000005c   Code   RO           74    i.OS_Pend           os_core.o
    0x08008b58   0x08008b58   0x00000026   Code   RO           77    i.OS_PendDataInit   os_core.o
    0x08008b7e   0x08008b7e   0x0000000a   Code   RO           79    i.OS_PendListInit   os_core.o
    0x08008b88   0x08008b88   0x00000066   Code   RO           81    i.OS_PendListInsertPrio  os_core.o
    0x08008bee   0x08008bee   0x00000030   Code   RO           82    i.OS_PendListRemove  os_core.o
    0x08008c1e   0x08008c1e   0x00000042   Code   RO           83    i.OS_PendListRemove1  os_core.o
    0x08008c60   0x08008c60   0x000000ba   Code   RO           86    i.OS_Post           os_core.o
    0x08008d1a   0x08008d1a   0x0000002a   Code   RO           87    i.OS_Post1          os_core.o
    0x08008d44   0x08008d44   0x00000028   Code   RO          395    i.OS_PrioGetHighest  os_prio.o
    0x08008d6c   0x08008d6c   0x00000018   Code   RO          396    i.OS_PrioInit       os_prio.o
    0x08008d84   0x08008d84   0x00000024   Code   RO          397    i.OS_PrioInsert     os_prio.o
    0x08008da8   0x08008da8   0x00000024   Code   RO          398    i.OS_PrioRemove     os_prio.o
    0x08008dcc   0x08008dcc   0x00000024   Code   RO           88    i.OS_RdyListInit    os_core.o
    0x08008df0   0x08008df0   0x0000002c   Code   RO           89    i.OS_RdyListInsert  os_core.o
    0x08008e1c   0x08008e1c   0x00000040   Code   RO           90    i.OS_RdyListInsertHead  os_core.o
    0x08008e5c   0x08008e5c   0x0000003c   Code   RO           91    i.OS_RdyListInsertTail  os_core.o
    0x08008e98   0x08008e98   0x0000005c   Code   RO           93    i.OS_RdyListRemove  os_core.o
    0x08008ef4   0x08008ef4   0x00000010   Code   RO          445    i.OS_SemInit        os_sem.o
    0x08008f04   0x08008f04   0x0000002c   Code   RO           96    i.OS_TaskBlock      os_core.o
    0x08008f30   0x08008f30   0x00000018   Code   RO          515    i.OS_TaskInit       os_task.o
    0x08008f48   0x08008f48   0x00000070   Code   RO          516    i.OS_TaskInitTCB    os_task.o
    0x08008fb8   0x08008fb8   0x00000018   Code   RO          518    i.OS_TaskReturn     os_task.o
    0x08008fd0   0x08008fd0   0x000001f0   Code   RO          519    i.OS_TaskSemPost    os_task.o
    0x080091c0   0x080091c0   0x00000072   Code   RO          612    i.OS_TickListInsert  os_tick.o
    0x08009232   0x08009232   0x00000002   PAD
    0x08009234   0x08009234   0x000000bc   Code   RO          613    i.OS_TickListInsertDly  os_tick.o
    0x080092f0   0x080092f0   0x00000048   Code   RO          614    i.OS_TickListRemove  os_tick.o
    0x08009338   0x08009338   0x0000008c   Code   RO          616    i.OS_TickListUpdateDly  os_tick.o
    0x080093c4   0x080093c4   0x000000b8   Code   RO          617    i.OS_TickListUpdateTimeout  os_tick.o
    0x0800947c   0x0800947c   0x00000078   Code   RO          618    i.OS_TickTask       os_tick.o
    0x080094f4   0x080094f4   0x000000bc   Code   RO          619    i.OS_TickTaskInit   os_tick.o
    0x080095b0   0x080095b0   0x00000014   Code   RO         2507    i.OpenPVPower       pvpower.o
    0x080095c4   0x080095c4   0x00000038   Code   RO         2508    i.PVPowerInit       pvpower.o
    0x080095fc   0x080095fc   0x0000000c   Code   RO         4162    i.PWR_BackupAccessCmd  stm32f10x_pwr.o
    0x08009608   0x08009608   0x0000000c   Code   RO         1673    i.ParaInit          init.o
    0x08009614   0x08009614   0x0000018c   Code   RO         1470    i.ParameterSave     main.o
    0x080097a0   0x080097a0   0x00000030   Code   RO         2185    i.PowerInit         powermanagement.o
    0x080097d0   0x080097d0   0x0000001a   Code   RO         1471    i.PowerManagement   main.o
    0x080097ea   0x080097ea   0x00000002   PAD
    0x080097ec   0x080097ec   0x00000238   Code   RO         2186    i.PowerMangement    powermanagement.o
    0x08009a24   0x08009a24   0x00000420   Code   RO         2066    i.ProtocolAnalysis  protocolanalysis.o
    0x08009e44   0x08009e44   0x00000024   Code   RO         2067    i.ProtocolInit      protocolanalysis.o
    0x08009e68   0x08009e68   0x00000010   Code   RO         1725    i.RAzimuthAngle1    asprotocol.o
    0x08009e78   0x08009e78   0x00000010   Code   RO         1726    i.RAzimuthAngle2    asprotocol.o
    0x08009e88   0x08009e88   0x00000030   Code   RO         1727    i.RBatCurrent       asprotocol.o
    0x08009eb8   0x08009eb8   0x00000050   Code   RO         1728    i.RBatSOCTemp       asprotocol.o
    0x08009f08   0x08009f08   0x00000018   Code   RO         1729    i.RBatState         asprotocol.o
    0x08009f20   0x08009f20   0x00000028   Code   RO         1730    i.RBatVoltage       asprotocol.o
    0x08009f48   0x08009f48   0x00000018   Code   RO         4234    i.RCC_ADCCLKConfig  stm32f10x_rcc.o
    0x08009f60   0x08009f60   0x00000020   Code   RO         4235    i.RCC_AHBPeriphClockCmd  stm32f10x_rcc.o
    0x08009f80   0x08009f80   0x00000020   Code   RO         4236    i.RCC_APB1PeriphClockCmd  stm32f10x_rcc.o
    0x08009fa0   0x08009fa0   0x00000020   Code   RO         4238    i.RCC_APB2PeriphClockCmd  stm32f10x_rcc.o
    0x08009fc0   0x08009fc0   0x000000d4   Code   RO         4246    i.RCC_GetClocksFreq  stm32f10x_rcc.o
    0x0800a094   0x0800a094   0x0000003c   Code   RO         4247    i.RCC_GetFlagStatus  stm32f10x_rcc.o
    0x0800a0d0   0x0800a0d0   0x0000000c   Code   RO         4255    i.RCC_LSICmd        stm32f10x_rcc.o
    0x0800a0dc   0x0800a0dc   0x00000010   Code   RO         1731    i.RDeviceEdition    asprotocol.o
    0x0800a0ec   0x0800a0ec   0x0000000a   Code   RO         2298    i.RDeviceEdition1_HW0  hwprotocol.o
    0x0800a0f6   0x0800a0f6   0x0000000a   Code   RO         2299    i.RDeviceEdition2_HW1  hwprotocol.o
    0x0800a100   0x0800a100   0x00000010   Code   RO         1732    i.RDeviceType       asprotocol.o
    0x0800a110   0x0800a110   0x00000010   Code   RO         2300    i.RDeviceType_HW2   hwprotocol.o
    0x0800a120   0x0800a120   0x00000010   Code   RO         1733    i.RElevationAngle1  asprotocol.o
    0x0800a130   0x0800a130   0x00000010   Code   RO         1734    i.RElevationAngle2  asprotocol.o
    0x0800a140   0x0800a140   0x00000028   Code   RO         1735    i.RMotorCurrent     asprotocol.o
    0x0800a168   0x0800a168   0x00000028   Code   RO         1736    i.RPVBuckerVoltage  asprotocol.o
    0x0800a190   0x0800a190   0x00000058   Code   RO         1737    i.RPVStringCur      asprotocol.o
    0x0800a1e8   0x0800a1e8   0x00000010   Code   RO         1738    i.RRealAngle1       asprotocol.o
    0x0800a1f8   0x0800a1f8   0x00000010   Code   RO         1739    i.RRealAngle2       asprotocol.o
    0x0800a208   0x0800a208   0x0000002c   Code   RO         2301    i.RRealAngle_HW23   hwprotocol.o
    0x0800a234   0x0800a234   0x00000040   Code   RO         3004    i.RTCInit           rtc.o
    0x0800a274   0x0800a274   0x000000dc   Code   RO         1472    i.RTCTime           main.o
    0x0800a350   0x0800a350   0x00000010   Code   RO         1740    i.RTargetAngle1     asprotocol.o
    0x0800a360   0x0800a360   0x00000010   Code   RO         1741    i.RTargetAngle2     asprotocol.o
    0x0800a370   0x0800a370   0x00000074   Code   RO         2302    i.RTargetAngle_HW17  hwprotocol.o
    0x0800a3e4   0x0800a3e4   0x00000014   Code   RO         1742    i.RTemp             asprotocol.o
    0x0800a3f8   0x0800a3f8   0x00000030   Code   RO         1743    i.RWAIRemoteTarget  asprotocol.o
    0x0800a428   0x0800a428   0x00000064   Code   RO         1744    i.RWBackAngle       asprotocol.o
    0x0800a48c   0x0800a48c   0x00000034   Code   RO         1745    i.RWChannelEnable   asprotocol.o
    0x0800a4c0   0x0800a4c0   0x0000003c   Code   RO         1746    i.RWCleaningDockAngle  asprotocol.o
    0x0800a4fc   0x0800a4fc   0x00000038   Code   RO         1747    i.RWComID           asprotocol.o
    0x0800a534   0x0800a534   0x0000001c   Code   RO         1748    i.RWESoftLimitAngle1  asprotocol.o
    0x0800a550   0x0800a550   0x0000007c   Code   RO         1749    i.RWESoftLimitAngle2  asprotocol.o
    0x0800a5cc   0x0800a5cc   0x0000001c   Code   RO         1750    i.RWEWTracingAccuracy1  asprotocol.o
    0x0800a5e8   0x0800a5e8   0x0000007c   Code   RO         1751    i.RWEWTracingAccuracy2  asprotocol.o
    0x0800a664   0x0800a664   0x00000038   Code   RO         1752    i.RWEWindProtectionAngle  asprotocol.o
    0x0800a69c   0x0800a69c   0x0000001c   Code   RO         1753    i.RWLatitude1       asprotocol.o
    0x0800a6b8   0x0800a6b8   0x00000074   Code   RO         1754    i.RWLatitude2       asprotocol.o
    0x0800a72c   0x0800a72c   0x0000005c   Code   RO         2303    i.RWLatitude_HW5    hwprotocol.o
    0x0800a788   0x0800a788   0x0000001c   Code   RO         1755    i.RWLongitude1      asprotocol.o
    0x0800a7a4   0x0800a7a4   0x00000074   Code   RO         1756    i.RWLongitude2      asprotocol.o
    0x0800a818   0x0800a818   0x0000005c   Code   RO         2304    i.RWLongitude_HW4   hwprotocol.o
    0x0800a874   0x0800a874   0x00000034   Code   RO         1757    i.RWLowStopTime     asprotocol.o
    0x0800a8a8   0x0800a8a8   0x00000044   Code   RO         1758    i.RWLowWindSpeed    asprotocol.o
    0x0800a8ec   0x0800a8ec   0x00000038   Code   RO         1759    i.RWMotorOrientation  asprotocol.o
    0x0800a924   0x0800a924   0x00000008   Code   RO         2305    i.RWNum_HW3         hwprotocol.o
    0x0800a92c   0x0800a92c   0x0000001c   Code   RO         1760    i.RWPVModuleWidth1  asprotocol.o
    0x0800a948   0x0800a948   0x00000078   Code   RO         1761    i.RWPVModuleWidth2  asprotocol.o
    0x0800a9c0   0x0800a9c0   0x0000001c   Code   RO         1762    i.RWPostSpacing1    asprotocol.o
    0x0800a9dc   0x0800a9dc   0x00000094   Code   RO         1763    i.RWPostSpacing2    asprotocol.o
    0x0800aa70   0x0800aa70   0x00000030   Code   RO         1764    i.RWPowerMode       asprotocol.o
    0x0800aaa0   0x0800aaa0   0x0000001c   Code   RO         1765    i.RWProtectCurrent1  asprotocol.o
    0x0800aabc   0x0800aabc   0x00000060   Code   RO         1766    i.RWProtectCurrent2  asprotocol.o
    0x0800ab1c   0x0800ab1c   0x00000020   Code   RO         1767    i.RWRemoteWindSpeed  asprotocol.o
    0x0800ab3c   0x0800ab3c   0x00000020   Code   RO         2306    i.RWRemoteWindSpeed_HW7  hwprotocol.o
    0x0800ab5c   0x0800ab5c   0x0000001c   Code   RO         1768    i.RWTerrainSlope1   asprotocol.o
    0x0800ab78   0x0800ab78   0x00000060   Code   RO         1769    i.RWTerrainSlope2   asprotocol.o
    0x0800abd8   0x0800abd8   0x00000030   Code   RO         1770    i.RWTimeDay         asprotocol.o
    0x0800ac08   0x0800ac08   0x00000030   Code   RO         2307    i.RWTimeDay_HW12    hwprotocol.o
    0x0800ac38   0x0800ac38   0x00000030   Code   RO         1771    i.RWTimeHour        asprotocol.o
    0x0800ac68   0x0800ac68   0x00000030   Code   RO         2308    i.RWTimeHour_HW13   hwprotocol.o
    0x0800ac98   0x0800ac98   0x00000030   Code   RO         1772    i.RWTimeMinute      asprotocol.o
    0x0800acc8   0x0800acc8   0x00000030   Code   RO         2309    i.RWTimeMinute_HW14  hwprotocol.o
    0x0800acf8   0x0800acf8   0x00000030   Code   RO         1773    i.RWTimeMonth       asprotocol.o
    0x0800ad28   0x0800ad28   0x00000030   Code   RO         2310    i.RWTimeMonth_HW11  hwprotocol.o
    0x0800ad58   0x0800ad58   0x0000003c   Code   RO         1774    i.RWTimeSecond      asprotocol.o
    0x0800ad94   0x0800ad94   0x0000003c   Code   RO         2311    i.RWTimeSecond_HW15  hwprotocol.o
    0x0800add0   0x0800add0   0x00000030   Code   RO         1775    i.RWTimeYear        asprotocol.o
    0x0800ae00   0x0800ae00   0x00000030   Code   RO         2312    i.RWTimeYear_HW10   hwprotocol.o
    0x0800ae30   0x0800ae30   0x0000001c   Code   RO         1776    i.RWTimeZone1       asprotocol.o
    0x0800ae4c   0x0800ae4c   0x00000074   Code   RO         1777    i.RWTimeZone2       asprotocol.o
    0x0800aec0   0x0800aec0   0x00000034   Code   RO         1778    i.RWUpStartTime     asprotocol.o
    0x0800aef4   0x0800aef4   0x00000030   Code   RO         1779    i.RWUpWindSpeed     asprotocol.o
    0x0800af24   0x0800af24   0x0000001c   Code   RO         1780    i.RWWSoftLimitAngle1  asprotocol.o
    0x0800af40   0x0800af40   0x0000007c   Code   RO         1781    i.RWWSoftLimitAngle2  asprotocol.o
    0x0800afbc   0x0800afbc   0x0000003c   Code   RO         1782    i.RWWWindProtectionAngle  asprotocol.o
    0x0800aff8   0x0800aff8   0x00000020   Code   RO         1783    i.RWWorkMode1       asprotocol.o
    0x0800b018   0x0800b018   0x00000098   Code   RO         1784    i.RWWorkMode2       asprotocol.o
    0x0800b0b0   0x0800b0b0   0x000000cc   Code   RO         2313    i.RWWorkMode_HW6    hwprotocol.o
    0x0800b17c   0x0800b17c   0x00000010   Code   RO         1785    i.RWarningAndFault1  asprotocol.o
    0x0800b18c   0x0800b18c   0x00000010   Code   RO         2314    i.RWarningAndFault1_HW20  hwprotocol.o
    0x0800b19c   0x0800b19c   0x00000010   Code   RO         1786    i.RWarningAndFault2  asprotocol.o
    0x0800b1ac   0x0800b1ac   0x00000010   Code   RO         2315    i.RWarningAndFault2_HW21  hwprotocol.o
    0x0800b1bc   0x0800b1bc   0x00000038   Code   RO         2869    i.ReadConfigParaFromFlash  flashstoragehal.o
    0x0800b1f4   0x0800b1f4   0x00000074   Code   RO         2432    i.ReadRegister      anglesensorhal.o
    0x0800b268   0x0800b268   0x00000036   Code   RO         2870    i.ReadWorkModeFromFlash  flashstoragehal.o
    0x0800b29e   0x0800b29e   0x00000002   PAD
    0x0800b2a0   0x0800b2a0   0x000000b4   Code   RO         2433    i.SPI1Init          anglesensorhal.o
    0x0800b354   0x0800b354   0x00000018   Code   RO         4450    i.SPI_CalculateCRC  stm32f10x_spi.o
    0x0800b36c   0x0800b36c   0x00000018   Code   RO         4451    i.SPI_Cmd           stm32f10x_spi.o
    0x0800b384   0x0800b384   0x00000012   Code   RO         4459    i.SPI_I2S_GetFlagStatus  stm32f10x_spi.o
    0x0800b396   0x0800b396   0x0000003c   Code   RO         4464    i.SPI_Init          stm32f10x_spi.o
    0x0800b3d2   0x0800b3d2   0x00000002   PAD
    0x0800b3d4   0x0800b3d4   0x00000078   Code   RO         1473    i.Sampling          main.o
    0x0800b44c   0x0800b44c   0x00000038   Code   RO         2871    i.ScanLastWorkModeAddr  flashstoragehal.o
    0x0800b484   0x0800b484   0x00000008   Code   RO         5361    i.SetSysClock       system_stm32f10x.o
    0x0800b48c   0x0800b48c   0x000000e0   Code   RO         5362    i.SetSysClockTo72   system_stm32f10x.o
    0x0800b56c   0x0800b56c   0x000001c8   Code   RO         3005    i.SetTime           rtc.o
    0x0800b734   0x0800b734   0x00000060   Code   RO         5364    i.SystemInit        system_stm32f10x.o
    0x0800b794   0x0800b794   0x00000070   Code   RO         2663    i.TIM3Init          motorcontrol.o
    0x0800b804   0x0800b804   0x0000021c   Code   RO         2664    i.TIM3_IRQHandler   motorcontrol.o
    0x0800ba20   0x0800ba20   0x00000018   Code   RO         4606    i.TIM_ARRPreloadConfig  stm32f10x_tim.o
    0x0800ba38   0x0800ba38   0x00000006   Code   RO         4613    i.TIM_ClearITPendingBit  stm32f10x_tim.o
    0x0800ba3e   0x0800ba3e   0x00000018   Code   RO         4618    i.TIM_Cmd           stm32f10x_tim.o
    0x0800ba56   0x0800ba56   0x00000022   Code   RO         4639    i.TIM_GetITStatus   stm32f10x_tim.o
    0x0800ba78   0x0800ba78   0x00000012   Code   RO         4643    i.TIM_ITConfig      stm32f10x_tim.o
    0x0800ba8a   0x0800ba8a   0x00000004   Code   RO         4677    i.TIM_SetAutoreload  stm32f10x_tim.o
    0x0800ba8e   0x0800ba8e   0x00000004   Code   RO         4679    i.TIM_SetCompare1   stm32f10x_tim.o
    0x0800ba92   0x0800ba92   0x00000002   PAD
    0x0800ba94   0x0800ba94   0x000000a4   Code   RO         4689    i.TIM_TimeBaseInit  stm32f10x_tim.o
    0x0800bb38   0x0800bb38   0x00000014   Code   RO         3044    i.TMP75Init         tmpsensor.o
    0x0800bb4c   0x0800bb4c   0x00000030   Code   RO         3045    i.TMPSensorInit     tmpsensor.o
    0x0800bb7c   0x0800bb7c   0x00000024   Code   RO         2665    i.TimerStart        motorcontrol.o
    0x0800bba0   0x0800bba0   0x00000024   Code   RO         2666    i.TimerStop         motorcontrol.o
    0x0800bbc4   0x0800bbc4   0x0000016c   Code   RO         2803    i.UART4Init         modbusframehal.o
    0x0800bd30   0x0800bd30   0x000000c8   Code   RO         2804    i.UART4_IRQHandler  modbusframehal.o
    0x0800bdf8   0x0800bdf8   0x0000001e   Code   RO         5163    i.USART_ClearITPendingBit  stm32f10x_usart.o
    0x0800be16   0x0800be16   0x00000018   Code   RO         5166    i.USART_Cmd         stm32f10x_usart.o
    0x0800be2e   0x0800be2e   0x00000012   Code   RO         5167    i.USART_DMACmd      stm32f10x_usart.o
    0x0800be40   0x0800be40   0x00000054   Code   RO         5170    i.USART_GetITStatus  stm32f10x_usart.o
    0x0800be94   0x0800be94   0x0000004a   Code   RO         5172    i.USART_ITConfig    stm32f10x_usart.o
    0x0800bede   0x0800bede   0x00000002   PAD
    0x0800bee0   0x0800bee0   0x000000d8   Code   RO         5173    i.USART_Init        stm32f10x_usart.o
    0x0800bfb8   0x0800bfb8   0x000000d8   Code   RO         2101    i.WindCheck         workmodemanager.o
    0x0800c090   0x0800c090   0x00000020   Code   RO         2102    i.WorkModeInit      workmodemanager.o
    0x0800c0b0   0x0800c0b0   0x00000010   Code   RO         2103    i.WorkModeMg        workmodemanager.o
    0x0800c0c0   0x0800c0c0   0x00000030   Code   RO         1474    i.WorkmodeControl   main.o
    0x0800c0f0   0x0800c0f0   0x0000005c   Code   RO         2872    i.WriteConfigParaToFlash  flashstoragehal.o
    0x0800c14c   0x0800c14c   0x00000040   Code   RO         2873    i.WriteIAPFlagToFlash  flashstoragehal.o
    0x0800c18c   0x0800c18c   0x00000044   Code   RO         2874    i.WriteNewSystemToFlash  flashstoragehal.o
    0x0800c1d0   0x0800c1d0   0x00000070   Code   RO         2434    i.WriteRegister     anglesensorhal.o
    0x0800c240   0x0800c240   0x0000008c   Code   RO         2875    i.WriteWorkModeToFlash  flashstoragehal.o
    0x0800c2cc   0x0800c2cc   0x00000026   Code   RO         5548    i.__ARM_fpclassifyf  m_ws.l(fpclassifyf.o)
    0x0800c2f2   0x0800c2f2   0x00000006   Code   RO         5551    i.__mathlib_flt_infnan  m_ws.l(funder.o)
    0x0800c2f8   0x0800c2f8   0x00000004   Code   RO         5552    i.__mathlib_flt_infnan2  m_ws.l(funder.o)
    0x0800c2fc   0x0800c2fc   0x00000008   Code   RO         5553    i.__mathlib_flt_invalid  m_ws.l(funder.o)
    0x0800c304   0x0800c304   0x0000000a   Code   RO         5556    i.__mathlib_flt_underflow  m_ws.l(funder.o)
    0x0800c30e   0x0800c30e   0x00000002   PAD
    0x0800c310   0x0800c310   0x00000168   Code   RO         5564    i.__mathlib_rredf2  m_ws.l(rredf.o)
    0x0800c478   0x0800c478   0x0000011c   Code   RO         5477    i.acosf             m_ws.l(acosf.o)
    0x0800c594   0x0800c594   0x00000124   Code   RO         5485    i.asinf             m_ws.l(asinf.o)
    0x0800c6b8   0x0800c6b8   0x0000025c   Code   RO         5493    i.atan2f            m_ws.l(atan2f.o)
    0x0800c914   0x0800c914   0x0000017c   Code   RO         5501    i.cosf              m_ws.l(cosf.o)
    0x0800ca90   0x0800ca90   0x00000380   Code   RO         1475    i.main              main.o
    0x0800ce10   0x0800ce10   0x00000004   Code   RO         5508    i.rint              m_ws.l(rint.o)
    0x0800ce14   0x0800ce14   0x00000188   Code   RO         5511    i.sinf              m_ws.l(sinf.o)
    0x0800cf9c   0x0800cf9c   0x0000002c   Code   RO         5568    i.sqrtf             m_ws.l(sqrtf.o)
    0x0800cfc8   0x0800cfc8   0x00000174   Code   RO         5519    i.tanf              m_ws.l(tanf.o)
    0x0800d13c   0x0800d13c   0x00000062   Code   RO         5410    x$fpl$d2f           fz_ws.l(d2f.o)
    0x0800d19e   0x0800d19e   0x00000002   PAD
    0x0800d1a0   0x0800d1a0   0x00000150   Code   RO         5412    x$fpl$dadd          fz_ws.l(daddsub_clz.o)
    0x0800d2f0   0x0800d2f0   0x00000018   Code   RO         5529    x$fpl$dcmpinf       fz_ws.l(dcmpi.o)
    0x0800d308   0x0800d308   0x000002b0   Code   RO         5419    x$fpl$ddiv          fz_ws.l(ddiv.o)
    0x0800d5b8   0x0800d5b8   0x00000078   Code   RO         5422    x$fpl$deqf          fz_ws.l(deqf.o)
    0x0800d630   0x0800d630   0x0000005e   Code   RO         5424    x$fpl$dfix          fz_ws.l(dfix.o)
    0x0800d68e   0x0800d68e   0x00000002   PAD
    0x0800d690   0x0800d690   0x0000005a   Code   RO         5428    x$fpl$dfixu         fz_ws.l(dfixu.o)
    0x0800d6ea   0x0800d6ea   0x0000002e   Code   RO         5433    x$fpl$dflt          fz_ws.l(dflt_clz.o)
    0x0800d718   0x0800d718   0x00000026   Code   RO         5432    x$fpl$dfltu         fz_ws.l(dflt_clz.o)
    0x0800d73e   0x0800d73e   0x00000002   PAD
    0x0800d740   0x0800d740   0x00000078   Code   RO         5438    x$fpl$dleqf         fz_ws.l(dleqf.o)
    0x0800d7b8   0x0800d7b8   0x00000154   Code   RO         5440    x$fpl$dmul          fz_ws.l(dmul.o)
    0x0800d90c   0x0800d90c   0x0000009c   Code   RO         5531    x$fpl$dnaninf       fz_ws.l(dnaninf.o)
    0x0800d9a8   0x0800d9a8   0x0000000c   Code   RO         5533    x$fpl$dretinf       fz_ws.l(dretinf.o)
    0x0800d9b4   0x0800d9b4   0x0000006c   Code   RO         5442    x$fpl$drleqf        fz_ws.l(drleqf.o)
    0x0800da20   0x0800da20   0x000000b4   Code   RO         5535    x$fpl$drnd          fz_ws.l(drnd.o)
    0x0800dad4   0x0800dad4   0x00000016   Code   RO         5413    x$fpl$drsb          fz_ws.l(daddsub_clz.o)
    0x0800daea   0x0800daea   0x00000002   PAD
    0x0800daec   0x0800daec   0x000001d4   Code   RO         5414    x$fpl$dsub          fz_ws.l(daddsub_clz.o)
    0x0800dcc0   0x0800dcc0   0x00000056   Code   RO         5444    x$fpl$f2d           fz_ws.l(f2d.o)
    0x0800dd16   0x0800dd16   0x00000002   PAD
    0x0800dd18   0x0800dd18   0x000000c4   Code   RO         5446    x$fpl$fadd          fz_ws.l(faddsub_clz.o)
    0x0800dddc   0x0800dddc   0x0000000c   Code   RO         5595    x$fpl$fcheck1       fz_ws.l(fcheck1.o)
    0x0800dde8   0x0800dde8   0x00000018   Code   RO         5537    x$fpl$fcmpinf       fz_ws.l(fcmpi.o)
    0x0800de00   0x0800de00   0x00000184   Code   RO         5453    x$fpl$fdiv          fz_ws.l(fdiv.o)
    0x0800df84   0x0800df84   0x00000036   Code   RO         5456    x$fpl$ffix          fz_ws.l(ffix.o)
    0x0800dfba   0x0800dfba   0x00000002   PAD
    0x0800dfbc   0x0800dfbc   0x0000003e   Code   RO         5460    x$fpl$ffixu         fz_ws.l(ffixu.o)
    0x0800dffa   0x0800dffa   0x00000002   PAD
    0x0800dffc   0x0800dffc   0x00000030   Code   RO         5465    x$fpl$fflt          fz_ws.l(fflt_clz.o)
    0x0800e02c   0x0800e02c   0x00000026   Code   RO         5464    x$fpl$ffltu         fz_ws.l(fflt_clz.o)
    0x0800e052   0x0800e052   0x00000002   PAD
    0x0800e054   0x0800e054   0x00000068   Code   RO         5470    x$fpl$fleqf         fz_ws.l(fleqf.o)
    0x0800e0bc   0x0800e0bc   0x00000102   Code   RO         5472    x$fpl$fmul          fz_ws.l(fmul.o)
    0x0800e1be   0x0800e1be   0x0000008c   Code   RO         5539    x$fpl$fnaninf       fz_ws.l(fnaninf.o)
    0x0800e24a   0x0800e24a   0x0000000a   Code   RO         5541    x$fpl$fretinf       fz_ws.l(fretinf.o)
    0x0800e254   0x0800e254   0x00000062   Code   RO         5474    x$fpl$frleqf        fz_ws.l(frleqf.o)
    0x0800e2b6   0x0800e2b6   0x00000002   PAD
    0x0800e2b8   0x0800e2b8   0x00000060   Code   RO         5543    x$fpl$frnd          fz_ws.l(frnd.o)
    0x0800e318   0x0800e318   0x00000014   Code   RO         5447    x$fpl$frsb          fz_ws.l(faddsub_clz.o)
    0x0800e32c   0x0800e32c   0x00000110   Code   RO         5597    x$fpl$fsqrt         fz_ws.l(fsqrt.o)
    0x0800e43c   0x0800e43c   0x000000ea   Code   RO         5448    x$fpl$fsub          fz_ws.l(faddsub_clz.o)
    0x0800e526   0x0800e526   0x00000064   Code   RO         5612    x$fpl$retnan        fz_ws.l(retnan.o)
    0x0800e58a   0x0800e58a   0x0000004c   Code   RO         5545    x$fpl$scalbnf       fz_ws.l(scalbnf.o)
    0x0800e5d6   0x0800e5d6   0x00000030   Code   RO         5661    x$fpl$trapveneer    fz_ws.l(trapv.o)
    0x0800e606   0x0800e606   0x00000000   Code   RO         5547    x$fpl$usenofp       fz_ws.l(usenofp.o)
    0x0800e606   0x0800e606   0x00000002   PAD
    0x0800e608   0x0800e608   0x00000094   Data   RO            3    .constdata          os_cfg_app.o
    0x0800e69c   0x0800e69c   0x00000020   Data   RO         5565    .constdata          m_ws.l(rredf.o)
    0x0800e6bc   0x0800e6bc   0x00000020   Data   RO         5740    Region$$Table       anon$$obj.o


    Execution Region RW_IRAM1 (Exec base: 0x20000000, Load base: 0x0800e6dc, Size: 0x00005580, Max: 0x00010000, ABSOLUTE, COMPRESSED[0x00000020])

    Exec Addr    Load Addr    Size         Type   Attr      Idx    E Section Name        Object

    0x20000000   COMPRESSED   0x00000004   Data   RW          399    .data               os_prio.o
    0x20000004   COMPRESSED   0x00000060   Data   RW          701    .data               os_var.o
    0x20000064   COMPRESSED   0x00000004   Data   RW          729    .data               os_cpu_c.o
    0x20000068   COMPRESSED   0x0000001c   Data   RW          829    .data               cpu_core.o
    0x20000084   COMPRESSED   0x0000000c   Data   RW         1477    .data               main.o
    0x20000090   COMPRESSED   0x00000008   Data   RW         2068    .data               protocolanalysis.o
    0x20000098   COMPRESSED   0x00000017   Data   RW         2104    .data               workmodemanager.o
    0x200000af   COMPRESSED   0x00000001   PAD
    0x200000b0   COMPRESSED   0x0000000e   Data   RW         2187    .data               powermanagement.o
    0x200000be   COMPRESSED   0x00000002   PAD
    0x200000c0   COMPRESSED   0x00000013   Data   RW         2264    .data               motorprotection.o
    0x200000d3   COMPRESSED   0x00000001   PAD
    0x200000d4   COMPRESSED   0x00000002   Data   RW         2317    .data               hwprotocol.o
    0x200000d6   COMPRESSED   0x00000002   PAD
    0x200000d8   COMPRESSED   0x0000003c   Data   RW         2435    .data               anglesensorhal.o
    0x20000114   COMPRESSED   0x00000006   Data   RW         2668    .data               motorcontrol.o
    0x2000011a   COMPRESSED   0x00000001   Data   RW         2757    .data               ledhal.o
    0x2000011b   COMPRESSED   0x00000001   PAD
    0x2000011c   COMPRESSED   0x00000008   Data   RW         2806    .data               modbusframehal.o
    0x20000124   COMPRESSED   0x00000018   Data   RW         2942    .data               adcsample.o
    0x2000013c   COMPRESSED   0x00000014   Data   RW         4266    .data               stm32f10x_rcc.o
    0x20000150        -       0x00000600   Zero   RW            2    .bss                os_cfg_app.o
    0x20000750        -       0x00000260   Zero   RW          700    .bss                os_var.o
    0x200009b0        -       0x00003da8   Zero   RW         1476    .bss                main.o
    0x20004758        -       0x000001c8   Zero   RW         1787    .bss                asprotocol.o
    0x20004920        -       0x00000064   Zero   RW         2316    .bss                hwprotocol.o
    0x20004984        -       0x00000028   Zero   RW         2557    .bss                batterypower.o
    0x200049ac        -       0x0000001c   Zero   RW         2667    .bss                motorcontrol.o
    0x200049c8        -       0x000004c8   Zero   RW         2805    .bss                modbusframehal.o
    0x20004e90        -       0x00000078   Zero   RW         2941    .bss                adcsample.o
    0x20004f08        -       0x00000018   Zero   RW         3046    .bss                tmpsensor.o
    0x20004f20        -       0x00000060   Zero   RW         5600    .bss                c_w.l(libspace.o)
    0x20004f80        -       0x00000200   Zero   RW         5352    HEAP                startup_stm32f10x_hd.o
    0x20005180        -       0x00000400   Zero   RW         5351    STACK               startup_stm32f10x_hd.o


==============================================================================

Image component sizes


      Code (inc. data)   RO Data    RW Data    ZI Data      Debug   Object Name

      1024        156          0         24        120       5051   adcsample.o
      1848        140          0         60          0       5817   anglesensorhal.o
      3900        696          0          0        456      35293   asprotocol.o
      5976        474          0          0          0       4671   astronomicalalgorithms.o
        94          0          0          0          0       1437   backupregister.o
      1512        216          0          0         40       9454   batterypower.o
        52          0          0          0          0        296   cpu_a.o
       264         54          0         28          0       5751   cpu_core.o
       602         46          0          0          0       5966   flashstoragehal.o
       132         12          0          0          0       1015   hardwareversion.o
      1168        212          0          2        100      12026   hwprotocol.o
       970          0          0          0          0       7640   iicbsp.o
       340         38          0          0          0       2221   init.o
       132         22          0          1          0       1774   ledhal.o
      2952        424          0         12      15784     322376   main.o
       132         22          0          0          0       1691   misc.o
      1110         80          0          8       1224       6455   modbusframehal.o
      1304        164          0          6         28       8304   motorcontrol.o
      1276         86          0         19          0       2802   motorprotection.o
         2          0        148          0       1536      28581   os_cfg_app.o
      1852        264          0          0          0      28017   os_core.o
       152         32          0          0          0        356   os_cpu_a.o
       604         62          0          4          0       6344   os_cpu_c.o
      1738         52          0          0          0       6861   os_flag.o
       136         16          0          4          0       2642   os_prio.o
        16          6          0          0          0        797   os_sem.o
      1890         90          0          0          0       7271   os_task.o
      1006         92          0          0          0       5343   os_tick.o
       220         18          0          0          0       1545   os_time.o
         0          0          0         96        608      15530   os_var.o
      1404        110          0         14          0       3481   powermanagement.o
      1092         20          0          8          0       2759   protocolanalysis.o
        96         18          0          0          0       1327   pvpower.o
       978         12          0          0          0       2878   rtc.o
        64         26        304          0       1536        836   startup_stm32f10x_hd.o
       376         10          0          0          0       7737   stm32f10x_adc.o
       100         28          0          0          0       3933   stm32f10x_bkp.o
       174         18          0          0          0       4746   stm32f10x_dma.o
       446         46          0          0          0       6974   stm32f10x_flash.o
       448          6          0          0          0       4746   stm32f10x_gpio.o
        68         30          0          0          0       2642   stm32f10x_iwdg.o
        12          6          0          0          0        546   stm32f10x_pwr.o
       404         54          0         20          0       7030   stm32f10x_rcc.o
       126          0          0          0          0       3524   stm32f10x_spi.o
       278         42          0          0          0       5547   stm32f10x_tim.o
       446          6          0          0          0       5963   stm32f10x_usart.o
       328         30          0          0          0       2005   system_stm32f10x.o
       148         18          0          0         24       1665   tmpsensor.o
      2468        320          0         23          0       9049   workmodemanager.o

    ----------------------------------------------------------------------
     41896       4274        484        336      21456     620715   Object Totals
         0          0         32          0          0          0   (incl. Generated)
        36          0          0          7          0          0   (incl. Padding)

    ----------------------------------------------------------------------

      Code (inc. data)   RO Data    RW Data    ZI Data      Debug   Library Member Name

        90          0          0          0          0          0   __dczerorl2.o
         8          0          0          0          0         68   __main.o
         0          0          0          0          0          0   __rtentry.o
        12          0          0          0          0          0   __rtentry2.o
         6          0          0          0          0          0   __rtentry4.o
        52          8          0          0          0          0   __scatter.o
        28          0          0          0          0          0   __scatter_zi.o
        22          0          0          0          0        100   _rserrno.o
        18          0          0          0          0         80   exit.o
         6          0          0          0          0        152   heapauxi.o
         0          0          0          0          0          0   indicate_semi.o
         2          0          0          0          0          0   libinit.o
         2          0          0          0          0          0   libinit2.o
         2          0          0          0          0          0   libshutdown.o
         2          0          0          0          0          0   libshutdown2.o
         8          4          0          0         96         68   libspace.o
         8          4          0          0          0         68   rt_errno_addr_intlibspace.o
         2          0          0          0          0          0   rtexit.o
        10          0          0          0          0          0   rtexit2.o
        12          4          0          0          0         68   sys_exit.o
        74          0          0          0          0         80   sys_stackheap_outer.o
         2          0          0          0          0         68   use_no_semi.o
        98          4          0          0          0         92   d2f.o
       826         16          0          0          0        348   daddsub_clz.o
        24          0          0          0          0         68   dcmpi.o
       688        140          0          0          0        208   ddiv.o
       120          4          0          0          0         92   deqf.o
        94          4          0          0          0         92   dfix.o
        90          4          0          0          0         92   dfixu.o
        84          0          0          0          0        136   dflt_clz.o
       120          4          0          0          0         92   dleqf.o
       340         12          0          0          0        104   dmul.o
       156          4          0          0          0         92   dnaninf.o
        12          0          0          0          0         68   dretinf.o
       108          0          0          0          0         80   drleqf.o
       180          4          0          0          0         80   drnd.o
        86          4          0          0          0         84   f2d.o
       450          8          0          0          0        236   faddsub_clz.o
        12          4          0          0          0         68   fcheck1.o
        24          0          0          0          0         68   fcmpi.o
       388         76          0          0          0         96   fdiv.o
        54          4          0          0          0         84   ffix.o
        62          4          0          0          0         84   ffixu.o
        86          0          0          0          0        136   fflt_clz.o
       104          4          0          0          0         84   fleqf.o
       258          4          0          0          0         84   fmul.o
       140          4          0          0          0         84   fnaninf.o
        10          0          0          0          0         68   fretinf.o
        98          0          0          0          0         68   frleqf.o
        96          4          0          0          0         76   frnd.o
       272        100          0          0          0         88   fsqrt.o
       100          0          0          0          0         68   retnan.o
        76          0          0          0          0         68   scalbnf.o
        48          0          0          0          0         68   trapv.o
         0          0          0          0          0          0   usenofp.o
       284         42          0          0          0        120   acosf.o
       292         38          0          0          0        120   asinf.o
       604         76          0          0          0        116   atan2f.o
       380         52          0          0          0        124   cosf.o
        38          0          0          0          0         68   fpclassifyf.o
        28          0          0          0          0        272   funder.o
         4          0          0          0          0         68   rint.o
       360         16         32          0          0         88   rredf.o
       392         54          0          0          0        124   sinf.o
        44          0          0          0          0         80   sqrtf.o
       372         58          0          0          0        124   tanf.o

    ----------------------------------------------------------------------
      8496        768         32          0         96       5312   Library Totals
        28          0          0          0          0          0   (incl. Padding)

    ----------------------------------------------------------------------

      Code (inc. data)   RO Data    RW Data    ZI Data      Debug   Library Name

       366         20          0          0         96        752   c_w.l
      5304        412          0          0          0       3256   fz_ws.l
      2798        336         32          0          0       1304   m_ws.l

    ----------------------------------------------------------------------
      8496        768         32          0         96       5312   Library Totals

    ----------------------------------------------------------------------

==============================================================================


      Code (inc. data)   RO Data    RW Data    ZI Data      Debug   

     50392       5042        516        336      21552     604651   Grand Totals
     50392       5042        516         32      21552     604651   ELF Image Totals (compressed)
     50392       5042        516         32          0          0   ROM Totals

==============================================================================

    Total RO  Size (Code + RO Data)                50908 (  49.71kB)
    Total RW  Size (RW Data + ZI Data)             21888 (  21.38kB)
    Total ROM Size (Code + RO Data + RW Data)      50940 (  49.75kB)

==============================================================================

